Archive member included to satisfy reference by file (symbol)

C:\Users\Pato\Documents\LPCXpresso_8.2.2_650\workspace2\CMSISv2p00_LPC17xx\Debug\libCMSISv2p00_LPC17xx.a(system_LPC17xx.o)
                              ./src/cr_startup_lpc175x_6x.o (SystemInit)
C:\Users\Pato\Documents\LPCXpresso_8.2.2_650\workspace2\CMSISv2p00_LPC17xx\Debug\libCMSISv2p00_LPC17xx.a(lpc17xx_adc.o)
                              ./src/RoboticArmUARTControl.o (ADC_Init)
C:\Users\Pato\Documents\LPCXpresso_8.2.2_650\workspace2\CMSISv2p00_LPC17xx\Debug\libCMSISv2p00_LPC17xx.a(lpc17xx_clkpwr.o)
                              C:\Users\Pato\Documents\LPCXpresso_8.2.2_650\workspace2\CMSISv2p00_LPC17xx\Debug\libCMSISv2p00_LPC17xx.a(lpc17xx_adc.o) (CLKPWR_GetPCLK)
C:\Users\Pato\Documents\LPCXpresso_8.2.2_650\workspace2\CMSISv2p00_LPC17xx\Debug\libCMSISv2p00_LPC17xx.a(lpc17xx_gpio.o)
                              ./inc/stepper_motors.o (GPIO_SetDir)
C:\Users\Pato\Documents\LPCXpresso_8.2.2_650\workspace2\CMSISv2p00_LPC17xx\Debug\libCMSISv2p00_LPC17xx.a(lpc17xx_libcfg_default.o)
                              C:\Users\Pato\Documents\LPCXpresso_8.2.2_650\workspace2\CMSISv2p00_LPC17xx\Debug\libCMSISv2p00_LPC17xx.a(lpc17xx_adc.o) (check_failed)
C:\Users\Pato\Documents\LPCXpresso_8.2.2_650\workspace2\CMSISv2p00_LPC17xx\Debug\libCMSISv2p00_LPC17xx.a(lpc17xx_pinsel.o)
                              ./src/RoboticArmUARTControl.o (PINSEL_ConfigPin)
C:\Users\Pato\Documents\LPCXpresso_8.2.2_650\workspace2\CMSISv2p00_LPC17xx\Debug\libCMSISv2p00_LPC17xx.a(lpc17xx_pwm.o)
                              ./inc/servo_motors.o (PWM_Init)
C:\Users\Pato\Documents\LPCXpresso_8.2.2_650\workspace2\CMSISv2p00_LPC17xx\Debug\libCMSISv2p00_LPC17xx.a(lpc17xx_systick.o)
                              ./src/RoboticArmUARTControl.o (SYSTICK_IntCmd)
C:\Users\Pato\Documents\LPCXpresso_8.2.2_650\workspace2\CMSISv2p00_LPC17xx\Debug\libCMSISv2p00_LPC17xx.a(lpc17xx_timer.o)
                              ./src/RoboticArmUARTControl.o (TIM_GetIntStatus)
C:\Users\Pato\Documents\LPCXpresso_8.2.2_650\workspace2\CMSISv2p00_LPC17xx\Debug\libCMSISv2p00_LPC17xx.a(lpc17xx_uart.o)
                              ./src/RoboticArmUARTControl.o (UART_Init)
c:/nxp/lpcxpresso_8.2.2_650/lpcxpresso/tools/bin/../lib/gcc/arm-none-eabi/5.4.1/../../../../arm-none-eabi/lib/armv7-m\libcr_c.a(__weak__main.o)
                              ./src/cr_startup_lpc175x_6x.o (__main)
c:/nxp/lpcxpresso_8.2.2_650/lpcxpresso/tools/bin/../lib/gcc/arm-none-eabi/5.4.1/armv7-m\libcr_eabihelpers.a(division_64.o)
                              C:\Users\Pato\Documents\LPCXpresso_8.2.2_650\workspace2\CMSISv2p00_LPC17xx\Debug\libCMSISv2p00_LPC17xx.a(system_LPC17xx.o) (__aeabi_uldivmod)
c:/nxp/lpcxpresso_8.2.2_650/lpcxpresso/tools/bin/../lib/gcc/arm-none-eabi/5.4.1/armv7-m\libcr_eabihelpers.a(division_idiv0.o)
                              c:/nxp/lpcxpresso_8.2.2_650/lpcxpresso/tools/bin/../lib/gcc/arm-none-eabi/5.4.1/armv7-m\libcr_eabihelpers.a(division_64.o) (__aeabi_idiv0)
c:/nxp/lpcxpresso_8.2.2_650/lpcxpresso/tools/bin/../lib/gcc/arm-none-eabi/5.4.1/armv7-m\libcr_eabihelpers.a(float.o)
                              C:\Users\Pato\Documents\LPCXpresso_8.2.2_650\workspace2\CMSISv2p00_LPC17xx\Debug\libCMSISv2p00_LPC17xx.a(lpc17xx_systick.o) (__aeabi_ui2f)

Discarded input sections

 .group         0x00000000        0x8 ./src/RoboticArmUARTControl.o
 .group         0x00000000        0x8 ./src/RoboticArmUARTControl.o
 .group         0x00000000        0x8 ./src/RoboticArmUARTControl.o
 .group         0x00000000        0x8 ./src/RoboticArmUARTControl.o
 .group         0x00000000        0x8 ./src/RoboticArmUARTControl.o
 .group         0x00000000        0x8 ./src/RoboticArmUARTControl.o
 .group         0x00000000        0x8 ./src/RoboticArmUARTControl.o
 .group         0x00000000        0x8 ./src/RoboticArmUARTControl.o
 .group         0x00000000        0x8 ./src/RoboticArmUARTControl.o
 .group         0x00000000        0x8 ./src/RoboticArmUARTControl.o
 .group         0x00000000        0x8 ./src/RoboticArmUARTControl.o
 .group         0x00000000        0x8 ./src/RoboticArmUARTControl.o
 .group         0x00000000        0x8 ./src/RoboticArmUARTControl.o
 .group         0x00000000        0x8 ./src/RoboticArmUARTControl.o
 .group         0x00000000        0x8 ./src/RoboticArmUARTControl.o
 .group         0x00000000        0x8 ./src/RoboticArmUARTControl.o
 .group         0x00000000        0x8 ./src/RoboticArmUARTControl.o
 .group         0x00000000        0x8 ./src/RoboticArmUARTControl.o
 .text          0x00000000        0x0 ./src/RoboticArmUARTControl.o
 .data          0x00000000        0x0 ./src/RoboticArmUARTControl.o
 .bss           0x00000000        0x0 ./src/RoboticArmUARTControl.o
 .text.pote_stop
                0x00000000       0x1c ./src/RoboticArmUARTControl.o
 .group         0x00000000        0x8 ./src/cr_startup_lpc175x_6x.o
 .text          0x00000000        0x0 ./src/cr_startup_lpc175x_6x.o
[...]
Memory Configuration

Name             Origin             Length             Attributes
MFlash512        0x00000000         0x00080000         xr
RamLoc32         0x10000000         0x00008000         xrw
RamAHB32         0x2007c000         0x00008000         xrw
*default*        0x00000000         0xffffffff

Linker script and memory map

LOAD ./src/RoboticArmUARTControl.o
LOAD ./src/cr_startup_lpc175x_6x.o
LOAD ./src/crp.o
LOAD ./inc/servo_motors.o
LOAD ./inc/stepper_motors.o
LOAD C:\Users\Pato\Documents\LPCXpresso_8.2.2_650\workspace2\CMSISv2p00_LPC17xx\Debug\libCMSISv2p00_LPC17xx.a
START GROUP
LOAD c:/nxp/lpcxpresso_8.2.2_650/lpcxpresso/tools/bin/../lib/gcc/arm-none-eabi/5.4.1/../../../../arm-none-eabi/lib/armv7-m\libcr_c.a
LOAD c:/nxp/lpcxpresso_8.2.2_650/lpcxpresso/tools/bin/../lib/gcc/arm-none-eabi/5.4.1/armv7-m\libcr_eabihelpers.a
END GROUP
                0x00000000                __base_MFlash512 = 0x0
                0x00000000                __base_Flash = 0x0
                0x00080000                __top_MFlash512 = 0x80000
                0x00080000                __top_Flash = 0x80000
                0x10000000                __base_RamLoc32 = 0x10000000
                0x10000000                __base_RAM = 0x10000000
                0x10008000                __top_RamLoc32 = 0x10008000
                0x10008000                __top_RAM = 0x10008000
                0x2007c000                __base_RamAHB32 = 0x2007c000
                0x2007c000                __base_RAM2 = 0x2007c000
                0x20084000                __top_RamAHB32 = 0x20084000
                0x20084000                __top_RAM2 = 0x20084000

.text           0x00000000     0x3084
 FILL mask 0xff
                0x00000000                __vectors_start__ = ABSOLUTE (.)
 *(.isr_vector)
 .isr_vector    0x00000000       0xcc ./src/cr_startup_lpc175x_6x.o
                0x00000000                g_pfnVectors
                0x000000cc                . = ALIGN (0x4)
                0x000000cc                __section_table_start = .
                0x000000cc                __data_section_table = .
                0x000000cc        0x4 LONG 0x3084 LOADADDR (.data)
                0x000000d0        0x4 LONG 0x10000000 ADDR (.data)
                0x000000d4        0x4 LONG 0x8 SIZEOF (.data)
                0x000000d8        0x4 LONG 0x3084 LOADADDR (.data_RAM2)
                0x000000dc        0x4 LONG 0x2007c000 ADDR (.data_RAM2)
                0x000000e0        0x4 LONG 0x0 SIZEOF (.data_RAM2)
                0x000000e4                __data_section_table_end = .
                0x000000e4                __bss_section_table = .
                0x000000e4        0x4 LONG 0x10000008 ADDR (.bss)
                0x000000e8        0x4 LONG 0x1ff0 SIZEOF (.bss)
                0x000000ec        0x4 LONG 0x2007c000 ADDR (.bss_RAM2)
                0x000000f0        0x4 LONG 0x0 SIZEOF (.bss_RAM2)
                0x000000f4                __bss_section_table_end = .
                0x000000f4                __section_table_end = .
 *(.after_vectors*)
 .after_vectors
                0x000000f4      0x144 ./src/cr_startup_lpc175x_6x.o
                0x000000f4                data_init
                0x00000138                bss_init
                0x00000170                ResetISR
                0x000001e8                NMI_Handler
                0x000001f0                HardFault_Handler
                0x000001f8                MemManage_Handler
                0x00000200                BusFault_Handler
                0x00000208                UsageFault_Handler
                0x00000210                SVC_Handler
                0x00000218                DebugMon_Handler
                0x00000220                PendSV_Handler
                0x00000230                UART1_IRQHandler
                0x00000230                EINT3_IRQHandler
                0x00000230                CANActivity_IRQHandler
                0x00000230                TIMER3_IRQHandler
                0x00000230                USBActivity_IRQHandler
                0x00000230                EINT2_IRQHandler
                0x00000230                IntDefaultHandler
                0x00000230                PLL0_IRQHandler
                0x00000230                I2C0_IRQHandler
                0x00000230                PLL1_IRQHandler
                0x00000230                I2C1_IRQHandler
                0x00000230                I2S_IRQHandler
                0x00000230                I2C2_IRQHandler
                0x00000230                RTC_IRQHandler
                0x00000230                SPI_IRQHandler
                0x00000230                RIT_IRQHandler
                0x00000230                EINT1_IRQHandler
                0x00000230                UART2_IRQHandler
                0x00000230                SSP1_IRQHandler
                0x00000230                USB_IRQHandler
                0x00000230                BOD_IRQHandler
                0x00000230                PWM1_IRQHandler
                0x00000230                WDT_IRQHandler
                0x00000230                SSP0_IRQHandler
                0x00000230                QEI_IRQHandler
                0x00000230                EINT0_IRQHandler
                0x00000230                CAN_IRQHandler
                0x00000230                DMA_IRQHandler
                0x00000230                TIMER2_IRQHandler
                0x00000230                UART3_IRQHandler
                0x00000230                MCPWM_IRQHandler
                0x00000230                ENET_IRQHandler
 *(.text*)
 .text.NVIC_EnableIRQ
                0x00000238       0x30 ./src/RoboticArmUARTControl.o
 .text.NVIC_SetPriority
                0x00000268       0x54 ./src/RoboticArmUARTControl.o
 .text.SysTick_Config
                0x000002bc       0x44 ./src/RoboticArmUARTControl.o
 .text.main     0x00000300      0x44c ./src/RoboticArmUARTControl.o
                0x00000300                main
 .text.limpiar_perifericos
                0x0000074c       0x2c ./src/RoboticArmUARTControl.o
                0x0000074c                limpiar_perifericos
 .text.confUart
                0x00000778       0x9c ./src/RoboticArmUARTControl.o
                0x00000778                confUart
 .text.confSteppers
                0x00000814      0x18c ./src/RoboticArmUARTControl.o
                0x00000814                confSteppers
 .text.confServo
                0x000009a0       0x4c ./src/RoboticArmUARTControl.o
                0x000009a0                confServo
 .text.inicializarTimerDeGrabacion
                0x000009ec       0x8c ./src/RoboticArmUARTControl.o
                0x000009ec                inicializarTimerDeGrabacion
 .text.cmdMatch0InterruptTimGrabacion
                0x00000a78       0x40 ./src/RoboticArmUARTControl.o
                0x00000a78                cmdMatch0InterruptTimGrabacion
 .text.leerYResetearTimer
                0x00000ab8       0x20 ./src/RoboticArmUARTControl.o
                0x00000ab8                leerYResetearTimer
 .text.states   0x00000ad8       0x3c ./src/RoboticArmUARTControl.o
                0x00000ad8                states
 .text.getEstado
                0x00000b14       0x14 ./src/RoboticArmUARTControl.o
                0x00000b14                getEstado
 .text.setEstado
                0x00000b28       0x1c ./src/RoboticArmUARTControl.o
                0x00000b28                setEstado
 .text.banderaEnEstadoEjecucion
                0x00000b44       0x38 ./src/RoboticArmUARTControl.o
                0x00000b44                banderaEnEstadoEjecucion
 .text.getBanderaEnEstadoEjecucion
                0x00000b7c       0x14 ./src/RoboticArmUARTControl.o
                0x00000b7c                getBanderaEnEstadoEjecucion
 .text.setBanderaEnEstadoEjecucion
                0x00000b90       0x1c ./src/RoboticArmUARTControl.o
                0x00000b90                setBanderaEnEstadoEjecucion
 .text.garraCmd
                0x00000bac       0x64 ./src/RoboticArmUARTControl.o
                0x00000bac                garraCmd
 .text.ejecutarUARTCmd
                0x00000c10      0x144 ./src/RoboticArmUARTControl.o
                0x00000c10                ejecutarUARTCmd
 .text.detenerMovimientos
                0x00000d54       0x30 ./src/RoboticArmUARTControl.o
                0x00000d54                detenerMovimientos
 .text.posicion
                0x00000d84       0x54 ./src/RoboticArmUARTControl.o
                0x00000d84                posicion
 .text.getPosSteppers
                0x00000dd8       0x3c ./src/RoboticArmUARTControl.o
                0x00000dd8                getPosSteppers
 .text.regStampUpdate
                0x00000e14      0x100 ./src/RoboticArmUARTControl.o
                0x00000e14                regStampUpdate
 .text.pote_setup
                0x00000f14       0x40 ./src/RoboticArmUARTControl.o
                0x00000f14                pote_setup
 .text.conf_adcpin
                0x00000f54       0xcc ./src/RoboticArmUARTControl.o
                0x00000f54                conf_adcpin
 .text.pote_start
                0x00001020       0x24 ./src/RoboticArmUARTControl.o
                0x00001020                pote_start
 .text.adc_to_porcentaje
                0x00001044       0x44 ./src/RoboticArmUARTControl.o
                0x00001044                adc_to_porcentaje
 .text.porcentaje_to_value
                0x00001088       0x40 ./src/RoboticArmUARTControl.o
                0x00001088                porcentaje_to_value
 .text.TIMER0_IRQHandler
                0x000010c8       0x58 ./src/RoboticArmUARTControl.o
                0x000010c8                TIMER0_IRQHandler
 .text.TIMER1_IRQHandler
                0x00001120       0x2c ./src/RoboticArmUARTControl.o
                0x00001120                TIMER1_IRQHandler
 .text.SysTick_Handler
                0x0000114c       0x70 ./src/RoboticArmUARTControl.o
                0x0000114c                SysTick_Handler
 .text.UART0_IRQHandler
                0x000011bc      0x114 ./src/RoboticArmUARTControl.o
                0x000011bc                UART0_IRQHandler
 .text.ADC_IRQHandler
                0x000012d0       0x64 ./src/RoboticArmUARTControl.o
                0x000012d0                ADC_IRQHandler
 .text.PWM_pin_config
                0x00001334       0x44 ./inc/servo_motors.o
                0x00001334                PWM_pin_config
 .text.PWM_timer_config
                0x00001378       0x2c ./inc/servo_motors.o
                0x00001378                PWM_timer_config
 .text.PWM_config_M0
                0x000013a4       0x3c ./inc/servo_motors.o
                0x000013a4                PWM_config_M0
 .text.PWM_config_Mx
                0x000013e0       0x64 ./inc/servo_motors.o
                0x000013e0                PWM_config_Mx
 .text.PWM_start
                0x00001444       0x24 ./inc/servo_motors.o
                0x00001444                PWM_start
 .text.servo_init
                0x00001468       0x44 ./inc/servo_motors.o
                0x00001468                servo_init
 .text.servo_pin_start
                0x000014ac       0x24 ./inc/servo_motors.o
                0x000014ac                servo_pin_start
 .text.servo_update_duty_cycle
                0x000014d0       0x24 ./inc/servo_motors.o
                0x000014d0                servo_update_duty_cycle
 .text.get_servo_motor
                0x000014f4       0x24 ./inc/servo_motors.o
                0x000014f4                get_servo_motor
 .text.put_servo_motor
                0x00001518       0x18 ./inc/servo_motors.o
                0x00001518                put_servo_motor
 .text.servo_motors
                0x00001530       0x48 ./inc/servo_motors.o
                0x00001530                servo_motors
 .text.NVIC_EnableIRQ
                0x00001578       0x30 ./inc/stepper_motors.o
 .text.motor_config
                0x000015a8      0x180 ./inc/stepper_motors.o
                0x000015a8                motor_config
 .text.motor_timer_init
                0x00001728       0x3c ./inc/stepper_motors.o
                0x00001728                motor_timer_init
 .text.start_motor_timer
                0x00001764       0x1c ./inc/stepper_motors.o
                0x00001764                start_motor_timer
 .text.micro_stepping_cfg
                0x00001780       0xc0 ./inc/stepper_motors.o
                0x00001780                micro_stepping_cfg
 .text.stop_steps
                0x00001840       0x38 ./inc/stepper_motors.o
                0x00001840                stop_steps
 .text.start_steps
                0x00001878       0x80 ./inc/stepper_motors.o
                0x00001878                start_steps
 .text.get_motor
                0x000018f8       0x24 ./inc/stepper_motors.o
                0x000018f8                get_motor
 .text.put_motor
                0x0000191c       0x18 ./inc/stepper_motors.o
                0x0000191c                put_motor
 .text.motors   0x00001934       0x4c ./inc/stepper_motors.o
                0x00001934                motors
 .text.set_step_flag
                0x00001980       0x20 ./inc/stepper_motors.o
                0x00001980                set_step_flag
 .text.clear_step_flag
                0x000019a0       0x20 ./inc/stepper_motors.o
                0x000019a0                clear_step_flag
 .text.get_motor_flag
                0x000019c0       0x20 ./inc/stepper_motors.o
                0x000019c0                get_motor_flag
 .text.motor_flags
                0x000019e0       0x44 ./inc/stepper_motors.o
                0x000019e0                motor_flags
 .text.do_step  0x00001a24       0x44 ./inc/stepper_motors.o
                0x00001a24                do_step
 .text.config_timer_useg
                0x00001a68       0x34 ./inc/stepper_motors.o
                0x00001a68                config_timer_useg
 .text.config_match
                0x00001a9c       0x38 ./inc/stepper_motors.o
                0x00001a9c                config_match
 .text.get_IRQn
                0x00001ad4       0x50 ./inc/stepper_motors.o
                0x00001ad4                get_IRQn
 .text.delay    0x00001b24       0x28 ./inc/stepper_motors.o
                0x00001b24                delay
 .text.SystemInit
                0x00001b4c       0xe4 C:\Users\Pato\Documents\LPCXpresso_8.2.2_650\workspace2\CMSISv2p00_LPC17xx\Debug\libCMSISv2p00_LPC17xx.a(system_LPC17xx.o)
                0x00001b4c                SystemInit
 .text.ADC_Init
                0x00001c30       0x58 C:\Users\Pato\Documents\LPCXpresso_8.2.2_650\workspace2\CMSISv2p00_LPC17xx\Debug\libCMSISv2p00_LPC17xx.a(lpc17xx_adc.o)
                0x00001c30                ADC_Init
 .text.ADC_StartCmd
                0x00001c88       0x3c C:\Users\Pato\Documents\LPCXpresso_8.2.2_650\workspace2\CMSISv2p00_LPC17xx\Debug\libCMSISv2p00_LPC17xx.a(lpc17xx_adc.o)
                0x00001c88                ADC_StartCmd
 .text.ADC_BurstCmd
                0x00001cc4       0x30 C:\Users\Pato\Documents\LPCXpresso_8.2.2_650\workspace2\CMSISv2p00_LPC17xx\Debug\libCMSISv2p00_LPC17xx.a(lpc17xx_adc.o)
                0x00001cc4                ADC_BurstCmd
 .text.ADC_PowerdownCmd
                0x00001cf4       0x30 C:\Users\Pato\Documents\LPCXpresso_8.2.2_650\workspace2\CMSISv2p00_LPC17xx\Debug\libCMSISv2p00_LPC17xx.a(lpc17xx_adc.o)
                0x00001cf4                ADC_PowerdownCmd
 .text.ADC_IntConfig
                0x00001d24       0x40 C:\Users\Pato\Documents\LPCXpresso_8.2.2_650\workspace2\CMSISv2p00_LPC17xx\Debug\libCMSISv2p00_LPC17xx.a(lpc17xx_adc.o)
                0x00001d24                ADC_IntConfig
 .text.ADC_ChannelCmd
                0x00001d64       0x3c C:\Users\Pato\Documents\LPCXpresso_8.2.2_650\workspace2\CMSISv2p00_LPC17xx\Debug\libCMSISv2p00_LPC17xx.a(lpc17xx_adc.o)
                0x00001d64                ADC_ChannelCmd
 .text.ADC_ChannelGetData
                0x00001da0       0x28 C:\Users\Pato\Documents\LPCXpresso_8.2.2_650\workspace2\CMSISv2p00_LPC17xx\Debug\libCMSISv2p00_LPC17xx.a(lpc17xx_adc.o)
                0x00001da0                ADC_ChannelGetData
 .text.ADC_ChannelGetStatus
                0x00001dc8       0x48 C:\Users\Pato\Documents\LPCXpresso_8.2.2_650\workspace2\CMSISv2p00_LPC17xx\Debug\libCMSISv2p00_LPC17xx.a(lpc17xx_adc.o)
                0x00001dc8                ADC_ChannelGetStatus
 .text.CLKPWR_SetPCLKDiv
                0x00001e10       0x50 C:\Users\Pato\Documents\LPCXpresso_8.2.2_650\workspace2\CMSISv2p00_LPC17xx\Debug\libCMSISv2p00_LPC17xx.a(lpc17xx_clkpwr.o)
                0x00001e10                CLKPWR_SetPCLKDiv
 .text.CLKPWR_GetPCLKSEL
                0x00001e60       0x20 C:\Users\Pato\Documents\LPCXpresso_8.2.2_650\workspace2\CMSISv2p00_LPC17xx\Debug\libCMSISv2p00_LPC17xx.a(lpc17xx_clkpwr.o)
                0x00001e60                CLKPWR_GetPCLKSEL
 .text.CLKPWR_GetPCLK
                0x00001e80       0x28 C:\Users\Pato\Documents\LPCXpresso_8.2.2_650\workspace2\CMSISv2p00_LPC17xx\Debug\libCMSISv2p00_LPC17xx.a(lpc17xx_clkpwr.o)
                0x00001e80                CLKPWR_GetPCLK
 .text.CLKPWR_ConfigPPWR
                0x00001ea8       0x38 C:\Users\Pato\Documents\LPCXpresso_8.2.2_650\workspace2\CMSISv2p00_LPC17xx\Debug\libCMSISv2p00_LPC17xx.a(lpc17xx_clkpwr.o)
                0x00001ea8                CLKPWR_ConfigPPWR
 .text.GPIO_SetDir
                0x00001ee0       0x24 C:\Users\Pato\Documents\LPCXpresso_8.2.2_650\workspace2\CMSISv2p00_LPC17xx\Debug\libCMSISv2p00_LPC17xx.a(lpc17xx_gpio.o)
                0x00001ee0                GPIO_SetDir
 .text.GPIO_SetValue
                0x00001f04       0x14 C:\Users\Pato\Documents\LPCXpresso_8.2.2_650\workspace2\CMSISv2p00_LPC17xx\Debug\libCMSISv2p00_LPC17xx.a(lpc17xx_gpio.o)
                0x00001f04                GPIO_SetValue
 .text.GPIO_ClearValue
                0x00001f18       0x14 C:\Users\Pato\Documents\LPCXpresso_8.2.2_650\workspace2\CMSISv2p00_LPC17xx\Debug\libCMSISv2p00_LPC17xx.a(lpc17xx_gpio.o)
                0x00001f18                GPIO_ClearValue
 .text.check_failed
                0x00001f2c        0x2 C:\Users\Pato\Documents\LPCXpresso_8.2.2_650\workspace2\CMSISv2p00_LPC17xx\Debug\libCMSISv2p00_LPC17xx.a(lpc17xx_libcfg_default.o)
                0x00001f2c                check_failed
 *fill*         0x00001f2e        0x2 ff
 .text.PINSEL_ConfigPin
                0x00001f30       0xa0 C:\Users\Pato\Documents\LPCXpresso_8.2.2_650\workspace2\CMSISv2p00_LPC17xx\Debug\libCMSISv2p00_LPC17xx.a(lpc17xx_pinsel.o)
                0x00001f30                PINSEL_ConfigPin
 .text.PWM_Init
                0x00001fd0       0xbc C:\Users\Pato\Documents\LPCXpresso_8.2.2_650\workspace2\CMSISv2p00_LPC17xx\Debug\libCMSISv2p00_LPC17xx.a(lpc17xx_pwm.o)
                0x00001fd0                PWM_Init
 .text.PWM_Cmd  0x0000208c       0x40 C:\Users\Pato\Documents\LPCXpresso_8.2.2_650\workspace2\CMSISv2p00_LPC17xx\Debug\libCMSISv2p00_LPC17xx.a(lpc17xx_pwm.o)
                0x0000208c                PWM_Cmd
 .text.PWM_CounterCmd
                0x000020cc       0x44 C:\Users\Pato\Documents\LPCXpresso_8.2.2_650\workspace2\CMSISv2p00_LPC17xx\Debug\libCMSISv2p00_LPC17xx.a(lpc17xx_pwm.o)
                0x000020cc                PWM_CounterCmd
 .text.PWM_ResetCounter
                0x00002110       0x30 C:\Users\Pato\Documents\LPCXpresso_8.2.2_650\workspace2\CMSISv2p00_LPC17xx\Debug\libCMSISv2p00_LPC17xx.a(lpc17xx_pwm.o)
                0x00002110                PWM_ResetCounter
 .text.PWM_ConfigMatch
                0x00002140      0x11c C:\Users\Pato\Documents\LPCXpresso_8.2.2_650\workspace2\CMSISv2p00_LPC17xx\Debug\libCMSISv2p00_LPC17xx.a(lpc17xx_pwm.o)
                0x00002140                PWM_ConfigMatch
 .text.PWM_MatchUpdate
                0x0000225c       0x90 C:\Users\Pato\Documents\LPCXpresso_8.2.2_650\workspace2\CMSISv2p00_LPC17xx\Debug\libCMSISv2p00_LPC17xx.a(lpc17xx_pwm.o)
                0x0000225c                PWM_MatchUpdate
 .text.PWM_ChannelConfig
                0x000022ec       0x78 C:\Users\Pato\Documents\LPCXpresso_8.2.2_650\workspace2\CMSISv2p00_LPC17xx\Debug\libCMSISv2p00_LPC17xx.a(lpc17xx_pwm.o)
                0x000022ec                PWM_ChannelConfig
 .text.PWM_ChannelCmd
                0x00002364       0x70 C:\Users\Pato\Documents\LPCXpresso_8.2.2_650\workspace2\CMSISv2p00_LPC17xx\Debug\libCMSISv2p00_LPC17xx.a(lpc17xx_pwm.o)
                0x00002364                PWM_ChannelCmd
 .text.SYSTICK_IntCmd
                0x000023d4       0x30 C:\Users\Pato\Documents\LPCXpresso_8.2.2_650\workspace2\CMSISv2p00_LPC17xx\Debug\libCMSISv2p00_LPC17xx.a(lpc17xx_systick.o)
                0x000023d4                SYSTICK_IntCmd
 .text.TIM_GetIntStatus
                0x00002404       0x54 C:\Users\Pato\Documents\LPCXpresso_8.2.2_650\workspace2\CMSISv2p00_LPC17xx\Debug\libCMSISv2p00_LPC17xx.a(lpc17xx_timer.o)
                0x00002404                TIM_GetIntStatus
 .text.TIM_ClearIntPending
                0x00002458       0x4c C:\Users\Pato\Documents\LPCXpresso_8.2.2_650\workspace2\CMSISv2p00_LPC17xx\Debug\libCMSISv2p00_LPC17xx.a(lpc17xx_timer.o)
                0x00002458                TIM_ClearIntPending
 .text.TIM_Init
                0x000024a4      0x17c C:\Users\Pato\Documents\LPCXpresso_8.2.2_650\workspace2\CMSISv2p00_LPC17xx\Debug\libCMSISv2p00_LPC17xx.a(lpc17xx_timer.o)
                0x000024a4                TIM_Init
 .text.TIM_Cmd  0x00002620       0x48 C:\Users\Pato\Documents\LPCXpresso_8.2.2_650\workspace2\CMSISv2p00_LPC17xx\Debug\libCMSISv2p00_LPC17xx.a(lpc17xx_timer.o)
                0x00002620                TIM_Cmd
 .text.TIM_ResetCounter
                0x00002668       0x48 C:\Users\Pato\Documents\LPCXpresso_8.2.2_650\workspace2\CMSISv2p00_LPC17xx\Debug\libCMSISv2p00_LPC17xx.a(lpc17xx_timer.o)
                0x00002668                TIM_ResetCounter
 .text.TIM_ConfigMatch
                0x000026b0       0xf4 C:\Users\Pato\Documents\LPCXpresso_8.2.2_650\workspace2\CMSISv2p00_LPC17xx\Debug\libCMSISv2p00_LPC17xx.a(lpc17xx_timer.o)
                0x000026b0                TIM_ConfigMatch
 .text.TIM_UpdateMatchValue
                0x000027a4       0x58 C:\Users\Pato\Documents\LPCXpresso_8.2.2_650\workspace2\CMSISv2p00_LPC17xx\Debug\libCMSISv2p00_LPC17xx.a(lpc17xx_timer.o)
                0x000027a4                TIM_UpdateMatchValue
 .text.UART_Init
                0x000027fc      0x28c C:\Users\Pato\Documents\LPCXpresso_8.2.2_650\workspace2\CMSISv2p00_LPC17xx\Debug\libCMSISv2p00_LPC17xx.a(lpc17xx_uart.o)
                0x000027fc                UART_Init
 .text.UART_SendByte
                0x00002a88       0x3c C:\Users\Pato\Documents\LPCXpresso_8.2.2_650\workspace2\CMSISv2p00_LPC17xx\Debug\libCMSISv2p00_LPC17xx.a(lpc17xx_uart.o)
                0x00002a88                UART_SendByte
 .text.UART_Send.part.0
                0x00002ac4       0x4a C:\Users\Pato\Documents\LPCXpresso_8.2.2_650\workspace2\CMSISv2p00_LPC17xx\Debug\libCMSISv2p00_LPC17xx.a(lpc17xx_uart.o)
 *fill*         0x00002b0e        0x2 ff
 .text.UART_ReceiveByte
                0x00002b10       0x3c C:\Users\Pato\Documents\LPCXpresso_8.2.2_650\workspace2\CMSISv2p00_LPC17xx\Debug\libCMSISv2p00_LPC17xx.a(lpc17xx_uart.o)
                0x00002b10                UART_ReceiveByte
 .text.UART_Send
                0x00002b4c       0x52 C:\Users\Pato\Documents\LPCXpresso_8.2.2_650\workspace2\CMSISv2p00_LPC17xx\Debug\libCMSISv2p00_LPC17xx.a(lpc17xx_uart.o)
                0x00002b4c                UART_Send
 .text.UART_Receive
                0x00002b9e       0x50 C:\Users\Pato\Documents\LPCXpresso_8.2.2_650\workspace2\CMSISv2p00_LPC17xx\Debug\libCMSISv2p00_LPC17xx.a(lpc17xx_uart.o)
                0x00002b9e                UART_Receive
 *fill*         0x00002bee        0x2 ff
 .text.UART_IntConfig
                0x00002bf0       0xc0 C:\Users\Pato\Documents\LPCXpresso_8.2.2_650\workspace2\CMSISv2p00_LPC17xx\Debug\libCMSISv2p00_LPC17xx.a(lpc17xx_uart.o)
                0x00002bf0                UART_IntConfig
 .text.UART_GetIntId
                0x00002cb0       0x40 C:\Users\Pato\Documents\LPCXpresso_8.2.2_650\workspace2\CMSISv2p00_LPC17xx\Debug\libCMSISv2p00_LPC17xx.a(lpc17xx_uart.o)
                0x00002cb0                UART_GetIntId
 .text.UART_FIFOConfig
                0x00002cf0       0xb0 C:\Users\Pato\Documents\LPCXpresso_8.2.2_650\workspace2\CMSISv2p00_LPC17xx\Debug\libCMSISv2p00_LPC17xx.a(lpc17xx_uart.o)
                0x00002cf0                UART_FIFOConfig
 .text.UART_FIFOConfigStructInit
                0x00002da0        0xe C:\Users\Pato\Documents\LPCXpresso_8.2.2_650\workspace2\CMSISv2p00_LPC17xx\Debug\libCMSISv2p00_LPC17xx.a(lpc17xx_uart.o)
                0x00002da0                UART_FIFOConfigStructInit
 *fill*         0x00002dae        0x2 ff
 .text.UART_TxCmd
                0x00002db0       0x64 C:\Users\Pato\Documents\LPCXpresso_8.2.2_650\workspace2\CMSISv2p00_LPC17xx\Debug\libCMSISv2p00_LPC17xx.a(lpc17xx_uart.o)
                0x00002db0                UART_TxCmd
 .text.__weak_main
                0x00002e14        0x4 c:/nxp/lpcxpresso_8.2.2_650/lpcxpresso/tools/bin/../lib/gcc/arm-none-eabi/5.4.1/../../../../arm-none-eabi/lib/armv7-m\libcr_c.a(__weak__main.o)
                0x00002e14                __weak_main
                0x00002e14                __main
 .text.__aeabi_division_uldivmod
                0x00002e18      0x174 c:/nxp/lpcxpresso_8.2.2_650/lpcxpresso/tools/bin/../lib/gcc/arm-none-eabi/5.4.1/armv7-m\libcr_eabihelpers.a(division_64.o)
                0x00002e18                __aeabi_uldivmod
                0x00002e1c                __bhs_ldivmod1
 .text.__aeabi_division_idiv0
                0x00002f8c        0x2 c:/nxp/lpcxpresso_8.2.2_650/lpcxpresso/tools/bin/../lib/gcc/arm-none-eabi/5.4.1/armv7-m\libcr_eabihelpers.a(division_idiv0.o)
                0x00002f8c                __aeabi_idiv0
 *(.rodata .rodata.* .constdata .constdata.*)
 *fill*         0x00002f8e        0x2 ff
 .rodata        0x00002f90       0x35 ./src/RoboticArmUARTControl.o
 .rodata.str1.1
                0x00002fc5       0x1d C:\Users\Pato\Documents\LPCXpresso_8.2.2_650\workspace2\CMSISv2p00_LPC17xx\Debug\libCMSISv2p00_LPC17xx.a(lpc17xx_adc.o)
 *fill*         0x00002fe2        0x2 ff
 .rodata.CSWTCH.9
                0x00002fe4       0x14 C:\Users\Pato\Documents\LPCXpresso_8.2.2_650\workspace2\CMSISv2p00_LPC17xx\Debug\libCMSISv2p00_LPC17xx.a(lpc17xx_gpio.o)
 .rodata.str1.1
                0x00002ff8       0x1d C:\Users\Pato\Documents\LPCXpresso_8.2.2_650\workspace2\CMSISv2p00_LPC17xx\Debug\libCMSISv2p00_LPC17xx.a(lpc17xx_pwm.o)
 .rodata.str1.1
                0x00003015       0x21 C:\Users\Pato\Documents\LPCXpresso_8.2.2_650\workspace2\CMSISv2p00_LPC17xx\Debug\libCMSISv2p00_LPC17xx.a(lpc17xx_systick.o)
 .rodata.str1.1
                0x00003036       0x1f C:\Users\Pato\Documents\LPCXpresso_8.2.2_650\workspace2\CMSISv2p00_LPC17xx\Debug\libCMSISv2p00_LPC17xx.a(lpc17xx_timer.o)
 .rodata.CSWTCH.34
                0x00003055        0x3 C:\Users\Pato\Documents\LPCXpresso_8.2.2_650\workspace2\CMSISv2p00_LPC17xx\Debug\libCMSISv2p00_LPC17xx.a(lpc17xx_uart.o)
 .rodata.str1.1
                0x00003058       0x1e C:\Users\Pato\Documents\LPCXpresso_8.2.2_650\workspace2\CMSISv2p00_LPC17xx\Debug\libCMSISv2p00_LPC17xx.a(lpc17xx_uart.o)
 .rodata.CSWTCH.29
                0x00003076        0xe C:\Users\Pato\Documents\LPCXpresso_8.2.2_650\workspace2\CMSISv2p00_LPC17xx\Debug\libCMSISv2p00_LPC17xx.a(lpc17xx_uart.o)
                0x00003084                . = ALIGN (0x4)

.glue_7         0x00003084        0x0
 .glue_7        0x00003084        0x0 linker stubs

.glue_7t        0x00003084        0x0
 .glue_7t       0x00003084        0x0 linker stubs

.vfp11_veneer   0x00003084        0x0
 .vfp11_veneer  0x00003084        0x0 linker stubs

.v4_bx          0x00003084        0x0
 .v4_bx         0x00003084        0x0 linker stubs

.iplt           0x00003084        0x0
 .iplt          0x00003084        0x0 ./src/RoboticArmUARTControl.o

.rel.dyn        0x00003084        0x0
 .rel.iplt      0x00003084        0x0 ./src/RoboticArmUARTControl.o

.ARM.extab
 *(.ARM.extab* .gnu.linkonce.armextab.*)
                0x00003084                __exidx_start = .

.ARM.exidx
 *(.ARM.exidx* .gnu.linkonce.armexidx.*)
                0x00003084                __exidx_end = .
                0x00003084                _etext = .

.data_RAM2      0x2007c000        0x0 load address 0x00003084
 FILL mask 0xff
                [!provide]                PROVIDE (__start_data_RAM2, .)
 *(.ramfunc.$RAM2)
 *(.ramfunc.$RamAHB32)
 *(.data.$RAM2*)
 *(.data.$RamAHB32*)
                0x2007c000                . = ALIGN (0x4)
                [!provide]                PROVIDE (__end_data_RAM2, .)

.uninit_RESERVED
                0x10000000        0x0
 *(.bss.$RESERVED*)
                0x10000000                . = ALIGN (0x4)
                0x10000000                _end_uninit_RESERVED = .

.data           0x10000000        0x8 load address 0x00003084
 FILL mask 0xff
                0x10000000                _data = .
 *(vtable)
 *(.ramfunc*)
 *(.data*)
 .data.bandera.5814
                0x10000000        0x1 ./src/RoboticArmUARTControl.o
 *fill*         0x10000001        0x3 ff
 .data.SystemCoreClock
                0x10000004        0x4 C:\Users\Pato\Documents\LPCXpresso_8.2.2_650\workspace2\CMSISv2p00_LPC17xx\Debug\libCMSISv2p00_LPC17xx.a(system_LPC17xx.o)
                0x10000004                SystemCoreClock
                0x10000008                . = ALIGN (0x4)
                0x10000008                _edata = .

.igot.plt       0x10000008        0x0 load address 0x0000308c
 .igot.plt      0x10000008        0x0 ./src/RoboticArmUARTControl.o

.bss_RAM2       0x2007c000        0x0
                [!provide]                PROVIDE (__start_bss_RAM2, .)
 *(.bss.$RAM2*)
 *(.bss.$RamAHB32*)
                0x2007c000                . = ALIGN ((. != 0x0)?0x4:0x1)
                [!provide]                PROVIDE (__end_bss_RAM2, .)

.bss            0x10000008     0x1ff0
                0x10000008                _bss = .
 *(.bss*)
 .bss.posicionInicial.5729
                0x10000008       0x10 ./src/RoboticArmUARTControl.o
 .bss.posicionFinal.5730
                0x10000018       0x10 ./src/RoboticArmUARTControl.o
 .bss.i.5752    0x10000028        0x1 ./src/RoboticArmUARTControl.o
 *fill*         0x10000029        0x3 
 .bss.matchCfg.5790
                0x1000002c        0xc ./src/RoboticArmUARTControl.o
 .bss.estado_actual.5802
                0x10000038        0x1 ./src/RoboticArmUARTControl.o
 *fill*         0x10000039        0x3 
 .bss.posicionMotores.5874
                0x1000003c       0x10 ./src/RoboticArmUARTControl.o
 .bss.numeroDeRegistro.5891
                0x1000004c        0x4 ./src/RoboticArmUARTControl.o
 .bss.regStamp.5893
                0x10000050     0x1f40 ./src/RoboticArmUARTControl.o
 .bss.cantidadDeComandosGuardados.5892
                0x10001f90        0x4 ./src/RoboticArmUARTControl.o
 .bss.info.5951
                0x10001f94        0x3 ./src/RoboticArmUARTControl.o
 *fill*         0x10001f97        0x1 
 .bss.motors_list.5229
                0x10001f98       0x1c ./inc/servo_motors.o
 .bss.motors_list.5362
                0x10001fb4       0x40 ./inc/stepper_motors.o
 .bss.motor_flag.5378
                0x10001ff4        0x4 ./inc/stepper_motors.o
 *(COMMON)
                0x10001ff8                . = ALIGN (0x4)
                0x10001ff8                _ebss = .
                [!provide]                PROVIDE (end, .)

.noinit_RAM2    0x2007c000        0x0
 *(.noinit.$RAM2*)
 *(.noinit.$RamAHB32*)
                0x2007c000                . = ALIGN (0x4)

.noinit         0x10001ff8        0x0
                0x10001ff8                _noinit = .
 *(.noinit*)
                0x10001ff8                . = ALIGN (0x4)
                0x10001ff8                _end_noinit = .
                [!provide]                PROVIDE (_pvHeapStart, DEFINED (__user_heap_base)?__user_heap_base:.)
                0x10008000                PROVIDE (_vStackTop, DEFINED (__user_stack_top)?__user_stack_top:(__top_RamLoc32 - 0x0))
                0xefff74b2                PROVIDE (__valid_user_code_checksum, (0x0 - ((((((_vStackTop + (ResetISR + 0x1)) + (NMI_Handler + 0x1)) + (HardFault_Handler + 0x1)) + (DEFINED (MemManage_Handler)?MemManage_Handler:0x0 + 0x1)) + (DEFINED (BusFault_Handler)?BusFault_Handler:0x0 + 0x1)) + (DEFINED (UsageFault_Handler)?UsageFault_Handler:0x0 + 0x1))))
OUTPUT(RoboticArmUARTControl.axf elf32-littlearm)

.debug_info     0x00000000     0x8802
 .debug_info    0x00000000     0x19c9 ./src/RoboticArmUARTControl.o
 .debug_info    0x000019c9      0x253 ./src/cr_startup_lpc175x_6x.o
 .debug_info    0x00001c1c      0x646 ./inc/servo_motors.o
 .debug_info    0x00002262      0xaeb ./inc/stepper_motors.o
 .debug_info    0x00002d4d      0x318 C:\Users\Pato\Documents\LPCXpresso_8.2.2_650\workspace2\CMSISv2p00_LPC17xx\Debug\libCMSISv2p00_LPC17xx.a(system_LPC17xx.o)
 .debug_info    0x00003065      0x83f C:\Users\Pato\Documents\LPCXpresso_8.2.2_650\workspace2\CMSISv2p00_LPC17xx\Debug\libCMSISv2p00_LPC17xx.a(lpc17xx_adc.o)
 .debug_info    0x000038a4      0x650 C:\Users\Pato\Documents\LPCXpresso_8.2.2_650\workspace2\CMSISv2p00_LPC17xx\Debug\libCMSISv2p00_LPC17xx.a(lpc17xx_clkpwr.o)
 .debug_info    0x00003ef4      0xd6f C:\Users\Pato\Documents\LPCXpresso_8.2.2_650\workspace2\CMSISv2p00_LPC17xx\Debug\libCMSISv2p00_LPC17xx.a(lpc17xx_gpio.o)
 .debug_info    0x00004c63       0xc3 C:\Users\Pato\Documents\LPCXpresso_8.2.2_650\workspace2\CMSISv2p00_LPC17xx\Debug\libCMSISv2p00_LPC17xx.a(lpc17xx_libcfg_default.o)
 .debug_info    0x00004d26      0x4e4 C:\Users\Pato\Documents\LPCXpresso_8.2.2_650\workspace2\CMSISv2p00_LPC17xx\Debug\libCMSISv2p00_LPC17xx.a(lpc17xx_pinsel.o)
 .debug_info    0x0000520a      0xc61 C:\Users\Pato\Documents\LPCXpresso_8.2.2_650\workspace2\CMSISv2p00_LPC17xx\Debug\libCMSISv2p00_LPC17xx.a(lpc17xx_pwm.o)
 .debug_info    0x00005e6b      0x26d C:\Users\Pato\Documents\LPCXpresso_8.2.2_650\workspace2\CMSISv2p00_LPC17xx\Debug\libCMSISv2p00_LPC17xx.a(lpc17xx_systick.o)
 .debug_info    0x000060d8      0xb4c C:\Users\Pato\Documents\LPCXpresso_8.2.2_650\workspace2\CMSISv2p00_LPC17xx\Debug\libCMSISv2p00_LPC17xx.a(lpc17xx_timer.o)
 .debug_info    0x00006c24     0x1bde C:\Users\Pato\Documents\LPCXpresso_8.2.2_650\workspace2\CMSISv2p00_LPC17xx\Debug\libCMSISv2p00_LPC17xx.a(lpc17xx_uart.o)

.debug_abbrev   0x00000000     0x1a0c
 .debug_abbrev  0x00000000      0x318 ./src/RoboticArmUARTControl.o
 .debug_abbrev  0x00000318       0xf5 ./src/cr_startup_lpc175x_6x.o
 .debug_abbrev  0x0000040d      0x184 ./inc/servo_motors.o
 .debug_abbrev  0x00000591      0x24b ./inc/stepper_motors.o
 .debug_abbrev  0x000007dc       0xe6 C:\Users\Pato\Documents\LPCXpresso_8.2.2_650\workspace2\CMSISv2p00_LPC17xx\Debug\libCMSISv2p00_LPC17xx.a(system_LPC17xx.o)
 .debug_abbrev  0x000008c2      0x19d C:\Users\Pato\Documents\LPCXpresso_8.2.2_650\workspace2\CMSISv2p00_LPC17xx\Debug\libCMSISv2p00_LPC17xx.a(lpc17xx_adc.o)
 .debug_abbrev  0x00000a5f      0x1e5 C:\Users\Pato\Documents\LPCXpresso_8.2.2_650\workspace2\CMSISv2p00_LPC17xx\Debug\libCMSISv2p00_LPC17xx.a(lpc17xx_clkpwr.o)
 .debug_abbrev  0x00000c44      0x234 C:\Users\Pato\Documents\LPCXpresso_8.2.2_650\workspace2\CMSISv2p00_LPC17xx\Debug\libCMSISv2p00_LPC17xx.a(lpc17xx_gpio.o)
 .debug_abbrev  0x00000e78       0x6f C:\Users\Pato\Documents\LPCXpresso_8.2.2_650\workspace2\CMSISv2p00_LPC17xx\Debug\libCMSISv2p00_LPC17xx.a(lpc17xx_libcfg_default.o)
 .debug_abbrev  0x00000ee7      0x187 C:\Users\Pato\Documents\LPCXpresso_8.2.2_650\workspace2\CMSISv2p00_LPC17xx\Debug\libCMSISv2p00_LPC17xx.a(lpc17xx_pinsel.o)
 .debug_abbrev  0x0000106e      0x21e C:\Users\Pato\Documents\LPCXpresso_8.2.2_650\workspace2\CMSISv2p00_LPC17xx\Debug\libCMSISv2p00_LPC17xx.a(lpc17xx_pwm.o)
 .debug_abbrev  0x0000128c      0x166 C:\Users\Pato\Documents\LPCXpresso_8.2.2_650\workspace2\CMSISv2p00_LPC17xx\Debug\libCMSISv2p00_LPC17xx.a(lpc17xx_systick.o)
 .debug_abbrev  0x000013f2      0x2b0 C:\Users\Pato\Documents\LPCXpresso_8.2.2_650\workspace2\CMSISv2p00_LPC17xx\Debug\libCMSISv2p00_LPC17xx.a(lpc17xx_timer.o)
 .debug_abbrev  0x000016a2      0x36a C:\Users\Pato\Documents\LPCXpresso_8.2.2_650\workspace2\CMSISv2p00_LPC17xx\Debug\libCMSISv2p00_LPC17xx.a(lpc17xx_uart.o)

.debug_aranges  0x00000000      0x770
 .debug_aranges
                0x00000000      0x128 ./src/RoboticArmUARTControl.o
 .debug_aranges
                0x00000128       0x80 ./src/cr_startup_lpc175x_6x.o
 .debug_aranges
                0x000001a8       0x80 ./inc/servo_motors.o
 .debug_aranges
                0x00000228       0xc8 ./inc/stepper_motors.o
 .debug_aranges
                0x000002f0       0x28 C:\Users\Pato\Documents\LPCXpresso_8.2.2_650\workspace2\CMSISv2p00_LPC17xx\Debug\libCMSISv2p00_LPC17xx.a(system_LPC17xx.o)
 .debug_aranges
                0x00000318       0x80 C:\Users\Pato\Documents\LPCXpresso_8.2.2_650\workspace2\CMSISv2p00_LPC17xx\Debug\libCMSISv2p00_LPC17xx.a(lpc17xx_adc.o)
 .debug_aranges
                0x00000398       0x58 C:\Users\Pato\Documents\LPCXpresso_8.2.2_650\workspace2\CMSISv2p00_LPC17xx\Debug\libCMSISv2p00_LPC17xx.a(lpc17xx_clkpwr.o)
 .debug_aranges
                0x000003f0       0xe0 C:\Users\Pato\Documents\LPCXpresso_8.2.2_650\workspace2\CMSISv2p00_LPC17xx\Debug\libCMSISv2p00_LPC17xx.a(lpc17xx_gpio.o)
 .debug_aranges
                0x000004d0       0x20 C:\Users\Pato\Documents\LPCXpresso_8.2.2_650\workspace2\CMSISv2p00_LPC17xx\Debug\libCMSISv2p00_LPC17xx.a(lpc17xx_libcfg_default.o)
 .debug_aranges
                0x000004f0       0x30 C:\Users\Pato\Documents\LPCXpresso_8.2.2_650\workspace2\CMSISv2p00_LPC17xx\Debug\libCMSISv2p00_LPC17xx.a(lpc17xx_pinsel.o)
 .debug_aranges
                0x00000520       0x88 C:\Users\Pato\Documents\LPCXpresso_8.2.2_650\workspace2\CMSISv2p00_LPC17xx\Debug\libCMSISv2p00_LPC17xx.a(lpc17xx_pwm.o)
 .debug_aranges
                0x000005a8       0x48 C:\Users\Pato\Documents\LPCXpresso_8.2.2_650\workspace2\CMSISv2p00_LPC17xx\Debug\libCMSISv2p00_LPC17xx.a(lpc17xx_systick.o)
 .debug_aranges
                0x000005f0       0x80 C:\Users\Pato\Documents\LPCXpresso_8.2.2_650\workspace2\CMSISv2p00_LPC17xx\Debug\libCMSISv2p00_LPC17xx.a(lpc17xx_timer.o)
 .debug_aranges
                0x00000670      0x100 C:\Users\Pato\Documents\LPCXpresso_8.2.2_650\workspace2\CMSISv2p00_LPC17xx\Debug\libCMSISv2p00_LPC17xx.a(lpc17xx_uart.o)

.debug_ranges   0x00000000      0x750
 .debug_ranges  0x00000000      0x130 ./src/RoboticArmUARTControl.o
 .debug_ranges  0x00000130       0x70 ./src/cr_startup_lpc175x_6x.o
 .debug_ranges  0x000001a0       0x70 ./inc/servo_motors.o
 .debug_ranges  0x00000210       0xb8 ./inc/stepper_motors.o
 .debug_ranges  0x000002c8       0x18 C:\Users\Pato\Documents\LPCXpresso_8.2.2_650\workspace2\CMSISv2p00_LPC17xx\Debug\libCMSISv2p00_LPC17xx.a(system_LPC17xx.o)
 .debug_ranges  0x000002e0       0x70 C:\Users\Pato\Documents\LPCXpresso_8.2.2_650\workspace2\CMSISv2p00_LPC17xx\Debug\libCMSISv2p00_LPC17xx.a(lpc17xx_adc.o)
 .debug_ranges  0x00000350       0x48 C:\Users\Pato\Documents\LPCXpresso_8.2.2_650\workspace2\CMSISv2p00_LPC17xx\Debug\libCMSISv2p00_LPC17xx.a(lpc17xx_clkpwr.o)
 .debug_ranges  0x00000398       0xd0 C:\Users\Pato\Documents\LPCXpresso_8.2.2_650\workspace2\CMSISv2p00_LPC17xx\Debug\libCMSISv2p00_LPC17xx.a(lpc17xx_gpio.o)
 .debug_ranges  0x00000468       0x10 C:\Users\Pato\Documents\LPCXpresso_8.2.2_650\workspace2\CMSISv2p00_LPC17xx\Debug\libCMSISv2p00_LPC17xx.a(lpc17xx_libcfg_default.o)
 .debug_ranges  0x00000478       0x70 C:\Users\Pato\Documents\LPCXpresso_8.2.2_650\workspace2\CMSISv2p00_LPC17xx\Debug\libCMSISv2p00_LPC17xx.a(lpc17xx_pinsel.o)
 .debug_ranges  0x000004e8       0x78 C:\Users\Pato\Documents\LPCXpresso_8.2.2_650\workspace2\CMSISv2p00_LPC17xx\Debug\libCMSISv2p00_LPC17xx.a(lpc17xx_pwm.o)
 .debug_ranges  0x00000560       0x38 C:\Users\Pato\Documents\LPCXpresso_8.2.2_650\workspace2\CMSISv2p00_LPC17xx\Debug\libCMSISv2p00_LPC17xx.a(lpc17xx_systick.o)
 .debug_ranges  0x00000598       0x70 C:\Users\Pato\Documents\LPCXpresso_8.2.2_650\workspace2\CMSISv2p00_LPC17xx\Debug\libCMSISv2p00_LPC17xx.a(lpc17xx_timer.o)
 .debug_ranges  0x00000608      0x148 C:\Users\Pato\Documents\LPCXpresso_8.2.2_650\workspace2\CMSISv2p00_LPC17xx\Debug\libCMSISv2p00_LPC17xx.a(lpc17xx_uart.o)

.debug_macro    0x00000000     0x4064
 .debug_macro   0x00000000       0xf4 ./src/RoboticArmUARTControl.o
 .debug_macro   0x000000f4      0x88c ./src/RoboticArmUARTControl.o
 .debug_macro   0x00000980       0x1c ./src/RoboticArmUARTControl.o
 .debug_macro   0x0000099c       0x2e ./src/RoboticArmUARTControl.o
 .debug_macro   0x000009ca       0x10 ./src/RoboticArmUARTControl.o
 .debug_macro   0x000009da      0x12d ./src/RoboticArmUARTControl.o
 .debug_macro   0x00000b07      0x5b2 ./src/RoboticArmUARTControl.o
 .debug_macro   0x000010b9       0x18 ./src/RoboticArmUARTControl.o
 .debug_macro   0x000010d1      0x7af ./src/RoboticArmUARTControl.o
 .debug_macro   0x00001880      0x2c7 ./src/RoboticArmUARTControl.o
 .debug_macro   0x00001b47       0x63 ./src/RoboticArmUARTControl.o
 .debug_macro   0x00001baa      0x334 ./src/RoboticArmUARTControl.o
 .debug_macro   0x00001ede       0x10 ./src/RoboticArmUARTControl.o
 .debug_macro   0x00001eee       0xea ./src/RoboticArmUARTControl.o
 .debug_macro   0x00001fd8      0x13f ./src/RoboticArmUARTControl.o
 .debug_macro   0x00002117       0xe5 ./src/RoboticArmUARTControl.o
 .debug_macro   0x000021fc       0xeb ./src/RoboticArmUARTControl.o
 .debug_macro   0x000022e7       0x10 ./src/RoboticArmUARTControl.o
 .debug_macro   0x000022f7       0x4c ./src/RoboticArmUARTControl.o
 .debug_macro   0x00002343       0x1d ./src/cr_startup_lpc175x_6x.o
 .debug_macro   0x00002360       0xa3 ./inc/servo_motors.o
 .debug_macro   0x00002403       0xb2 ./inc/stepper_motors.o
 .debug_macro   0x000024b5       0xe4 ./inc/stepper_motors.o
 .debug_macro   0x00002599       0x46 ./inc/stepper_motors.o
 .debug_macro   0x000025df      0x12b C:\Users\Pato\Documents\LPCXpresso_8.2.2_650\workspace2\CMSISv2p00_LPC17xx\Debug\libCMSISv2p00_LPC17xx.a(system_LPC17xx.o)
 .debug_macro   0x0000270a      0x886 C:\Users\Pato\Documents\LPCXpresso_8.2.2_650\workspace2\CMSISv2p00_LPC17xx\Debug\libCMSISv2p00_LPC17xx.a(system_LPC17xx.o)
 .debug_macro   0x00002f90       0xa9 C:\Users\Pato\Documents\LPCXpresso_8.2.2_650\workspace2\CMSISv2p00_LPC17xx\Debug\libCMSISv2p00_LPC17xx.a(lpc17xx_adc.o)
 .debug_macro   0x00003039       0xe5 C:\Users\Pato\Documents\LPCXpresso_8.2.2_650\workspace2\CMSISv2p00_LPC17xx\Debug\libCMSISv2p00_LPC17xx.a(lpc17xx_adc.o)
 .debug_macro   0x0000311e      0x2f1 C:\Users\Pato\Documents\LPCXpresso_8.2.2_650\workspace2\CMSISv2p00_LPC17xx\Debug\libCMSISv2p00_LPC17xx.a(lpc17xx_adc.o)
 .debug_macro   0x0000340f       0xdd C:\Users\Pato\Documents\LPCXpresso_8.2.2_650\workspace2\CMSISv2p00_LPC17xx\Debug\libCMSISv2p00_LPC17xx.a(lpc17xx_adc.o)
 .debug_macro   0x000034ec       0x8d C:\Users\Pato\Documents\LPCXpresso_8.2.2_650\workspace2\CMSISv2p00_LPC17xx\Debug\libCMSISv2p00_LPC17xx.a(lpc17xx_clkpwr.o)
 .debug_macro   0x00003579       0x1c C:\Users\Pato\Documents\LPCXpresso_8.2.2_650\workspace2\CMSISv2p00_LPC17xx\Debug\libCMSISv2p00_LPC17xx.a(lpc17xx_clkpwr.o)
 .debug_macro   0x00003595      0x2c7 C:\Users\Pato\Documents\LPCXpresso_8.2.2_650\workspace2\CMSISv2p00_LPC17xx\Debug\libCMSISv2p00_LPC17xx.a(lpc17xx_clkpwr.o)
 .debug_macro   0x0000385c       0x96 C:\Users\Pato\Documents\LPCXpresso_8.2.2_650\workspace2\CMSISv2p00_LPC17xx\Debug\libCMSISv2p00_LPC17xx.a(lpc17xx_gpio.o)
 .debug_macro   0x000038f2       0x40 C:\Users\Pato\Documents\LPCXpresso_8.2.2_650\workspace2\CMSISv2p00_LPC17xx\Debug\libCMSISv2p00_LPC17xx.a(lpc17xx_gpio.o)
 .debug_macro   0x00003932       0x5a C:\Users\Pato\Documents\LPCXpresso_8.2.2_650\workspace2\CMSISv2p00_LPC17xx\Debug\libCMSISv2p00_LPC17xx.a(lpc17xx_libcfg_default.o)
 .debug_macro   0x0000398c       0x5d C:\Users\Pato\Documents\LPCXpresso_8.2.2_650\workspace2\CMSISv2p00_LPC17xx\Debug\libCMSISv2p00_LPC17xx.a(lpc17xx_libcfg_default.o)
 .debug_macro   0x000039e9       0xd7 C:\Users\Pato\Documents\LPCXpresso_8.2.2_650\workspace2\CMSISv2p00_LPC17xx\Debug\libCMSISv2p00_LPC17xx.a(lpc17xx_libcfg_default.o)
 .debug_macro   0x00003ac0       0x8d C:\Users\Pato\Documents\LPCXpresso_8.2.2_650\workspace2\CMSISv2p00_LPC17xx\Debug\libCMSISv2p00_LPC17xx.a(lpc17xx_pinsel.o)
 .debug_macro   0x00003b4d       0xa9 C:\Users\Pato\Documents\LPCXpresso_8.2.2_650\workspace2\CMSISv2p00_LPC17xx\Debug\libCMSISv2p00_LPC17xx.a(lpc17xx_pwm.o)
 .debug_macro   0x00003bf6       0xdf C:\Users\Pato\Documents\LPCXpresso_8.2.2_650\workspace2\CMSISv2p00_LPC17xx\Debug\libCMSISv2p00_LPC17xx.a(lpc17xx_pwm.o)
 .debug_macro   0x00003cd5       0xa9 C:\Users\Pato\Documents\LPCXpresso_8.2.2_650\workspace2\CMSISv2p00_LPC17xx\Debug\libCMSISv2p00_LPC17xx.a(lpc17xx_systick.o)
 .debug_macro   0x00003d7e       0x46 C:\Users\Pato\Documents\LPCXpresso_8.2.2_650\workspace2\CMSISv2p00_LPC17xx\Debug\libCMSISv2p00_LPC17xx.a(lpc17xx_systick.o)
 .debug_macro   0x00003dc4       0xb2 C:\Users\Pato\Documents\LPCXpresso_8.2.2_650\workspace2\CMSISv2p00_LPC17xx\Debug\libCMSISv2p00_LPC17xx.a(lpc17xx_timer.o)
 .debug_macro   0x00003e76      0x145 C:\Users\Pato\Documents\LPCXpresso_8.2.2_650\workspace2\CMSISv2p00_LPC17xx\Debug\libCMSISv2p00_LPC17xx.a(lpc17xx_timer.o)
 .debug_macro   0x00003fbb       0xa9 C:\Users\Pato\Documents\LPCXpresso_8.2.2_650\workspace2\CMSISv2p00_LPC17xx\Debug\libCMSISv2p00_LPC17xx.a(lpc17xx_uart.o)

.debug_line     0x00000000     0x35a8
 .debug_line    0x00000000      0x84d ./src/RoboticArmUARTControl.o
 .debug_line    0x0000084d       0xd5 ./src/cr_startup_lpc175x_6x.o
 .debug_line    0x00000922      0x36d ./inc/servo_motors.o
 .debug_line    0x00000c8f      0x4f8 ./inc/stepper_motors.o
 .debug_line    0x00001187      0x1d3 C:\Users\Pato\Documents\LPCXpresso_8.2.2_650\workspace2\CMSISv2p00_LPC17xx\Debug\libCMSISv2p00_LPC17xx.a(system_LPC17xx.o)
 .debug_line    0x0000135a      0x3ca C:\Users\Pato\Documents\LPCXpresso_8.2.2_650\workspace2\CMSISv2p00_LPC17xx\Debug\libCMSISv2p00_LPC17xx.a(lpc17xx_adc.o)
 .debug_line    0x00001724      0x2af C:\Users\Pato\Documents\LPCXpresso_8.2.2_650\workspace2\CMSISv2p00_LPC17xx\Debug\libCMSISv2p00_LPC17xx.a(lpc17xx_clkpwr.o)
 .debug_line    0x000019d3      0x405 C:\Users\Pato\Documents\LPCXpresso_8.2.2_650\workspace2\CMSISv2p00_LPC17xx\Debug\libCMSISv2p00_LPC17xx.a(lpc17xx_gpio.o)
 .debug_line    0x00001dd8      0x197 C:\Users\Pato\Documents\LPCXpresso_8.2.2_650\workspace2\CMSISv2p00_LPC17xx\Debug\libCMSISv2p00_LPC17xx.a(lpc17xx_libcfg_default.o)
 .debug_line    0x00001f6f      0x247 C:\Users\Pato\Documents\LPCXpresso_8.2.2_650\workspace2\CMSISv2p00_LPC17xx\Debug\libCMSISv2p00_LPC17xx.a(lpc17xx_pinsel.o)
 .debug_line    0x000021b6      0x4b9 C:\Users\Pato\Documents\LPCXpresso_8.2.2_650\workspace2\CMSISv2p00_LPC17xx\Debug\libCMSISv2p00_LPC17xx.a(lpc17xx_pwm.o)
 .debug_line    0x0000266f      0x2ad C:\Users\Pato\Documents\LPCXpresso_8.2.2_650\workspace2\CMSISv2p00_LPC17xx\Debug\libCMSISv2p00_LPC17xx.a(lpc17xx_systick.o)
 .debug_line    0x0000291c      0x4b3 C:\Users\Pato\Documents\LPCXpresso_8.2.2_650\workspace2\CMSISv2p00_LPC17xx\Debug\libCMSISv2p00_LPC17xx.a(lpc17xx_timer.o)
 .debug_line    0x00002dcf      0x7d9 C:\Users\Pato\Documents\LPCXpresso_8.2.2_650\workspace2\CMSISv2p00_LPC17xx\Debug\libCMSISv2p00_LPC17xx.a(lpc17xx_uart.o)

.debug_str      0x00000000     0xfa9e
 .debug_str     0x00000000     0xc43b ./src/RoboticArmUARTControl.o
                               0xc573 (size before relaxing)
 .debug_str     0x0000c43b      0x21f ./src/cr_startup_lpc175x_6x.o
                               0x26e2 (size before relaxing)
 .debug_str     0x0000c65a      0x1fc ./inc/servo_motors.o
                               0x8f58 (size before relaxing)
 .debug_str     0x0000c856      0x3cb ./inc/stepper_motors.o
                               0x9463 (size before relaxing)
 .debug_str     0x0000cc21      0x509 C:\Users\Pato\Documents\LPCXpresso_8.2.2_650\workspace2\CMSISv2p00_LPC17xx\Debug\libCMSISv2p00_LPC17xx.a(system_LPC17xx.o)
                               0x814b (size before relaxing)
 .debug_str     0x0000d12a     0x157c C:\Users\Pato\Documents\LPCXpresso_8.2.2_650\workspace2\CMSISv2p00_LPC17xx\Debug\libCMSISv2p00_LPC17xx.a(lpc17xx_adc.o)
                               0x9d43 (size before relaxing)
 .debug_str     0x0000e6a6       0xb2 C:\Users\Pato\Documents\LPCXpresso_8.2.2_650\workspace2\CMSISv2p00_LPC17xx\Debug\libCMSISv2p00_LPC17xx.a(lpc17xx_clkpwr.o)
                               0x9356 (size before relaxing)
 .debug_str     0x0000e758      0x42c C:\Users\Pato\Documents\LPCXpresso_8.2.2_650\workspace2\CMSISv2p00_LPC17xx\Debug\libCMSISv2p00_LPC17xx.a(lpc17xx_gpio.o)
                               0x86b5 (size before relaxing)
 .debug_str     0x0000eb84       0x2d C:\Users\Pato\Documents\LPCXpresso_8.2.2_650\workspace2\CMSISv2p00_LPC17xx\Debug\libCMSISv2p00_LPC17xx.a(lpc17xx_libcfg_default.o)
                               0x3f65 (size before relaxing)
 .debug_str     0x0000ebb1      0x1fb C:\Users\Pato\Documents\LPCXpresso_8.2.2_650\workspace2\CMSISv2p00_LPC17xx\Debug\libCMSISv2p00_LPC17xx.a(lpc17xx_pinsel.o)
                               0x85ce (size before relaxing)
 .debug_str     0x0000edac      0x31d C:\Users\Pato\Documents\LPCXpresso_8.2.2_650\workspace2\CMSISv2p00_LPC17xx\Debug\libCMSISv2p00_LPC17xx.a(lpc17xx_pwm.o)
                               0x9f8f (size before relaxing)
 .debug_str     0x0000f0c9       0xaf C:\Users\Pato\Documents\LPCXpresso_8.2.2_650\workspace2\CMSISv2p00_LPC17xx\Debug\libCMSISv2p00_LPC17xx.a(lpc17xx_systick.o)
                               0x94e6 (size before relaxing)
 .debug_str     0x0000f178      0x1fc C:\Users\Pato\Documents\LPCXpresso_8.2.2_650\workspace2\CMSISv2p00_LPC17xx\Debug\libCMSISv2p00_LPC17xx.a(lpc17xx_timer.o)
                               0xa36a (size before relaxing)
 .debug_str     0x0000f374      0x72a C:\Users\Pato\Documents\LPCXpresso_8.2.2_650\workspace2\CMSISv2p00_LPC17xx\Debug\libCMSISv2p00_LPC17xx.a(lpc17xx_uart.o)
                               0xb40b (size before relaxing)

.comment        0x00000000       0xdc
 .comment       0x00000000       0x6e ./src/RoboticArmUARTControl.o
                                 0x6f (size before relaxing)
 .comment       0x0000006e       0x6f ./src/cr_startup_lpc175x_6x.o
 .comment       0x0000006e       0x6f ./inc/servo_motors.o
 .comment       0x0000006e       0x6f ./inc/stepper_motors.o
 .comment       0x0000006e       0x6f C:\Users\Pato\Documents\LPCXpresso_8.2.2_650\workspace2\CMSISv2p00_LPC17xx\Debug\libCMSISv2p00_LPC17xx.a(system_LPC17xx.o)
 .comment       0x0000006e       0x6f C:\Users\Pato\Documents\LPCXpresso_8.2.2_650\workspace2\CMSISv2p00_LPC17xx\Debug\libCMSISv2p00_LPC17xx.a(lpc17xx_adc.o)
 .comment       0x0000006e       0x6f C:\Users\Pato\Documents\LPCXpresso_8.2.2_650\workspace2\CMSISv2p00_LPC17xx\Debug\libCMSISv2p00_LPC17xx.a(lpc17xx_clkpwr.o)
 .comment       0x0000006e       0x6f C:\Users\Pato\Documents\LPCXpresso_8.2.2_650\workspace2\CMSISv2p00_LPC17xx\Debug\libCMSISv2p00_LPC17xx.a(lpc17xx_gpio.o)
 .comment       0x0000006e       0x6f C:\Users\Pato\Documents\LPCXpresso_8.2.2_650\workspace2\CMSISv2p00_LPC17xx\Debug\libCMSISv2p00_LPC17xx.a(lpc17xx_libcfg_default.o)
 .comment       0x0000006e       0x6f C:\Users\Pato\Documents\LPCXpresso_8.2.2_650\workspace2\CMSISv2p00_LPC17xx\Debug\libCMSISv2p00_LPC17xx.a(lpc17xx_pinsel.o)
 .comment       0x0000006e       0x6f C:\Users\Pato\Documents\LPCXpresso_8.2.2_650\workspace2\CMSISv2p00_LPC17xx\Debug\libCMSISv2p00_LPC17xx.a(lpc17xx_pwm.o)
 .comment       0x0000006e       0x6f C:\Users\Pato\Documents\LPCXpresso_8.2.2_650\workspace2\CMSISv2p00_LPC17xx\Debug\libCMSISv2p00_LPC17xx.a(lpc17xx_systick.o)
 .comment       0x0000006e       0x6f C:\Users\Pato\Documents\LPCXpresso_8.2.2_650\workspace2\CMSISv2p00_LPC17xx\Debug\libCMSISv2p00_LPC17xx.a(lpc17xx_timer.o)
 .comment       0x0000006e       0x6f C:\Users\Pato\Documents\LPCXpresso_8.2.2_650\workspace2\CMSISv2p00_LPC17xx\Debug\libCMSISv2p00_LPC17xx.a(lpc17xx_uart.o)
 .comment       0x0000006e       0x6e c:/nxp/lpcxpresso_8.2.2_650/lpcxpresso/tools/bin/../lib/gcc/arm-none-eabi/5.4.1/../../../../arm-none-eabi/lib/armv7-m\libcr_c.a(__weak__main.o)
                                 0x6f (size before relaxing)

.ARM.attributes
                0x00000000       0x31
 .ARM.attributes
                0x00000000       0x33 ./src/RoboticArmUARTControl.o
 .ARM.attributes
                0x00000033       0x33 ./src/cr_startup_lpc175x_6x.o
 .ARM.attributes
                0x00000066       0x33 ./inc/servo_motors.o
 .ARM.attributes
                0x00000099       0x33 ./inc/stepper_motors.o
 .ARM.attributes
                0x000000cc       0x33 C:\Users\Pato\Documents\LPCXpresso_8.2.2_650\workspace2\CMSISv2p00_LPC17xx\Debug\libCMSISv2p00_LPC17xx.a(system_LPC17xx.o)
 .ARM.attributes
                0x000000ff       0x33 C:\Users\Pato\Documents\LPCXpresso_8.2.2_650\workspace2\CMSISv2p00_LPC17xx\Debug\libCMSISv2p00_LPC17xx.a(lpc17xx_adc.o)
 .ARM.attributes
                0x00000132       0x33 C:\Users\Pato\Documents\LPCXpresso_8.2.2_650\workspace2\CMSISv2p00_LPC17xx\Debug\libCMSISv2p00_LPC17xx.a(lpc17xx_clkpwr.o)
 .ARM.attributes
                0x00000165       0x33 C:\Users\Pato\Documents\LPCXpresso_8.2.2_650\workspace2\CMSISv2p00_LPC17xx\Debug\libCMSISv2p00_LPC17xx.a(lpc17xx_gpio.o)
 .ARM.attributes
                0x00000198       0x33 C:\Users\Pato\Documents\LPCXpresso_8.2.2_650\workspace2\CMSISv2p00_LPC17xx\Debug\libCMSISv2p00_LPC17xx.a(lpc17xx_libcfg_default.o)
 .ARM.attributes
                0x000001cb       0x33 C:\Users\Pato\Documents\LPCXpresso_8.2.2_650\workspace2\CMSISv2p00_LPC17xx\Debug\libCMSISv2p00_LPC17xx.a(lpc17xx_pinsel.o)
 .ARM.attributes
                0x000001fe       0x33 C:\Users\Pato\Documents\LPCXpresso_8.2.2_650\workspace2\CMSISv2p00_LPC17xx\Debug\libCMSISv2p00_LPC17xx.a(lpc17xx_pwm.o)
 .ARM.attributes
                0x00000231       0x33 C:\Users\Pato\Documents\LPCXpresso_8.2.2_650\workspace2\CMSISv2p00_LPC17xx\Debug\libCMSISv2p00_LPC17xx.a(lpc17xx_systick.o)
 .ARM.attributes
                0x00000264       0x33 C:\Users\Pato\Documents\LPCXpresso_8.2.2_650\workspace2\CMSISv2p00_LPC17xx\Debug\libCMSISv2p00_LPC17xx.a(lpc17xx_timer.o)
 .ARM.attributes
                0x00000297       0x33 C:\Users\Pato\Documents\LPCXpresso_8.2.2_650\workspace2\CMSISv2p00_LPC17xx\Debug\libCMSISv2p00_LPC17xx.a(lpc17xx_uart.o)
 .ARM.attributes
                0x000002ca       0x33 c:/nxp/lpcxpresso_8.2.2_650/lpcxpresso/tools/bin/../lib/gcc/arm-none-eabi/5.4.1/../../../../arm-none-eabi/lib/armv7-m\libcr_c.a(__weak__main.o)
 .ARM.attributes
                0x000002fd       0x21 c:/nxp/lpcxpresso_8.2.2_650/lpcxpresso/tools/bin/../lib/gcc/arm-none-eabi/5.4.1/armv7-m\libcr_eabihelpers.a(division_64.o)
 .ARM.attributes
                0x0000031e       0x21 c:/nxp/lpcxpresso_8.2.2_650/lpcxpresso/tools/bin/../lib/gcc/arm-none-eabi/5.4.1/armv7-m\libcr_eabihelpers.a(division_idiv0.o)

.debug_frame    0x00000000     0x1698
 .debug_frame   0x00000000      0x4cc ./src/RoboticArmUARTControl.o
 .debug_frame   0x000004cc      0x170 ./src/cr_startup_lpc175x_6x.o
 .debug_frame   0x0000063c      0x1d8 ./inc/servo_motors.o
 .debug_frame   0x00000814      0x340 ./inc/stepper_motors.o
 .debug_frame   0x00000b54       0x3c C:\Users\Pato\Documents\LPCXpresso_8.2.2_650\workspace2\CMSISv2p00_LPC17xx\Debug\libCMSISv2p00_LPC17xx.a(system_LPC17xx.o)
 .debug_frame   0x00000b90      0x16c C:\Users\Pato\Documents\LPCXpresso_8.2.2_650\workspace2\CMSISv2p00_LPC17xx\Debug\libCMSISv2p00_LPC17xx.a(lpc17xx_adc.o)
 .debug_frame   0x00000cfc       0xa8 C:\Users\Pato\Documents\LPCXpresso_8.2.2_650\workspace2\CMSISv2p00_LPC17xx\Debug\libCMSISv2p00_LPC17xx.a(lpc17xx_clkpwr.o)
 .debug_frame   0x00000da4      0x1c0 C:\Users\Pato\Documents\LPCXpresso_8.2.2_650\workspace2\CMSISv2p00_LPC17xx\Debug\libCMSISv2p00_LPC17xx.a(lpc17xx_gpio.o)
 .debug_frame   0x00000f64       0x20 C:\Users\Pato\Documents\LPCXpresso_8.2.2_650\workspace2\CMSISv2p00_LPC17xx\Debug\libCMSISv2p00_LPC17xx.a(lpc17xx_libcfg_default.o)
 .debug_frame   0x00000f84       0x4c C:\Users\Pato\Documents\LPCXpresso_8.2.2_650\workspace2\CMSISv2p00_LPC17xx\Debug\libCMSISv2p00_LPC17xx.a(lpc17xx_pinsel.o)
 .debug_frame   0x00000fd0      0x194 C:\Users\Pato\Documents\LPCXpresso_8.2.2_650\workspace2\CMSISv2p00_LPC17xx\Debug\libCMSISv2p00_LPC17xx.a(lpc17xx_pwm.o)
 .debug_frame   0x00001164       0x98 C:\Users\Pato\Documents\LPCXpresso_8.2.2_650\workspace2\CMSISv2p00_LPC17xx\Debug\libCMSISv2p00_LPC17xx.a(lpc17xx_systick.o)
 .debug_frame   0x000011fc      0x170 C:\Users\Pato\Documents\LPCXpresso_8.2.2_650\workspace2\CMSISv2p00_LPC17xx\Debug\libCMSISv2p00_LPC17xx.a(lpc17xx_timer.o)
 .debug_frame   0x0000136c      0x32c C:\Users\Pato\Documents\LPCXpresso_8.2.2_650\workspace2\CMSISv2p00_LPC17xx\Debug\libCMSISv2p00_LPC17xx.a(lpc17xx_uart.o)

.debug_loc      0x00000000     0x2fbf
 .debug_loc     0x00000000      0x4f7 C:\Users\Pato\Documents\LPCXpresso_8.2.2_650\workspace2\CMSISv2p00_LPC17xx\Debug\libCMSISv2p00_LPC17xx.a(lpc17xx_adc.o)
 .debug_loc     0x000004f7      0x1a9 C:\Users\Pato\Documents\LPCXpresso_8.2.2_650\workspace2\CMSISv2p00_LPC17xx\Debug\libCMSISv2p00_LPC17xx.a(lpc17xx_clkpwr.o)
 .debug_loc     0x000006a0      0x76a C:\Users\Pato\Documents\LPCXpresso_8.2.2_650\workspace2\CMSISv2p00_LPC17xx\Debug\libCMSISv2p00_LPC17xx.a(lpc17xx_gpio.o)
 .debug_loc     0x00000e0a      0x15c C:\Users\Pato\Documents\LPCXpresso_8.2.2_650\workspace2\CMSISv2p00_LPC17xx\Debug\libCMSISv2p00_LPC17xx.a(lpc17xx_pinsel.o)
 .debug_loc     0x00000f66      0x5ac C:\Users\Pato\Documents\LPCXpresso_8.2.2_650\workspace2\CMSISv2p00_LPC17xx\Debug\libCMSISv2p00_LPC17xx.a(lpc17xx_pwm.o)
 .debug_loc     0x00001512      0x175 C:\Users\Pato\Documents\LPCXpresso_8.2.2_650\workspace2\CMSISv2p00_LPC17xx\Debug\libCMSISv2p00_LPC17xx.a(lpc17xx_systick.o)
 .debug_loc     0x00001687      0x698 C:\Users\Pato\Documents\LPCXpresso_8.2.2_650\workspace2\CMSISv2p00_LPC17xx\Debug\libCMSISv2p00_LPC17xx.a(lpc17xx_timer.o)
 .debug_loc     0x00001d1f     0x12a0 C:\Users\Pato\Documents\LPCXpresso_8.2.2_650\workspace2\CMSISv2p00_LPC17xx\Debug\libCMSISv2p00_LPC17xx.a(lpc17xx_uart.o)
