Archive member included to satisfy reference by file (symbol)

C:\Users\nacho\Documents\LPCXpresso_8.2.2_650\workspace_CMSIS\CMSISv2p00_LPC17xx\Debug\libCMSISv2p00_LPC17xx.a(system_LPC17xx.o)
                              ./src/cr_startup_lpc175x_6x.o (SystemInit)
C:\Users\nacho\Documents\LPCXpresso_8.2.2_650\workspace_CMSIS\CMSISv2p00_LPC17xx\Debug\libCMSISv2p00_LPC17xx.a(lpc17xx_adc.o)
                              ./src/RoboticArmUARTControl.o (ADC_Init)
C:\Users\nacho\Documents\LPCXpresso_8.2.2_650\workspace_CMSIS\CMSISv2p00_LPC17xx\Debug\libCMSISv2p00_LPC17xx.a(lpc17xx_clkpwr.o)
                              C:\Users\nacho\Documents\LPCXpresso_8.2.2_650\workspace_CMSIS\CMSISv2p00_LPC17xx\Debug\libCMSISv2p00_LPC17xx.a(lpc17xx_adc.o) (CLKPWR_GetPCLK)
C:\Users\nacho\Documents\LPCXpresso_8.2.2_650\workspace_CMSIS\CMSISv2p00_LPC17xx\Debug\libCMSISv2p00_LPC17xx.a(lpc17xx_gpio.o)
                              ./inc/stepper_motors.o (GPIO_SetDir)
C:\Users\nacho\Documents\LPCXpresso_8.2.2_650\workspace_CMSIS\CMSISv2p00_LPC17xx\Debug\libCMSISv2p00_LPC17xx.a(lpc17xx_libcfg_default.o)
                              C:\Users\nacho\Documents\LPCXpresso_8.2.2_650\workspace_CMSIS\CMSISv2p00_LPC17xx\Debug\libCMSISv2p00_LPC17xx.a(lpc17xx_adc.o) (check_failed)
C:\Users\nacho\Documents\LPCXpresso_8.2.2_650\workspace_CMSIS\CMSISv2p00_LPC17xx\Debug\libCMSISv2p00_LPC17xx.a(lpc17xx_pinsel.o)
                              ./src/RoboticArmUARTControl.o (PINSEL_ConfigPin)
C:\Users\nacho\Documents\LPCXpresso_8.2.2_650\workspace_CMSIS\CMSISv2p00_LPC17xx\Debug\libCMSISv2p00_LPC17xx.a(lpc17xx_pwm.o)
                              ./inc/servo_motors.o (PWM_Init)
C:\Users\nacho\Documents\LPCXpresso_8.2.2_650\workspace_CMSIS\CMSISv2p00_LPC17xx\Debug\libCMSISv2p00_LPC17xx.a(lpc17xx_systick.o)
                              ./src/RoboticArmUARTControl.o (SYSTICK_IntCmd)
C:\Users\nacho\Documents\LPCXpresso_8.2.2_650\workspace_CMSIS\CMSISv2p00_LPC17xx\Debug\libCMSISv2p00_LPC17xx.a(lpc17xx_timer.o)
                              ./src/RoboticArmUARTControl.o (TIM_GetIntStatus)
C:\Users\nacho\Documents\LPCXpresso_8.2.2_650\workspace_CMSIS\CMSISv2p00_LPC17xx\Debug\libCMSISv2p00_LPC17xx.a(lpc17xx_uart.o)
                              ./src/RoboticArmUARTControl.o (UART_Init)
c:/nxp/lpcxpresso_8.2.2_650/lpcxpresso/tools/bin/../lib/gcc/arm-none-eabi/5.4.1/../../../../arm-none-eabi/lib/armv7-m\libcr_c.a(memcpy.o)
                              ./src/RoboticArmUARTControl.o (memcpy)
c:/nxp/lpcxpresso_8.2.2_650/lpcxpresso/tools/bin/../lib/gcc/arm-none-eabi/5.4.1/../../../../arm-none-eabi/lib/armv7-m\libcr_c.a(__weak__main.o)
                              ./src/cr_startup_lpc175x_6x.o (__main)
c:/nxp/lpcxpresso_8.2.2_650/lpcxpresso/tools/bin/../lib/gcc/arm-none-eabi/5.4.1/armv7-m\libcr_eabihelpers.a(division_64.o)
                              C:\Users\nacho\Documents\LPCXpresso_8.2.2_650\workspace_CMSIS\CMSISv2p00_LPC17xx\Debug\libCMSISv2p00_LPC17xx.a(system_LPC17xx.o) (__aeabi_ldivmod)
c:/nxp/lpcxpresso_8.2.2_650/lpcxpresso/tools/bin/../lib/gcc/arm-none-eabi/5.4.1/armv7-m\libcr_eabihelpers.a(division_idiv0.o)
                              c:/nxp/lpcxpresso_8.2.2_650/lpcxpresso/tools/bin/../lib/gcc/arm-none-eabi/5.4.1/armv7-m\libcr_eabihelpers.a(division_64.o) (__aeabi_idiv0)
c:/nxp/lpcxpresso_8.2.2_650/lpcxpresso/tools/bin/../lib/gcc/arm-none-eabi/5.4.1/armv7-m\libcr_eabihelpers.a(float.o)
                              C:\Users\nacho\Documents\LPCXpresso_8.2.2_650\workspace_CMSIS\CMSISv2p00_LPC17xx\Debug\libCMSISv2p00_LPC17xx.a(lpc17xx_systick.o) (__aeabi_ui2f)
c:/nxp/lpcxpresso_8.2.2_650/lpcxpresso/tools/bin/../lib/gcc/arm-none-eabi/5.4.1/armv7-m\libcr_eabihelpers.a(memcpy.o)
                              c:/nxp/lpcxpresso_8.2.2_650/lpcxpresso/tools/bin/../lib/gcc/arm-none-eabi/5.4.1/../../../../arm-none-eabi/lib/armv7-m\libcr_c.a(memcpy.o) (__aeabi_memcpy)

Discarded input sections

 .group         0x00000000        0x8 ./src/RoboticArmUARTControl.o
 .group         0x00000000        0x8 ./src/RoboticArmUARTControl.o
 .group         0x00000000        0x8 ./src/RoboticArmUARTControl.o
 .group         0x00000000        0x8 ./src/RoboticArmUARTControl.o
 .group         0x00000000        0x8 ./src/RoboticArmUARTControl.o
 .group         0x00000000        0x8 ./src/RoboticArmUARTControl.o
 .group         0x00000000        0x8 ./src/RoboticArmUARTControl.o
 .group         0x00000000        0x8 ./src/RoboticArmUARTControl.o
 .group         0x00000000        0x8 ./src/RoboticArmUARTControl.o
 .group         0x00000000        0x8 ./src/RoboticArmUARTControl.o
 .group         0x00000000        0x8 ./src/RoboticArmUARTControl.o
 .group         0x00000000        0x8 ./src/RoboticArmUARTControl.o
 .group         0x00000000        0x8 ./src/RoboticArmUARTControl.o
 .group         0x00000000        0x8 ./src/RoboticArmUARTControl.o
 .group         0x00000000        0x8 ./src/RoboticArmUARTControl.o
 .group         0x00000000        0x8 ./src/RoboticArmUARTControl.o
[...]
Memory Configuration

Name             Origin             Length             Attributes
MFlash512        0x00000000         0x00080000         xr
RamLoc32         0x10000000         0x00008000         xrw
RamAHB32         0x2007c000         0x00008000         xrw
*default*        0x00000000         0xffffffff

Linker script and memory map

LOAD ./src/RoboticArmUARTControl.o
LOAD ./src/cr_startup_lpc175x_6x.o
LOAD ./src/crp.o
LOAD ./inc/servo_motors.o
LOAD ./inc/stepper_motors.o
LOAD C:\Users\nacho\Documents\LPCXpresso_8.2.2_650\workspace_CMSIS\CMSISv2p00_LPC17xx\Debug\libCMSISv2p00_LPC17xx.a
START GROUP
LOAD c:/nxp/lpcxpresso_8.2.2_650/lpcxpresso/tools/bin/../lib/gcc/arm-none-eabi/5.4.1/../../../../arm-none-eabi/lib/armv7-m\libcr_c.a
LOAD c:/nxp/lpcxpresso_8.2.2_650/lpcxpresso/tools/bin/../lib/gcc/arm-none-eabi/5.4.1/armv7-m\libcr_eabihelpers.a
END GROUP
                0x00000000                __base_MFlash512 = 0x0
                0x00000000                __base_Flash = 0x0
                0x00080000                __top_MFlash512 = 0x80000
                0x00080000                __top_Flash = 0x80000
                0x10000000                __base_RamLoc32 = 0x10000000
                0x10000000                __base_RAM = 0x10000000
                0x10008000                __top_RamLoc32 = 0x10008000
                0x10008000                __top_RAM = 0x10008000
                0x2007c000                __base_RamAHB32 = 0x2007c000
                0x2007c000                __base_RAM2 = 0x2007c000
                0x20084000                __top_RamAHB32 = 0x20084000
                0x20084000                __top_RAM2 = 0x20084000

.text           0x00000000     0x3468
 FILL mask 0xff
                0x00000000                __vectors_start__ = ABSOLUTE (.)
 *(.isr_vector)
 .isr_vector    0x00000000       0xcc ./src/cr_startup_lpc175x_6x.o
                0x00000000                g_pfnVectors
                0x000000cc                . = ALIGN (0x4)
                0x000000cc                __section_table_start = .
                0x000000cc                __data_section_table = .
                0x000000cc        0x4 LONG 0x3468 LOADADDR (.data)
                0x000000d0        0x4 LONG 0x10000000 ADDR (.data)
                0x000000d4        0x4 LONG 0x8 SIZEOF (.data)
                0x000000d8        0x4 LONG 0x3468 LOADADDR (.data_RAM2)
                0x000000dc        0x4 LONG 0x2007c000 ADDR (.data_RAM2)
                0x000000e0        0x4 LONG 0x0 SIZEOF (.data_RAM2)
                0x000000e4                __data_section_table_end = .
                0x000000e4                __bss_section_table = .
                0x000000e4        0x4 LONG 0x10000008 ADDR (.bss)
                0x000000e8        0x4 LONG 0x1ff4 SIZEOF (.bss)
                0x000000ec        0x4 LONG 0x2007c000 ADDR (.bss_RAM2)
                0x000000f0        0x4 LONG 0x0 SIZEOF (.bss_RAM2)
                0x000000f4                __bss_section_table_end = .
                0x000000f4                __section_table_end = .
 *(.after_vectors*)
 .after_vectors
                0x000000f4      0x144 ./src/cr_startup_lpc175x_6x.o
                0x000000f4                data_init
                0x00000138                bss_init
                0x00000170                ResetISR
                0x000001e8                NMI_Handler
                0x000001f0                HardFault_Handler
                0x000001f8                MemManage_Handler
                0x00000200                BusFault_Handler
                0x00000208                UsageFault_Handler
                0x00000210                SVC_Handler
                0x00000218                DebugMon_Handler
                0x00000220                PendSV_Handler
                0x00000230                EINT3_IRQHandler
                0x00000230                CANActivity_IRQHandler
                0x00000230                EINT2_IRQHandler
                0x00000230                I2C1_IRQHandler
                0x00000230                IntDefaultHandler
                0x00000230                PLL0_IRQHandler
                0x00000230                CAN_IRQHandler
                0x00000230                PLL1_IRQHandler
                0x00000230                UART1_IRQHandler
                0x00000230                I2S_IRQHandler
                0x00000230                I2C2_IRQHandler
                0x00000230                RTC_IRQHandler
                0x00000230                SPI_IRQHandler
                0x00000230                PWM1_IRQHandler
                0x00000230                EINT1_IRQHandler
                0x00000230                UART2_IRQHandler
                0x00000230                SSP1_IRQHandler
                0x00000230                USB_IRQHandler
                0x00000230                BOD_IRQHandler
                0x00000230                USBActivity_IRQHandler
                0x00000230                WDT_IRQHandler
                0x00000230                I2C0_IRQHandler
                0x00000230                QEI_IRQHandler
                0x00000230                EINT0_IRQHandler
                0x00000230                RIT_IRQHandler
                0x00000230                DMA_IRQHandler
                0x00000230                SSP0_IRQHandler
                0x00000230                UART3_IRQHandler
                0x00000230                MCPWM_IRQHandler
                0x00000230                ENET_IRQHandler
 *(.text*)
 .text.NVIC_EnableIRQ
                0x00000238       0x30 ./src/RoboticArmUARTControl.o
 .text.NVIC_DisableIRQ
                0x00000268       0x34 ./src/RoboticArmUARTControl.o
 .text.NVIC_SetPriority
                0x0000029c       0x54 ./src/RoboticArmUARTControl.o
 .text.SysTick_Config
                0x000002f0       0x44 ./src/RoboticArmUARTControl.o
 .text.main     0x00000334      0x538 ./src/RoboticArmUARTControl.o
                0x00000334                main
 .text.limpiar_perifericos
                0x0000086c       0x2c ./src/RoboticArmUARTControl.o
                0x0000086c                limpiar_perifericos
 .text.confUart
                0x00000898       0x9c ./src/RoboticArmUARTControl.o
                0x00000898                confUart
 .text.confSteppers
                0x00000934      0x1bc ./src/RoboticArmUARTControl.o
                0x00000934                confSteppers
 .text.confServo
                0x00000af0       0x4c ./src/RoboticArmUARTControl.o
                0x00000af0                confServo
 .text.inicializarTimerDeGrabacion
                0x00000b3c       0x8c ./src/RoboticArmUARTControl.o
                0x00000b3c                inicializarTimerDeGrabacion
 .text.cmdMatch0InterruptTimGrabacion
                0x00000bc8       0x40 ./src/RoboticArmUARTControl.o
                0x00000bc8                cmdMatch0InterruptTimGrabacion
 .text.leerYResetearTimer
                0x00000c08       0x20 ./src/RoboticArmUARTControl.o
                0x00000c08                leerYResetearTimer
 .text.states   0x00000c28       0x3c ./src/RoboticArmUARTControl.o
                0x00000c28                states
 .text.getEstado
                0x00000c64       0x14 ./src/RoboticArmUARTControl.o
                0x00000c64                getEstado
 .text.setEstado
                0x00000c78       0x1c ./src/RoboticArmUARTControl.o
                0x00000c78                setEstado
 .text.banderaEnEstadoEjecucion
                0x00000c94       0x38 ./src/RoboticArmUARTControl.o
                0x00000c94                banderaEnEstadoEjecucion
 .text.getBanderaEnEstadoEjecucion
                0x00000ccc       0x14 ./src/RoboticArmUARTControl.o
                0x00000ccc                getBanderaEnEstadoEjecucion
 .text.setBanderaEnEstadoEjecucion
                0x00000ce0       0x1c ./src/RoboticArmUARTControl.o
                0x00000ce0                setBanderaEnEstadoEjecucion
 .text.garraCmd
                0x00000cfc       0x64 ./src/RoboticArmUARTControl.o
                0x00000cfc                garraCmd
 .text.ejecutarUARTCmd
                0x00000d60      0x15c ./src/RoboticArmUARTControl.o
                0x00000d60                ejecutarUARTCmd
 .text.detenerMovimientos
                0x00000ebc       0x30 ./src/RoboticArmUARTControl.o
                0x00000ebc                detenerMovimientos
 .text.posicion
                0x00000eec       0x54 ./src/RoboticArmUARTControl.o
                0x00000eec                posicion
 .text.getPosSteppers
                0x00000f40       0x3c ./src/RoboticArmUARTControl.o
                0x00000f40                getPosSteppers
 .text.regStampUpdate
                0x00000f7c      0x100 ./src/RoboticArmUARTControl.o
                0x00000f7c                regStampUpdate
 .text.pote_setup
                0x0000107c       0x3c ./src/RoboticArmUARTControl.o
                0x0000107c                pote_setup
 .text.conf_adcpin
                0x000010b8       0xcc ./src/RoboticArmUARTControl.o
                0x000010b8                conf_adcpin
 .text.pote_start
                0x00001184       0x24 ./src/RoboticArmUARTControl.o
                0x00001184                pote_start
 .text.adc_to_porcentaje
                0x000011a8       0x34 ./src/RoboticArmUARTControl.o
                0x000011a8                adc_to_porcentaje
 .text.porcentaje_to_value
                0x000011dc       0x40 ./src/RoboticArmUARTControl.o
                0x000011dc                porcentaje_to_value
 .text.TIMER0_IRQHandler
                0x0000121c       0x64 ./src/RoboticArmUARTControl.o
                0x0000121c                TIMER0_IRQHandler
 .text.TIMER2_IRQHandler
                0x00001280       0x64 ./src/RoboticArmUARTControl.o
                0x00001280                TIMER2_IRQHandler
 .text.TIMER3_IRQHandler
                0x000012e4       0x64 ./src/RoboticArmUARTControl.o
                0x000012e4                TIMER3_IRQHandler
 .text.TIMER1_IRQHandler
                0x00001348       0x2c ./src/RoboticArmUARTControl.o
                0x00001348                TIMER1_IRQHandler
 .text.SysTick_Handler
                0x00001374       0x70 ./src/RoboticArmUARTControl.o
                0x00001374                SysTick_Handler
 .text.UART0_IRQHandler
                0x000013e4      0x218 ./src/RoboticArmUARTControl.o
                0x000013e4                UART0_IRQHandler
 .text.ADC_IRQHandler
                0x000015fc       0x80 ./src/RoboticArmUARTControl.o
                0x000015fc                ADC_IRQHandler
 .text.PWM_pin_config
                0x0000167c       0x44 ./inc/servo_motors.o
                0x0000167c                PWM_pin_config
 .text.PWM_timer_config
                0x000016c0       0x2c ./inc/servo_motors.o
                0x000016c0                PWM_timer_config
 .text.PWM_config_M0
                0x000016ec       0x3c ./inc/servo_motors.o
                0x000016ec                PWM_config_M0
 .text.PWM_config_Mx
                0x00001728       0x64 ./inc/servo_motors.o
                0x00001728                PWM_config_Mx
 .text.PWM_start
                0x0000178c       0x24 ./inc/servo_motors.o
                0x0000178c                PWM_start
 .text.servo_init
                0x000017b0       0x44 ./inc/servo_motors.o
                0x000017b0                servo_init
 .text.servo_pin_start
                0x000017f4       0x24 ./inc/servo_motors.o
                0x000017f4                servo_pin_start
 .text.servo_update_duty_cycle
                0x00001818       0x24 ./inc/servo_motors.o
                0x00001818                servo_update_duty_cycle
 .text.get_servo_motor
                0x0000183c       0x24 ./inc/servo_motors.o
                0x0000183c                get_servo_motor
 .text.put_servo_motor
                0x00001860       0x18 ./inc/servo_motors.o
                0x00001860                put_servo_motor
 .text.servo_motors
                0x00001878       0x48 ./inc/servo_motors.o
                0x00001878                servo_motors
 .text.NVIC_EnableIRQ
                0x000018c0       0x30 ./inc/stepper_motors.o
 .text.motor_config
                0x000018f0      0x180 ./inc/stepper_motors.o
                0x000018f0                motor_config
 .text.motor_timer_init
                0x00001a70       0x3c ./inc/stepper_motors.o
                0x00001a70                motor_timer_init
 .text.start_motor_timer
                0x00001aac       0x1c ./inc/stepper_motors.o
                0x00001aac                start_motor_timer
 .text.micro_stepping_cfg
                0x00001ac8       0xc0 ./inc/stepper_motors.o
                0x00001ac8                micro_stepping_cfg
 .text.stop_steps
                0x00001b88       0x38 ./inc/stepper_motors.o
                0x00001b88                stop_steps
 .text.start_steps
                0x00001bc0       0x80 ./inc/stepper_motors.o
                0x00001bc0                start_steps
 .text.ch_velocity
                0x00001c40       0x24 ./inc/stepper_motors.o
                0x00001c40                ch_velocity
 .text.get_motor
                0x00001c64       0x24 ./inc/stepper_motors.o
                0x00001c64                get_motor
 .text.put_motor
                0x00001c88       0x18 ./inc/stepper_motors.o
                0x00001c88                put_motor
 .text.motors   0x00001ca0       0x4c ./inc/stepper_motors.o
                0x00001ca0                motors
 .text.set_step_flag
                0x00001cec       0x20 ./inc/stepper_motors.o
                0x00001cec                set_step_flag
 .text.clear_step_flag
                0x00001d0c       0x20 ./inc/stepper_motors.o
                0x00001d0c                clear_step_flag
 .text.get_motor_flag
                0x00001d2c       0x20 ./inc/stepper_motors.o
                0x00001d2c                get_motor_flag
 .text.motor_flags
                0x00001d4c       0x44 ./inc/stepper_motors.o
                0x00001d4c                motor_flags
 .text.do_step  0x00001d90       0x44 ./inc/stepper_motors.o
                0x00001d90                do_step
 .text.config_timer_useg
                0x00001dd4       0x34 ./inc/stepper_motors.o
                0x00001dd4                config_timer_useg
 .text.config_match
                0x00001e08       0x38 ./inc/stepper_motors.o
                0x00001e08                config_match
 .text.get_IRQn
                0x00001e40       0x50 ./inc/stepper_motors.o
                0x00001e40                get_IRQn
 .text.delay    0x00001e90       0x28 ./inc/stepper_motors.o
                0x00001e90                delay
 .text.SystemInit
                0x00001eb8       0xdc C:\Users\nacho\Documents\LPCXpresso_8.2.2_650\workspace_CMSIS\CMSISv2p00_LPC17xx\Debug\libCMSISv2p00_LPC17xx.a(system_LPC17xx.o)
                0x00001eb8                SystemInit
 .text.ADC_Init
                0x00001f94       0x58 C:\Users\nacho\Documents\LPCXpresso_8.2.2_650\workspace_CMSIS\CMSISv2p00_LPC17xx\Debug\libCMSISv2p00_LPC17xx.a(lpc17xx_adc.o)
                0x00001f94                ADC_Init
 .text.ADC_StartCmd
                0x00001fec       0x3c C:\Users\nacho\Documents\LPCXpresso_8.2.2_650\workspace_CMSIS\CMSISv2p00_LPC17xx\Debug\libCMSISv2p00_LPC17xx.a(lpc17xx_adc.o)
                0x00001fec                ADC_StartCmd
 .text.ADC_BurstCmd
                0x00002028       0x30 C:\Users\nacho\Documents\LPCXpresso_8.2.2_650\workspace_CMSIS\CMSISv2p00_LPC17xx\Debug\libCMSISv2p00_LPC17xx.a(lpc17xx_adc.o)
                0x00002028                ADC_BurstCmd
 .text.ADC_PowerdownCmd
                0x00002058       0x30 C:\Users\nacho\Documents\LPCXpresso_8.2.2_650\workspace_CMSIS\CMSISv2p00_LPC17xx\Debug\libCMSISv2p00_LPC17xx.a(lpc17xx_adc.o)
                0x00002058                ADC_PowerdownCmd
 .text.ADC_IntConfig
                0x00002088       0x40 C:\Users\nacho\Documents\LPCXpresso_8.2.2_650\workspace_CMSIS\CMSISv2p00_LPC17xx\Debug\libCMSISv2p00_LPC17xx.a(lpc17xx_adc.o)
                0x00002088                ADC_IntConfig
 .text.ADC_ChannelCmd
                0x000020c8       0x3c C:\Users\nacho\Documents\LPCXpresso_8.2.2_650\workspace_CMSIS\CMSISv2p00_LPC17xx\Debug\libCMSISv2p00_LPC17xx.a(lpc17xx_adc.o)
                0x000020c8                ADC_ChannelCmd
 .text.ADC_ChannelGetData
                0x00002104       0x28 C:\Users\nacho\Documents\LPCXpresso_8.2.2_650\workspace_CMSIS\CMSISv2p00_LPC17xx\Debug\libCMSISv2p00_LPC17xx.a(lpc17xx_adc.o)
                0x00002104                ADC_ChannelGetData
 .text.ADC_ChannelGetStatus
                0x0000212c       0x48 C:\Users\nacho\Documents\LPCXpresso_8.2.2_650\workspace_CMSIS\CMSISv2p00_LPC17xx\Debug\libCMSISv2p00_LPC17xx.a(lpc17xx_adc.o)
                0x0000212c                ADC_ChannelGetStatus
 .text.CLKPWR_SetPCLKDiv
                0x00002174       0x50 C:\Users\nacho\Documents\LPCXpresso_8.2.2_650\workspace_CMSIS\CMSISv2p00_LPC17xx\Debug\libCMSISv2p00_LPC17xx.a(lpc17xx_clkpwr.o)
                0x00002174                CLKPWR_SetPCLKDiv
 .text.CLKPWR_GetPCLKSEL
                0x000021c4       0x20 C:\Users\nacho\Documents\LPCXpresso_8.2.2_650\workspace_CMSIS\CMSISv2p00_LPC17xx\Debug\libCMSISv2p00_LPC17xx.a(lpc17xx_clkpwr.o)
                0x000021c4                CLKPWR_GetPCLKSEL
 .text.CLKPWR_GetPCLK
                0x000021e4       0x28 C:\Users\nacho\Documents\LPCXpresso_8.2.2_650\workspace_CMSIS\CMSISv2p00_LPC17xx\Debug\libCMSISv2p00_LPC17xx.a(lpc17xx_clkpwr.o)
                0x000021e4                CLKPWR_GetPCLK
 .text.CLKPWR_ConfigPPWR
                0x0000220c       0x38 C:\Users\nacho\Documents\LPCXpresso_8.2.2_650\workspace_CMSIS\CMSISv2p00_LPC17xx\Debug\libCMSISv2p00_LPC17xx.a(lpc17xx_clkpwr.o)
                0x0000220c                CLKPWR_ConfigPPWR
 .text.GPIO_SetDir
                0x00002244       0x24 C:\Users\nacho\Documents\LPCXpresso_8.2.2_650\workspace_CMSIS\CMSISv2p00_LPC17xx\Debug\libCMSISv2p00_LPC17xx.a(lpc17xx_gpio.o)
                0x00002244                GPIO_SetDir
 .text.GPIO_SetValue
                0x00002268       0x14 C:\Users\nacho\Documents\LPCXpresso_8.2.2_650\workspace_CMSIS\CMSISv2p00_LPC17xx\Debug\libCMSISv2p00_LPC17xx.a(lpc17xx_gpio.o)
                0x00002268                GPIO_SetValue
 .text.GPIO_ClearValue
                0x0000227c       0x14 C:\Users\nacho\Documents\LPCXpresso_8.2.2_650\workspace_CMSIS\CMSISv2p00_LPC17xx\Debug\libCMSISv2p00_LPC17xx.a(lpc17xx_gpio.o)
                0x0000227c                GPIO_ClearValue
 .text.check_failed
                0x00002290        0x2 C:\Users\nacho\Documents\LPCXpresso_8.2.2_650\workspace_CMSIS\CMSISv2p00_LPC17xx\Debug\libCMSISv2p00_LPC17xx.a(lpc17xx_libcfg_default.o)
                0x00002290                check_failed
 *fill*         0x00002292        0x2 ff
 .text.PINSEL_ConfigPin
                0x00002294       0xa0 C:\Users\nacho\Documents\LPCXpresso_8.2.2_650\workspace_CMSIS\CMSISv2p00_LPC17xx\Debug\libCMSISv2p00_LPC17xx.a(lpc17xx_pinsel.o)
                0x00002294                PINSEL_ConfigPin
 .text.PWM_Init
                0x00002334       0xbc C:\Users\nacho\Documents\LPCXpresso_8.2.2_650\workspace_CMSIS\CMSISv2p00_LPC17xx\Debug\libCMSISv2p00_LPC17xx.a(lpc17xx_pwm.o)
                0x00002334                PWM_Init
 .text.PWM_Cmd  0x000023f0       0x40 C:\Users\nacho\Documents\LPCXpresso_8.2.2_650\workspace_CMSIS\CMSISv2p00_LPC17xx\Debug\libCMSISv2p00_LPC17xx.a(lpc17xx_pwm.o)
                0x000023f0                PWM_Cmd
 .text.PWM_CounterCmd
                0x00002430       0x44 C:\Users\nacho\Documents\LPCXpresso_8.2.2_650\workspace_CMSIS\CMSISv2p00_LPC17xx\Debug\libCMSISv2p00_LPC17xx.a(lpc17xx_pwm.o)
                0x00002430                PWM_CounterCmd
 .text.PWM_ResetCounter
                0x00002474       0x30 C:\Users\nacho\Documents\LPCXpresso_8.2.2_650\workspace_CMSIS\CMSISv2p00_LPC17xx\Debug\libCMSISv2p00_LPC17xx.a(lpc17xx_pwm.o)
                0x00002474                PWM_ResetCounter
 .text.PWM_ConfigMatch
                0x000024a4      0x11c C:\Users\nacho\Documents\LPCXpresso_8.2.2_650\workspace_CMSIS\CMSISv2p00_LPC17xx\Debug\libCMSISv2p00_LPC17xx.a(lpc17xx_pwm.o)
                0x000024a4                PWM_ConfigMatch
 .text.PWM_MatchUpdate
                0x000025c0       0x90 C:\Users\nacho\Documents\LPCXpresso_8.2.2_650\workspace_CMSIS\CMSISv2p00_LPC17xx\Debug\libCMSISv2p00_LPC17xx.a(lpc17xx_pwm.o)
                0x000025c0                PWM_MatchUpdate
 .text.PWM_ChannelConfig
                0x00002650       0x78 C:\Users\nacho\Documents\LPCXpresso_8.2.2_650\workspace_CMSIS\CMSISv2p00_LPC17xx\Debug\libCMSISv2p00_LPC17xx.a(lpc17xx_pwm.o)
                0x00002650                PWM_ChannelConfig
 .text.PWM_ChannelCmd
                0x000026c8       0x70 C:\Users\nacho\Documents\LPCXpresso_8.2.2_650\workspace_CMSIS\CMSISv2p00_LPC17xx\Debug\libCMSISv2p00_LPC17xx.a(lpc17xx_pwm.o)
                0x000026c8                PWM_ChannelCmd
 .text.SYSTICK_IntCmd
                0x00002738       0x30 C:\Users\nacho\Documents\LPCXpresso_8.2.2_650\workspace_CMSIS\CMSISv2p00_LPC17xx\Debug\libCMSISv2p00_LPC17xx.a(lpc17xx_systick.o)
                0x00002738                SYSTICK_IntCmd
 .text.TIM_GetIntStatus
                0x00002768       0x54 C:\Users\nacho\Documents\LPCXpresso_8.2.2_650\workspace_CMSIS\CMSISv2p00_LPC17xx\Debug\libCMSISv2p00_LPC17xx.a(lpc17xx_timer.o)
                0x00002768                TIM_GetIntStatus
 .text.TIM_ClearIntPending
                0x000027bc       0x4c C:\Users\nacho\Documents\LPCXpresso_8.2.2_650\workspace_CMSIS\CMSISv2p00_LPC17xx\Debug\libCMSISv2p00_LPC17xx.a(lpc17xx_timer.o)
                0x000027bc                TIM_ClearIntPending
 .text.TIM_Init
                0x00002808      0x17c C:\Users\nacho\Documents\LPCXpresso_8.2.2_650\workspace_CMSIS\CMSISv2p00_LPC17xx\Debug\libCMSISv2p00_LPC17xx.a(lpc17xx_timer.o)
                0x00002808                TIM_Init
 .text.TIM_Cmd  0x00002984       0x48 C:\Users\nacho\Documents\LPCXpresso_8.2.2_650\workspace_CMSIS\CMSISv2p00_LPC17xx\Debug\libCMSISv2p00_LPC17xx.a(lpc17xx_timer.o)
                0x00002984                TIM_Cmd
 .text.TIM_ResetCounter
                0x000029cc       0x48 C:\Users\nacho\Documents\LPCXpresso_8.2.2_650\workspace_CMSIS\CMSISv2p00_LPC17xx\Debug\libCMSISv2p00_LPC17xx.a(lpc17xx_timer.o)
                0x000029cc                TIM_ResetCounter
 .text.TIM_ConfigMatch
                0x00002a14       0xf4 C:\Users\nacho\Documents\LPCXpresso_8.2.2_650\workspace_CMSIS\CMSISv2p00_LPC17xx\Debug\libCMSISv2p00_LPC17xx.a(lpc17xx_timer.o)
                0x00002a14                TIM_ConfigMatch
 .text.TIM_UpdateMatchValue
                0x00002b08       0x58 C:\Users\nacho\Documents\LPCXpresso_8.2.2_650\workspace_CMSIS\CMSISv2p00_LPC17xx\Debug\libCMSISv2p00_LPC17xx.a(lpc17xx_timer.o)
                0x00002b08                TIM_UpdateMatchValue
 .text.UART_Init
                0x00002b60      0x28c C:\Users\nacho\Documents\LPCXpresso_8.2.2_650\workspace_CMSIS\CMSISv2p00_LPC17xx\Debug\libCMSISv2p00_LPC17xx.a(lpc17xx_uart.o)
                0x00002b60                UART_Init
 .text.UART_SendByte
                0x00002dec       0x3c C:\Users\nacho\Documents\LPCXpresso_8.2.2_650\workspace_CMSIS\CMSISv2p00_LPC17xx\Debug\libCMSISv2p00_LPC17xx.a(lpc17xx_uart.o)
                0x00002dec                UART_SendByte
 .text.UART_Send.part.0
                0x00002e28       0x4a C:\Users\nacho\Documents\LPCXpresso_8.2.2_650\workspace_CMSIS\CMSISv2p00_LPC17xx\Debug\libCMSISv2p00_LPC17xx.a(lpc17xx_uart.o)
 *fill*         0x00002e72        0x2 ff
 .text.UART_ReceiveByte
                0x00002e74       0x3c C:\Users\nacho\Documents\LPCXpresso_8.2.2_650\workspace_CMSIS\CMSISv2p00_LPC17xx\Debug\libCMSISv2p00_LPC17xx.a(lpc17xx_uart.o)
                0x00002e74                UART_ReceiveByte
 .text.UART_Send
                0x00002eb0       0x52 C:\Users\nacho\Documents\LPCXpresso_8.2.2_650\workspace_CMSIS\CMSISv2p00_LPC17xx\Debug\libCMSISv2p00_LPC17xx.a(lpc17xx_uart.o)
                0x00002eb0                UART_Send
 .text.UART_Receive
                0x00002f02       0x50 C:\Users\nacho\Documents\LPCXpresso_8.2.2_650\workspace_CMSIS\CMSISv2p00_LPC17xx\Debug\libCMSISv2p00_LPC17xx.a(lpc17xx_uart.o)
                0x00002f02                UART_Receive
 *fill*         0x00002f52        0x2 ff
 .text.UART_IntConfig
                0x00002f54       0xc0 C:\Users\nacho\Documents\LPCXpresso_8.2.2_650\workspace_CMSIS\CMSISv2p00_LPC17xx\Debug\libCMSISv2p00_LPC17xx.a(lpc17xx_uart.o)
                0x00002f54                UART_IntConfig
 .text.UART_GetIntId
                0x00003014       0x40 C:\Users\nacho\Documents\LPCXpresso_8.2.2_650\workspace_CMSIS\CMSISv2p00_LPC17xx\Debug\libCMSISv2p00_LPC17xx.a(lpc17xx_uart.o)
                0x00003014                UART_GetIntId
 .text.UART_FIFOConfig
                0x00003054       0xb0 C:\Users\nacho\Documents\LPCXpresso_8.2.2_650\workspace_CMSIS\CMSISv2p00_LPC17xx\Debug\libCMSISv2p00_LPC17xx.a(lpc17xx_uart.o)
                0x00003054                UART_FIFOConfig
 .text.UART_FIFOConfigStructInit
                0x00003104        0xe C:\Users\nacho\Documents\LPCXpresso_8.2.2_650\workspace_CMSIS\CMSISv2p00_LPC17xx\Debug\libCMSISv2p00_LPC17xx.a(lpc17xx_uart.o)
                0x00003104                UART_FIFOConfigStructInit
 *fill*         0x00003112        0x2 ff
 .text.UART_TxCmd
                0x00003114       0x64 C:\Users\nacho\Documents\LPCXpresso_8.2.2_650\workspace_CMSIS\CMSISv2p00_LPC17xx\Debug\libCMSISv2p00_LPC17xx.a(lpc17xx_uart.o)
                0x00003114                UART_TxCmd
 .text.memcpy   0x00003178        0x4 c:/nxp/lpcxpresso_8.2.2_650/lpcxpresso/tools/bin/../lib/gcc/arm-none-eabi/5.4.1/../../../../arm-none-eabi/lib/armv7-m\libcr_c.a(memcpy.o)
                0x00003178                memcpy
 .text.__weak_main
                0x0000317c        0x4 c:/nxp/lpcxpresso_8.2.2_650/lpcxpresso/tools/bin/../lib/gcc/arm-none-eabi/5.4.1/../../../../arm-none-eabi/lib/armv7-m\libcr_c.a(__weak__main.o)
                0x0000317c                __weak_main
                0x0000317c                __main
 .text.__aeabi_division_uldivmod
                0x00003180      0x174 c:/nxp/lpcxpresso_8.2.2_650/lpcxpresso/tools/bin/../lib/gcc/arm-none-eabi/5.4.1/armv7-m\libcr_eabihelpers.a(division_64.o)
                0x00003180                __aeabi_uldivmod
                0x00003184                __bhs_ldivmod1
 .text.__aeabi_division_idiv0
                0x000032f4        0x2 c:/nxp/lpcxpresso_8.2.2_650/lpcxpresso/tools/bin/../lib/gcc/arm-none-eabi/5.4.1/armv7-m\libcr_eabihelpers.a(division_idiv0.o)
                0x000032f4                __aeabi_idiv0
 .text.__aeabi_memcpy
                0x000032f6       0x34 c:/nxp/lpcxpresso_8.2.2_650/lpcxpresso/tools/bin/../lib/gcc/arm-none-eabi/5.4.1/armv7-m\libcr_eabihelpers.a(memcpy.o)
                0x000032f6                __aeabi_memcpy
                0x00003300                __aeabi_memcpy8
                0x00003300                __aeabi_memcpy4
 *(.rodata .rodata.* .constdata .constdata.*)
 *fill*         0x0000332a        0x2 ff
 .rodata        0x0000332c       0x7f ./src/RoboticArmUARTControl.o
 .rodata.str1.1
                0x000033ab       0x1d C:\Users\nacho\Documents\LPCXpresso_8.2.2_650\workspace_CMSIS\CMSISv2p00_LPC17xx\Debug\libCMSISv2p00_LPC17xx.a(lpc17xx_adc.o)
 .rodata.CSWTCH.9
                0x000033c8       0x14 C:\Users\nacho\Documents\LPCXpresso_8.2.2_650\workspace_CMSIS\CMSISv2p00_LPC17xx\Debug\libCMSISv2p00_LPC17xx.a(lpc17xx_gpio.o)
 .rodata.str1.1
                0x000033dc       0x1d C:\Users\nacho\Documents\LPCXpresso_8.2.2_650\workspace_CMSIS\CMSISv2p00_LPC17xx\Debug\libCMSISv2p00_LPC17xx.a(lpc17xx_pwm.o)
 .rodata.str1.1
                0x000033f9       0x21 C:\Users\nacho\Documents\LPCXpresso_8.2.2_650\workspace_CMSIS\CMSISv2p00_LPC17xx\Debug\libCMSISv2p00_LPC17xx.a(lpc17xx_systick.o)
 .rodata.str1.1
                0x0000341a       0x1f C:\Users\nacho\Documents\LPCXpresso_8.2.2_650\workspace_CMSIS\CMSISv2p00_LPC17xx\Debug\libCMSISv2p00_LPC17xx.a(lpc17xx_timer.o)
 .rodata.CSWTCH.34
                0x00003439        0x3 C:\Users\nacho\Documents\LPCXpresso_8.2.2_650\workspace_CMSIS\CMSISv2p00_LPC17xx\Debug\libCMSISv2p00_LPC17xx.a(lpc17xx_uart.o)
 .rodata.str1.1
                0x0000343c       0x1e C:\Users\nacho\Documents\LPCXpresso_8.2.2_650\workspace_CMSIS\CMSISv2p00_LPC17xx\Debug\libCMSISv2p00_LPC17xx.a(lpc17xx_uart.o)
 .rodata.CSWTCH.29
                0x0000345a        0xe C:\Users\nacho\Documents\LPCXpresso_8.2.2_650\workspace_CMSIS\CMSISv2p00_LPC17xx\Debug\libCMSISv2p00_LPC17xx.a(lpc17xx_uart.o)
                0x00003468                . = ALIGN (0x4)

.glue_7         0x00003468        0x0
 .glue_7        0x00003468        0x0 linker stubs

.glue_7t        0x00003468        0x0
 .glue_7t       0x00003468        0x0 linker stubs

.vfp11_veneer   0x00003468        0x0
 .vfp11_veneer  0x00003468        0x0 linker stubs

.v4_bx          0x00003468        0x0
 .v4_bx         0x00003468        0x0 linker stubs

.iplt           0x00003468        0x0
 .iplt          0x00003468        0x0 ./src/RoboticArmUARTControl.o

.rel.dyn        0x00003468        0x0
 .rel.iplt      0x00003468        0x0 ./src/RoboticArmUARTControl.o

.ARM.extab
 *(.ARM.extab* .gnu.linkonce.armextab.*)
                0x00003468                __exidx_start = .

.ARM.exidx
 *(.ARM.exidx* .gnu.linkonce.armexidx.*)
                0x00003468                __exidx_end = .
                0x00003468                _etext = .

.data_RAM2      0x2007c000        0x0 load address 0x00003468
 FILL mask 0xff
                [!provide]                PROVIDE (__start_data_RAM2, .)
 *(.ramfunc.$RAM2)
 *(.ramfunc.$RamAHB32)
 *(.data.$RAM2*)
 *(.data.$RamAHB32*)
                0x2007c000                . = ALIGN (0x4)
                [!provide]                PROVIDE (__end_data_RAM2, .)

.uninit_RESERVED
                0x10000000        0x0
 *(.bss.$RESERVED*)
                0x10000000                . = ALIGN (0x4)
                0x10000000                _end_uninit_RESERVED = .

.data           0x10000000        0x8 load address 0x00003468
 FILL mask 0xff
                0x10000000                _data = .
 *(vtable)
 *(.ramfunc*)
 *(.data*)
 .data.bandera.5818
                0x10000000        0x1 ./src/RoboticArmUARTControl.o
 *fill*         0x10000001        0x3 ff
 .data.SystemCoreClock
                0x10000004        0x4 C:\Users\nacho\Documents\LPCXpresso_8.2.2_650\workspace_CMSIS\CMSISv2p00_LPC17xx\Debug\libCMSISv2p00_LPC17xx.a(system_LPC17xx.o)
                0x10000004                SystemCoreClock
                0x10000008                . = ALIGN (0x4)
                0x10000008                _edata = .

.igot.plt       0x10000008        0x0 load address 0x00003470
 .igot.plt      0x10000008        0x0 ./src/RoboticArmUARTControl.o

.bss_RAM2       0x2007c000        0x0
                [!provide]                PROVIDE (__start_bss_RAM2, .)
 *(.bss.$RAM2*)
 *(.bss.$RamAHB32*)
                0x2007c000                . = ALIGN ((. != 0x0)?0x4:0x1)
                [!provide]                PROVIDE (__end_bss_RAM2, .)

.bss            0x10000008     0x1ff4
                0x10000008                _bss = .
 *(.bss*)
 .bss.posicionInicial.5733
                0x10000008       0x10 ./src/RoboticArmUARTControl.o
 .bss.posicionFinal.5734
                0x10000018       0x10 ./src/RoboticArmUARTControl.o
 .bss.i.5756    0x10000028        0x1 ./src/RoboticArmUARTControl.o
 *fill*         0x10000029        0x3 
 .bss.matchCfg.5794
                0x1000002c        0xc ./src/RoboticArmUARTControl.o
 .bss.estado_actual.5806
                0x10000038        0x1 ./src/RoboticArmUARTControl.o
 *fill*         0x10000039        0x3 
 .bss.posicionMotores.5880
                0x1000003c       0x10 ./src/RoboticArmUARTControl.o
 .bss.numeroDeRegistro.5897
                0x1000004c        0x4 ./src/RoboticArmUARTControl.o
 .bss.regStamp.5899
                0x10000050     0x1f40 ./src/RoboticArmUARTControl.o
 .bss.cantidadDeComandosGuardados.5898
                0x10001f90        0x4 ./src/RoboticArmUARTControl.o
 .bss.info.5973
                0x10001f94        0x2 ./src/RoboticArmUARTControl.o
 *fill*         0x10001f96        0x2 
 .bss.bandera.5983
                0x10001f98        0x4 ./src/RoboticArmUARTControl.o
 .bss.motors_list.5229
                0x10001f9c       0x1c ./inc/servo_motors.o
 .bss.motors_list.5362
                0x10001fb8       0x40 ./inc/stepper_motors.o
 .bss.motor_flag.5378
                0x10001ff8        0x4 ./inc/stepper_motors.o
 *(COMMON)
                0x10001ffc                . = ALIGN (0x4)
                0x10001ffc                _ebss = .
                [!provide]                PROVIDE (end, .)

.noinit_RAM2    0x2007c000        0x0
 *(.noinit.$RAM2*)
 *(.noinit.$RamAHB32*)
                0x2007c000                . = ALIGN (0x4)

.noinit         0x10001ffc        0x0
                0x10001ffc                _noinit = .
 *(.noinit*)
                0x10001ffc                . = ALIGN (0x4)
                0x10001ffc                _end_noinit = .
                [!provide]                PROVIDE (_pvHeapStart, DEFINED (__user_heap_base)?__user_heap_base:.)
                0x10008000                PROVIDE (_vStackTop, DEFINED (__user_stack_top)?__user_stack_top:(__top_RamLoc32 - 0x0))
                0xefff74b2                PROVIDE (__valid_user_code_checksum, (0x0 - ((((((_vStackTop + (ResetISR + 0x1)) + (NMI_Handler + 0x1)) + (HardFault_Handler + 0x1)) + (DEFINED (MemManage_Handler)?MemManage_Handler:0x0 + 0x1)) + (DEFINED (BusFault_Handler)?BusFault_Handler:0x0 + 0x1)) + (DEFINED (UsageFault_Handler)?UsageFault_Handler:0x0 + 0x1))))
OUTPUT(RoboticArmUARTControl.axf elf32-littlearm)

.debug_info     0x00000000     0x8a03
 .debug_info    0x00000000     0x1b65 ./src/RoboticArmUARTControl.o
 .debug_info    0x00001b65      0x253 ./src/cr_startup_lpc175x_6x.o
 .debug_info    0x00001db8      0x646 ./inc/servo_motors.o
 .debug_info    0x000023fe      0xaeb ./inc/stepper_motors.o
 .debug_info    0x00002ee9      0x37d C:\Users\nacho\Documents\LPCXpresso_8.2.2_650\workspace_CMSIS\CMSISv2p00_LPC17xx\Debug\libCMSISv2p00_LPC17xx.a(system_LPC17xx.o)
 .debug_info    0x00003266      0x83f C:\Users\nacho\Documents\LPCXpresso_8.2.2_650\workspace_CMSIS\CMSISv2p00_LPC17xx\Debug\libCMSISv2p00_LPC17xx.a(lpc17xx_adc.o)
 .debug_info    0x00003aa5      0x650 C:\Users\nacho\Documents\LPCXpresso_8.2.2_650\workspace_CMSIS\CMSISv2p00_LPC17xx\Debug\libCMSISv2p00_LPC17xx.a(lpc17xx_clkpwr.o)
 .debug_info    0x000040f5      0xd6f C:\Users\nacho\Documents\LPCXpresso_8.2.2_650\workspace_CMSIS\CMSISv2p00_LPC17xx\Debug\libCMSISv2p00_LPC17xx.a(lpc17xx_gpio.o)
 .debug_info    0x00004e64       0xc3 C:\Users\nacho\Documents\LPCXpresso_8.2.2_650\workspace_CMSIS\CMSISv2p00_LPC17xx\Debug\libCMSISv2p00_LPC17xx.a(lpc17xx_libcfg_default.o)
 .debug_info    0x00004f27      0x4e4 C:\Users\nacho\Documents\LPCXpresso_8.2.2_650\workspace_CMSIS\CMSISv2p00_LPC17xx\Debug\libCMSISv2p00_LPC17xx.a(lpc17xx_pinsel.o)
 .debug_info    0x0000540b      0xc61 C:\Users\nacho\Documents\LPCXpresso_8.2.2_650\workspace_CMSIS\CMSISv2p00_LPC17xx\Debug\libCMSISv2p00_LPC17xx.a(lpc17xx_pwm.o)
 .debug_info    0x0000606c      0x26d C:\Users\nacho\Documents\LPCXpresso_8.2.2_650\workspace_CMSIS\CMSISv2p00_LPC17xx\Debug\libCMSISv2p00_LPC17xx.a(lpc17xx_systick.o)
 .debug_info    0x000062d9      0xb4c C:\Users\nacho\Documents\LPCXpresso_8.2.2_650\workspace_CMSIS\CMSISv2p00_LPC17xx\Debug\libCMSISv2p00_LPC17xx.a(lpc17xx_timer.o)
 .debug_info    0x00006e25     0x1bde C:\Users\nacho\Documents\LPCXpresso_8.2.2_650\workspace_CMSIS\CMSISv2p00_LPC17xx\Debug\libCMSISv2p00_LPC17xx.a(lpc17xx_uart.o)

.debug_abbrev   0x00000000     0x1a28
 .debug_abbrev  0x00000000      0x2fe ./src/RoboticArmUARTControl.o
 .debug_abbrev  0x000002fe       0xf5 ./src/cr_startup_lpc175x_6x.o
 .debug_abbrev  0x000003f3      0x184 ./inc/servo_motors.o
 .debug_abbrev  0x00000577      0x24b ./inc/stepper_motors.o
 .debug_abbrev  0x000007c2      0x11c C:\Users\nacho\Documents\LPCXpresso_8.2.2_650\workspace_CMSIS\CMSISv2p00_LPC17xx\Debug\libCMSISv2p00_LPC17xx.a(system_LPC17xx.o)
 .debug_abbrev  0x000008de      0x19d C:\Users\nacho\Documents\LPCXpresso_8.2.2_650\workspace_CMSIS\CMSISv2p00_LPC17xx\Debug\libCMSISv2p00_LPC17xx.a(lpc17xx_adc.o)
 .debug_abbrev  0x00000a7b      0x1e5 C:\Users\nacho\Documents\LPCXpresso_8.2.2_650\workspace_CMSIS\CMSISv2p00_LPC17xx\Debug\libCMSISv2p00_LPC17xx.a(lpc17xx_clkpwr.o)
 .debug_abbrev  0x00000c60      0x234 C:\Users\nacho\Documents\LPCXpresso_8.2.2_650\workspace_CMSIS\CMSISv2p00_LPC17xx\Debug\libCMSISv2p00_LPC17xx.a(lpc17xx_gpio.o)
 .debug_abbrev  0x00000e94       0x6f C:\Users\nacho\Documents\LPCXpresso_8.2.2_650\workspace_CMSIS\CMSISv2p00_LPC17xx\Debug\libCMSISv2p00_LPC17xx.a(lpc17xx_libcfg_default.o)
 .debug_abbrev  0x00000f03      0x187 C:\Users\nacho\Documents\LPCXpresso_8.2.2_650\workspace_CMSIS\CMSISv2p00_LPC17xx\Debug\libCMSISv2p00_LPC17xx.a(lpc17xx_pinsel.o)
 .debug_abbrev  0x0000108a      0x21e C:\Users\nacho\Documents\LPCXpresso_8.2.2_650\workspace_CMSIS\CMSISv2p00_LPC17xx\Debug\libCMSISv2p00_LPC17xx.a(lpc17xx_pwm.o)
 .debug_abbrev  0x000012a8      0x166 C:\Users\nacho\Documents\LPCXpresso_8.2.2_650\workspace_CMSIS\CMSISv2p00_LPC17xx\Debug\libCMSISv2p00_LPC17xx.a(lpc17xx_systick.o)
 .debug_abbrev  0x0000140e      0x2b0 C:\Users\nacho\Documents\LPCXpresso_8.2.2_650\workspace_CMSIS\CMSISv2p00_LPC17xx\Debug\libCMSISv2p00_LPC17xx.a(lpc17xx_timer.o)
 .debug_abbrev  0x000016be      0x36a C:\Users\nacho\Documents\LPCXpresso_8.2.2_650\workspace_CMSIS\CMSISv2p00_LPC17xx\Debug\libCMSISv2p00_LPC17xx.a(lpc17xx_uart.o)

.debug_aranges  0x00000000      0x788
 .debug_aranges
                0x00000000      0x140 ./src/RoboticArmUARTControl.o
 .debug_aranges
                0x00000140       0x80 ./src/cr_startup_lpc175x_6x.o
 .debug_aranges
                0x000001c0       0x80 ./inc/servo_motors.o
 .debug_aranges
                0x00000240       0xc8 ./inc/stepper_motors.o
 .debug_aranges
                0x00000308       0x28 C:\Users\nacho\Documents\LPCXpresso_8.2.2_650\workspace_CMSIS\CMSISv2p00_LPC17xx\Debug\libCMSISv2p00_LPC17xx.a(system_LPC17xx.o)
 .debug_aranges
                0x00000330       0x80 C:\Users\nacho\Documents\LPCXpresso_8.2.2_650\workspace_CMSIS\CMSISv2p00_LPC17xx\Debug\libCMSISv2p00_LPC17xx.a(lpc17xx_adc.o)
 .debug_aranges
                0x000003b0       0x58 C:\Users\nacho\Documents\LPCXpresso_8.2.2_650\workspace_CMSIS\CMSISv2p00_LPC17xx\Debug\libCMSISv2p00_LPC17xx.a(lpc17xx_clkpwr.o)
 .debug_aranges
                0x00000408       0xe0 C:\Users\nacho\Documents\LPCXpresso_8.2.2_650\workspace_CMSIS\CMSISv2p00_LPC17xx\Debug\libCMSISv2p00_LPC17xx.a(lpc17xx_gpio.o)
 .debug_aranges
                0x000004e8       0x20 C:\Users\nacho\Documents\LPCXpresso_8.2.2_650\workspace_CMSIS\CMSISv2p00_LPC17xx\Debug\libCMSISv2p00_LPC17xx.a(lpc17xx_libcfg_default.o)
 .debug_aranges
                0x00000508       0x30 C:\Users\nacho\Documents\LPCXpresso_8.2.2_650\workspace_CMSIS\CMSISv2p00_LPC17xx\Debug\libCMSISv2p00_LPC17xx.a(lpc17xx_pinsel.o)
 .debug_aranges
                0x00000538       0x88 C:\Users\nacho\Documents\LPCXpresso_8.2.2_650\workspace_CMSIS\CMSISv2p00_LPC17xx\Debug\libCMSISv2p00_LPC17xx.a(lpc17xx_pwm.o)
 .debug_aranges
                0x000005c0       0x48 C:\Users\nacho\Documents\LPCXpresso_8.2.2_650\workspace_CMSIS\CMSISv2p00_LPC17xx\Debug\libCMSISv2p00_LPC17xx.a(lpc17xx_systick.o)
 .debug_aranges
                0x00000608       0x80 C:\Users\nacho\Documents\LPCXpresso_8.2.2_650\workspace_CMSIS\CMSISv2p00_LPC17xx\Debug\libCMSISv2p00_LPC17xx.a(lpc17xx_timer.o)
 .debug_aranges
                0x00000688      0x100 C:\Users\nacho\Documents\LPCXpresso_8.2.2_650\workspace_CMSIS\CMSISv2p00_LPC17xx\Debug\libCMSISv2p00_LPC17xx.a(lpc17xx_uart.o)

.debug_ranges   0x00000000      0x770
 .debug_ranges  0x00000000      0x150 ./src/RoboticArmUARTControl.o
 .debug_ranges  0x00000150       0x70 ./src/cr_startup_lpc175x_6x.o
 .debug_ranges  0x000001c0       0x70 ./inc/servo_motors.o
 .debug_ranges  0x00000230       0xb8 ./inc/stepper_motors.o
 .debug_ranges  0x000002e8       0x18 C:\Users\nacho\Documents\LPCXpresso_8.2.2_650\workspace_CMSIS\CMSISv2p00_LPC17xx\Debug\libCMSISv2p00_LPC17xx.a(system_LPC17xx.o)
 .debug_ranges  0x00000300       0x70 C:\Users\nacho\Documents\LPCXpresso_8.2.2_650\workspace_CMSIS\CMSISv2p00_LPC17xx\Debug\libCMSISv2p00_LPC17xx.a(lpc17xx_adc.o)
 .debug_ranges  0x00000370       0x48 C:\Users\nacho\Documents\LPCXpresso_8.2.2_650\workspace_CMSIS\CMSISv2p00_LPC17xx\Debug\libCMSISv2p00_LPC17xx.a(lpc17xx_clkpwr.o)
 .debug_ranges  0x000003b8       0xd0 C:\Users\nacho\Documents\LPCXpresso_8.2.2_650\workspace_CMSIS\CMSISv2p00_LPC17xx\Debug\libCMSISv2p00_LPC17xx.a(lpc17xx_gpio.o)
 .debug_ranges  0x00000488       0x10 C:\Users\nacho\Documents\LPCXpresso_8.2.2_650\workspace_CMSIS\CMSISv2p00_LPC17xx\Debug\libCMSISv2p00_LPC17xx.a(lpc17xx_libcfg_default.o)
 .debug_ranges  0x00000498       0x70 C:\Users\nacho\Documents\LPCXpresso_8.2.2_650\workspace_CMSIS\CMSISv2p00_LPC17xx\Debug\libCMSISv2p00_LPC17xx.a(lpc17xx_pinsel.o)
 .debug_ranges  0x00000508       0x78 C:\Users\nacho\Documents\LPCXpresso_8.2.2_650\workspace_CMSIS\CMSISv2p00_LPC17xx\Debug\libCMSISv2p00_LPC17xx.a(lpc17xx_pwm.o)
 .debug_ranges  0x00000580       0x38 C:\Users\nacho\Documents\LPCXpresso_8.2.2_650\workspace_CMSIS\CMSISv2p00_LPC17xx\Debug\libCMSISv2p00_LPC17xx.a(lpc17xx_systick.o)
 .debug_ranges  0x000005b8       0x70 C:\Users\nacho\Documents\LPCXpresso_8.2.2_650\workspace_CMSIS\CMSISv2p00_LPC17xx\Debug\libCMSISv2p00_LPC17xx.a(lpc17xx_timer.o)
 .debug_ranges  0x00000628      0x148 C:\Users\nacho\Documents\LPCXpresso_8.2.2_650\workspace_CMSIS\CMSISv2p00_LPC17xx\Debug\libCMSISv2p00_LPC17xx.a(lpc17xx_uart.o)

.debug_macro    0x00000000     0x51f1
 .debug_macro   0x00000000       0xf4 ./src/RoboticArmUARTControl.o
 .debug_macro   0x000000f4      0x88c ./src/RoboticArmUARTControl.o
 .debug_macro   0x00000980       0x1c ./src/RoboticArmUARTControl.o
 .debug_macro   0x0000099c       0x2e ./src/RoboticArmUARTControl.o
 .debug_macro   0x000009ca       0x10 ./src/RoboticArmUARTControl.o
 .debug_macro   0x000009da      0x12d ./src/RoboticArmUARTControl.o
 .debug_macro   0x00000b07      0x5b2 ./src/RoboticArmUARTControl.o
 .debug_macro   0x000010b9       0x18 ./src/RoboticArmUARTControl.o
 .debug_macro   0x000010d1      0x7af ./src/RoboticArmUARTControl.o
 .debug_macro   0x00001880      0x2c7 ./src/RoboticArmUARTControl.o
 .debug_macro   0x00001b47       0x63 ./src/RoboticArmUARTControl.o
 .debug_macro   0x00001baa      0x334 ./src/RoboticArmUARTControl.o
 .debug_macro   0x00001ede       0x10 ./src/RoboticArmUARTControl.o
 .debug_macro   0x00001eee       0xea ./src/RoboticArmUARTControl.o
 .debug_macro   0x00001fd8      0x13f ./src/RoboticArmUARTControl.o
 .debug_macro   0x00002117       0xe5 ./src/RoboticArmUARTControl.o
 .debug_macro   0x000021fc       0xeb ./src/RoboticArmUARTControl.o
 .debug_macro   0x000022e7       0x10 ./src/RoboticArmUARTControl.o
 .debug_macro   0x000022f7       0x4c ./src/RoboticArmUARTControl.o
 .debug_macro   0x00002343       0x1d ./src/cr_startup_lpc175x_6x.o
 .debug_macro   0x00002360       0xa3 ./inc/servo_motors.o
 .debug_macro   0x00002403       0xb2 ./inc/stepper_motors.o
 .debug_macro   0x000024b5       0xe4 ./inc/stepper_motors.o
 .debug_macro   0x00002599       0x46 ./inc/stepper_motors.o
 .debug_macro   0x000025df      0x12b C:\Users\nacho\Documents\LPCXpresso_8.2.2_650\workspace_CMSIS\CMSISv2p00_LPC17xx\Debug\libCMSISv2p00_LPC17xx.a(system_LPC17xx.o)
 .debug_macro   0x0000270a      0xa9c C:\Users\nacho\Documents\LPCXpresso_8.2.2_650\workspace_CMSIS\CMSISv2p00_LPC17xx\Debug\libCMSISv2p00_LPC17xx.a(system_LPC17xx.o)
 .debug_macro   0x000031a6       0x10 C:\Users\nacho\Documents\LPCXpresso_8.2.2_650\workspace_CMSIS\CMSISv2p00_LPC17xx\Debug\libCMSISv2p00_LPC17xx.a(system_LPC17xx.o)
 .debug_macro   0x000031b6      0x12e C:\Users\nacho\Documents\LPCXpresso_8.2.2_650\workspace_CMSIS\CMSISv2p00_LPC17xx\Debug\libCMSISv2p00_LPC17xx.a(system_LPC17xx.o)
 .debug_macro   0x000032e4      0x5b3 C:\Users\nacho\Documents\LPCXpresso_8.2.2_650\workspace_CMSIS\CMSISv2p00_LPC17xx\Debug\libCMSISv2p00_LPC17xx.a(system_LPC17xx.o)
 .debug_macro   0x00003897       0xa9 C:\Users\nacho\Documents\LPCXpresso_8.2.2_650\workspace_CMSIS\CMSISv2p00_LPC17xx\Debug\libCMSISv2p00_LPC17xx.a(lpc17xx_adc.o)
 .debug_macro   0x00003940      0x886 C:\Users\nacho\Documents\LPCXpresso_8.2.2_650\workspace_CMSIS\CMSISv2p00_LPC17xx\Debug\libCMSISv2p00_LPC17xx.a(lpc17xx_adc.o)
 .debug_macro   0x000041c6       0xe5 C:\Users\nacho\Documents\LPCXpresso_8.2.2_650\workspace_CMSIS\CMSISv2p00_LPC17xx\Debug\libCMSISv2p00_LPC17xx.a(lpc17xx_adc.o)
 .debug_macro   0x000042ab      0x2f1 C:\Users\nacho\Documents\LPCXpresso_8.2.2_650\workspace_CMSIS\CMSISv2p00_LPC17xx\Debug\libCMSISv2p00_LPC17xx.a(lpc17xx_adc.o)
 .debug_macro   0x0000459c       0xdd C:\Users\nacho\Documents\LPCXpresso_8.2.2_650\workspace_CMSIS\CMSISv2p00_LPC17xx\Debug\libCMSISv2p00_LPC17xx.a(lpc17xx_adc.o)
 .debug_macro   0x00004679       0x8d C:\Users\nacho\Documents\LPCXpresso_8.2.2_650\workspace_CMSIS\CMSISv2p00_LPC17xx\Debug\libCMSISv2p00_LPC17xx.a(lpc17xx_clkpwr.o)
 .debug_macro   0x00004706       0x1c C:\Users\nacho\Documents\LPCXpresso_8.2.2_650\workspace_CMSIS\CMSISv2p00_LPC17xx\Debug\libCMSISv2p00_LPC17xx.a(lpc17xx_clkpwr.o)
 .debug_macro   0x00004722      0x2c7 C:\Users\nacho\Documents\LPCXpresso_8.2.2_650\workspace_CMSIS\CMSISv2p00_LPC17xx\Debug\libCMSISv2p00_LPC17xx.a(lpc17xx_clkpwr.o)
 .debug_macro   0x000049e9       0x96 C:\Users\nacho\Documents\LPCXpresso_8.2.2_650\workspace_CMSIS\CMSISv2p00_LPC17xx\Debug\libCMSISv2p00_LPC17xx.a(lpc17xx_gpio.o)
 .debug_macro   0x00004a7f       0x40 C:\Users\nacho\Documents\LPCXpresso_8.2.2_650\workspace_CMSIS\CMSISv2p00_LPC17xx\Debug\libCMSISv2p00_LPC17xx.a(lpc17xx_gpio.o)
 .debug_macro   0x00004abf       0x5a C:\Users\nacho\Documents\LPCXpresso_8.2.2_650\workspace_CMSIS\CMSISv2p00_LPC17xx\Debug\libCMSISv2p00_LPC17xx.a(lpc17xx_libcfg_default.o)
 .debug_macro   0x00004b19       0x5d C:\Users\nacho\Documents\LPCXpresso_8.2.2_650\workspace_CMSIS\CMSISv2p00_LPC17xx\Debug\libCMSISv2p00_LPC17xx.a(lpc17xx_libcfg_default.o)
 .debug_macro   0x00004b76       0xd7 C:\Users\nacho\Documents\LPCXpresso_8.2.2_650\workspace_CMSIS\CMSISv2p00_LPC17xx\Debug\libCMSISv2p00_LPC17xx.a(lpc17xx_libcfg_default.o)
 .debug_macro   0x00004c4d       0x8d C:\Users\nacho\Documents\LPCXpresso_8.2.2_650\workspace_CMSIS\CMSISv2p00_LPC17xx\Debug\libCMSISv2p00_LPC17xx.a(lpc17xx_pinsel.o)
 .debug_macro   0x00004cda       0xa9 C:\Users\nacho\Documents\LPCXpresso_8.2.2_650\workspace_CMSIS\CMSISv2p00_LPC17xx\Debug\libCMSISv2p00_LPC17xx.a(lpc17xx_pwm.o)
 .debug_macro   0x00004d83       0xdf C:\Users\nacho\Documents\LPCXpresso_8.2.2_650\workspace_CMSIS\CMSISv2p00_LPC17xx\Debug\libCMSISv2p00_LPC17xx.a(lpc17xx_pwm.o)
 .debug_macro   0x00004e62       0xa9 C:\Users\nacho\Documents\LPCXpresso_8.2.2_650\workspace_CMSIS\CMSISv2p00_LPC17xx\Debug\libCMSISv2p00_LPC17xx.a(lpc17xx_systick.o)
 .debug_macro   0x00004f0b       0x46 C:\Users\nacho\Documents\LPCXpresso_8.2.2_650\workspace_CMSIS\CMSISv2p00_LPC17xx\Debug\libCMSISv2p00_LPC17xx.a(lpc17xx_systick.o)
 .debug_macro   0x00004f51       0xb2 C:\Users\nacho\Documents\LPCXpresso_8.2.2_650\workspace_CMSIS\CMSISv2p00_LPC17xx\Debug\libCMSISv2p00_LPC17xx.a(lpc17xx_timer.o)
 .debug_macro   0x00005003      0x145 C:\Users\nacho\Documents\LPCXpresso_8.2.2_650\workspace_CMSIS\CMSISv2p00_LPC17xx\Debug\libCMSISv2p00_LPC17xx.a(lpc17xx_timer.o)
 .debug_macro   0x00005148       0xa9 C:\Users\nacho\Documents\LPCXpresso_8.2.2_650\workspace_CMSIS\CMSISv2p00_LPC17xx\Debug\libCMSISv2p00_LPC17xx.a(lpc17xx_uart.o)

.debug_line     0x00000000     0x393e
 .debug_line    0x00000000      0x93b ./src/RoboticArmUARTControl.o
 .debug_line    0x0000093b       0xd5 ./src/cr_startup_lpc175x_6x.o
 .debug_line    0x00000a10      0x379 ./inc/servo_motors.o
 .debug_line    0x00000d89      0x505 ./inc/stepper_motors.o
 .debug_line    0x0000128e      0x42c C:\Users\nacho\Documents\LPCXpresso_8.2.2_650\workspace_CMSIS\CMSISv2p00_LPC17xx\Debug\libCMSISv2p00_LPC17xx.a(system_LPC17xx.o)
 .debug_line    0x000016ba      0x3d0 C:\Users\nacho\Documents\LPCXpresso_8.2.2_650\workspace_CMSIS\CMSISv2p00_LPC17xx\Debug\libCMSISv2p00_LPC17xx.a(lpc17xx_adc.o)
 .debug_line    0x00001a8a      0x2b5 C:\Users\nacho\Documents\LPCXpresso_8.2.2_650\workspace_CMSIS\CMSISv2p00_LPC17xx\Debug\libCMSISv2p00_LPC17xx.a(lpc17xx_clkpwr.o)
 .debug_line    0x00001d3f      0x40b C:\Users\nacho\Documents\LPCXpresso_8.2.2_650\workspace_CMSIS\CMSISv2p00_LPC17xx\Debug\libCMSISv2p00_LPC17xx.a(lpc17xx_gpio.o)
 .debug_line    0x0000214a      0x19d C:\Users\nacho\Documents\LPCXpresso_8.2.2_650\workspace_CMSIS\CMSISv2p00_LPC17xx\Debug\libCMSISv2p00_LPC17xx.a(lpc17xx_libcfg_default.o)
 .debug_line    0x000022e7      0x24d C:\Users\nacho\Documents\LPCXpresso_8.2.2_650\workspace_CMSIS\CMSISv2p00_LPC17xx\Debug\libCMSISv2p00_LPC17xx.a(lpc17xx_pinsel.o)
 .debug_line    0x00002534      0x4bf C:\Users\nacho\Documents\LPCXpresso_8.2.2_650\workspace_CMSIS\CMSISv2p00_LPC17xx\Debug\libCMSISv2p00_LPC17xx.a(lpc17xx_pwm.o)
 .debug_line    0x000029f3      0x2b3 C:\Users\nacho\Documents\LPCXpresso_8.2.2_650\workspace_CMSIS\CMSISv2p00_LPC17xx\Debug\libCMSISv2p00_LPC17xx.a(lpc17xx_systick.o)
 .debug_line    0x00002ca6      0x4b9 C:\Users\nacho\Documents\LPCXpresso_8.2.2_650\workspace_CMSIS\CMSISv2p00_LPC17xx\Debug\libCMSISv2p00_LPC17xx.a(lpc17xx_timer.o)
 .debug_line    0x0000315f      0x7df C:\Users\nacho\Documents\LPCXpresso_8.2.2_650\workspace_CMSIS\CMSISv2p00_LPC17xx\Debug\libCMSISv2p00_LPC17xx.a(lpc17xx_uart.o)

.debug_str      0x00000000    0x10ff9
 .debug_str     0x00000000     0xc4b4 ./src/RoboticArmUARTControl.o
                               0xc603 (size before relaxing)
 .debug_str     0x0000c4b4      0x21f ./src/cr_startup_lpc175x_6x.o
                               0x26e2 (size before relaxing)
 .debug_str     0x0000c6d3      0x1fc ./inc/servo_motors.o
                               0x8f57 (size before relaxing)
 .debug_str     0x0000c8cf      0x3cb ./inc/stepper_motors.o
                               0x9462 (size before relaxing)
 .debug_str     0x0000cc9a     0x18e3 C:\Users\nacho\Documents\LPCXpresso_8.2.2_650\workspace_CMSIS\CMSISv2p00_LPC17xx\Debug\libCMSISv2p00_LPC17xx.a(system_LPC17xx.o)
                               0x89d7 (size before relaxing)
 .debug_str     0x0000e57d     0x1684 C:\Users\nacho\Documents\LPCXpresso_8.2.2_650\workspace_CMSIS\CMSISv2p00_LPC17xx\Debug\libCMSISv2p00_LPC17xx.a(lpc17xx_adc.o)
                               0x9d49 (size before relaxing)
 .debug_str     0x0000fc01       0xb2 C:\Users\nacho\Documents\LPCXpresso_8.2.2_650\workspace_CMSIS\CMSISv2p00_LPC17xx\Debug\libCMSISv2p00_LPC17xx.a(lpc17xx_clkpwr.o)
                               0x935c (size before relaxing)
 .debug_str     0x0000fcb3      0x42c C:\Users\nacho\Documents\LPCXpresso_8.2.2_650\workspace_CMSIS\CMSISv2p00_LPC17xx\Debug\libCMSISv2p00_LPC17xx.a(lpc17xx_gpio.o)
                               0x86bb (size before relaxing)
 .debug_str     0x000100df       0x2d C:\Users\nacho\Documents\LPCXpresso_8.2.2_650\workspace_CMSIS\CMSISv2p00_LPC17xx\Debug\libCMSISv2p00_LPC17xx.a(lpc17xx_libcfg_default.o)
                               0x3f6b (size before relaxing)
 .debug_str     0x0001010c      0x1fb C:\Users\nacho\Documents\LPCXpresso_8.2.2_650\workspace_CMSIS\CMSISv2p00_LPC17xx\Debug\libCMSISv2p00_LPC17xx.a(lpc17xx_pinsel.o)
                               0x85d4 (size before relaxing)
 .debug_str     0x00010307      0x31d C:\Users\nacho\Documents\LPCXpresso_8.2.2_650\workspace_CMSIS\CMSISv2p00_LPC17xx\Debug\libCMSISv2p00_LPC17xx.a(lpc17xx_pwm.o)
                               0x9f95 (size before relaxing)
 .debug_str     0x00010624       0xaf C:\Users\nacho\Documents\LPCXpresso_8.2.2_650\workspace_CMSIS\CMSISv2p00_LPC17xx\Debug\libCMSISv2p00_LPC17xx.a(lpc17xx_systick.o)
                               0x94ec (size before relaxing)
 .debug_str     0x000106d3      0x1fc C:\Users\nacho\Documents\LPCXpresso_8.2.2_650\workspace_CMSIS\CMSISv2p00_LPC17xx\Debug\libCMSISv2p00_LPC17xx.a(lpc17xx_timer.o)
                               0xa370 (size before relaxing)
 .debug_str     0x000108cf      0x72a C:\Users\nacho\Documents\LPCXpresso_8.2.2_650\workspace_CMSIS\CMSISv2p00_LPC17xx\Debug\libCMSISv2p00_LPC17xx.a(lpc17xx_uart.o)
                               0xb411 (size before relaxing)

.comment        0x00000000      0x151
 .comment       0x00000000       0x6e ./src/RoboticArmUARTControl.o
                                 0x6f (size before relaxing)
 .comment       0x0000006e       0x6f ./src/cr_startup_lpc175x_6x.o
 .comment       0x0000006e       0x6f ./inc/servo_motors.o
 .comment       0x0000006e       0x6f ./inc/stepper_motors.o
 .comment       0x0000006e       0x75 C:\Users\nacho\Documents\LPCXpresso_8.2.2_650\workspace_CMSIS\CMSISv2p00_LPC17xx\Debug\libCMSISv2p00_LPC17xx.a(system_LPC17xx.o)
                                 0x76 (size before relaxing)
 .comment       0x000000e3       0x6f C:\Users\nacho\Documents\LPCXpresso_8.2.2_650\workspace_CMSIS\CMSISv2p00_LPC17xx\Debug\libCMSISv2p00_LPC17xx.a(lpc17xx_adc.o)
 .comment       0x000000e3       0x6f C:\Users\nacho\Documents\LPCXpresso_8.2.2_650\workspace_CMSIS\CMSISv2p00_LPC17xx\Debug\libCMSISv2p00_LPC17xx.a(lpc17xx_clkpwr.o)
 .comment       0x000000e3       0x6f C:\Users\nacho\Documents\LPCXpresso_8.2.2_650\workspace_CMSIS\CMSISv2p00_LPC17xx\Debug\libCMSISv2p00_LPC17xx.a(lpc17xx_gpio.o)
 .comment       0x000000e3       0x6f C:\Users\nacho\Documents\LPCXpresso_8.2.2_650\workspace_CMSIS\CMSISv2p00_LPC17xx\Debug\libCMSISv2p00_LPC17xx.a(lpc17xx_libcfg_default.o)
 .comment       0x000000e3       0x6f C:\Users\nacho\Documents\LPCXpresso_8.2.2_650\workspace_CMSIS\CMSISv2p00_LPC17xx\Debug\libCMSISv2p00_LPC17xx.a(lpc17xx_pinsel.o)
 .comment       0x000000e3       0x6f C:\Users\nacho\Documents\LPCXpresso_8.2.2_650\workspace_CMSIS\CMSISv2p00_LPC17xx\Debug\libCMSISv2p00_LPC17xx.a(lpc17xx_pwm.o)
 .comment       0x000000e3       0x6f C:\Users\nacho\Documents\LPCXpresso_8.2.2_650\workspace_CMSIS\CMSISv2p00_LPC17xx\Debug\libCMSISv2p00_LPC17xx.a(lpc17xx_systick.o)
 .comment       0x000000e3       0x6f C:\Users\nacho\Documents\LPCXpresso_8.2.2_650\workspace_CMSIS\CMSISv2p00_LPC17xx\Debug\libCMSISv2p00_LPC17xx.a(lpc17xx_timer.o)
 .comment       0x000000e3       0x6f C:\Users\nacho\Documents\LPCXpresso_8.2.2_650\workspace_CMSIS\CMSISv2p00_LPC17xx\Debug\libCMSISv2p00_LPC17xx.a(lpc17xx_uart.o)
 .comment       0x000000e3       0x6e c:/nxp/lpcxpresso_8.2.2_650/lpcxpresso/tools/bin/../lib/gcc/arm-none-eabi/5.4.1/../../../../arm-none-eabi/lib/armv7-m\libcr_c.a(memcpy.o)
                                 0x6f (size before relaxing)
 .comment       0x00000151       0x6f c:/nxp/lpcxpresso_8.2.2_650/lpcxpresso/tools/bin/../lib/gcc/arm-none-eabi/5.4.1/../../../../arm-none-eabi/lib/armv7-m\libcr_c.a(__weak__main.o)

.ARM.attributes
                0x00000000       0x31
 .ARM.attributes
                0x00000000       0x33 ./src/RoboticArmUARTControl.o
 .ARM.attributes
                0x00000033       0x33 ./src/cr_startup_lpc175x_6x.o
 .ARM.attributes
                0x00000066       0x33 ./inc/servo_motors.o
 .ARM.attributes
                0x00000099       0x33 ./inc/stepper_motors.o
 .ARM.attributes
                0x000000cc       0x2d C:\Users\nacho\Documents\LPCXpresso_8.2.2_650\workspace_CMSIS\CMSISv2p00_LPC17xx\Debug\libCMSISv2p00_LPC17xx.a(system_LPC17xx.o)
 .ARM.attributes
                0x000000f9       0x33 C:\Users\nacho\Documents\LPCXpresso_8.2.2_650\workspace_CMSIS\CMSISv2p00_LPC17xx\Debug\libCMSISv2p00_LPC17xx.a(lpc17xx_adc.o)
 .ARM.attributes
                0x0000012c       0x33 C:\Users\nacho\Documents\LPCXpresso_8.2.2_650\workspace_CMSIS\CMSISv2p00_LPC17xx\Debug\libCMSISv2p00_LPC17xx.a(lpc17xx_clkpwr.o)
 .ARM.attributes
                0x0000015f       0x33 C:\Users\nacho\Documents\LPCXpresso_8.2.2_650\workspace_CMSIS\CMSISv2p00_LPC17xx\Debug\libCMSISv2p00_LPC17xx.a(lpc17xx_gpio.o)
 .ARM.attributes
                0x00000192       0x33 C:\Users\nacho\Documents\LPCXpresso_8.2.2_650\workspace_CMSIS\CMSISv2p00_LPC17xx\Debug\libCMSISv2p00_LPC17xx.a(lpc17xx_libcfg_default.o)
 .ARM.attributes
                0x000001c5       0x33 C:\Users\nacho\Documents\LPCXpresso_8.2.2_650\workspace_CMSIS\CMSISv2p00_LPC17xx\Debug\libCMSISv2p00_LPC17xx.a(lpc17xx_pinsel.o)
 .ARM.attributes
                0x000001f8       0x33 C:\Users\nacho\Documents\LPCXpresso_8.2.2_650\workspace_CMSIS\CMSISv2p00_LPC17xx\Debug\libCMSISv2p00_LPC17xx.a(lpc17xx_pwm.o)
 .ARM.attributes
                0x0000022b       0x33 C:\Users\nacho\Documents\LPCXpresso_8.2.2_650\workspace_CMSIS\CMSISv2p00_LPC17xx\Debug\libCMSISv2p00_LPC17xx.a(lpc17xx_systick.o)
 .ARM.attributes
                0x0000025e       0x33 C:\Users\nacho\Documents\LPCXpresso_8.2.2_650\workspace_CMSIS\CMSISv2p00_LPC17xx\Debug\libCMSISv2p00_LPC17xx.a(lpc17xx_timer.o)
 .ARM.attributes
                0x00000291       0x33 C:\Users\nacho\Documents\LPCXpresso_8.2.2_650\workspace_CMSIS\CMSISv2p00_LPC17xx\Debug\libCMSISv2p00_LPC17xx.a(lpc17xx_uart.o)
 .ARM.attributes
                0x000002c4       0x33 c:/nxp/lpcxpresso_8.2.2_650/lpcxpresso/tools/bin/../lib/gcc/arm-none-eabi/5.4.1/../../../../arm-none-eabi/lib/armv7-m\libcr_c.a(memcpy.o)
 .ARM.attributes
                0x000002f7       0x33 c:/nxp/lpcxpresso_8.2.2_650/lpcxpresso/tools/bin/../lib/gcc/arm-none-eabi/5.4.1/../../../../arm-none-eabi/lib/armv7-m\libcr_c.a(__weak__main.o)
 .ARM.attributes
                0x0000032a       0x21 c:/nxp/lpcxpresso_8.2.2_650/lpcxpresso/tools/bin/../lib/gcc/arm-none-eabi/5.4.1/armv7-m\libcr_eabihelpers.a(division_64.o)
 .ARM.attributes
                0x0000034b       0x21 c:/nxp/lpcxpresso_8.2.2_650/lpcxpresso/tools/bin/../lib/gcc/arm-none-eabi/5.4.1/armv7-m\libcr_eabihelpers.a(division_idiv0.o)
 .ARM.attributes
                0x0000036c       0x21 c:/nxp/lpcxpresso_8.2.2_650/lpcxpresso/tools/bin/../lib/gcc/arm-none-eabi/5.4.1/armv7-m\libcr_eabihelpers.a(memcpy.o)

.debug_frame    0x00000000     0x1708
 .debug_frame   0x00000000      0x53c ./src/RoboticArmUARTControl.o
 .debug_frame   0x0000053c      0x170 ./src/cr_startup_lpc175x_6x.o
 .debug_frame   0x000006ac      0x1d8 ./inc/servo_motors.o
 .debug_frame   0x00000884      0x340 ./inc/stepper_motors.o
 .debug_frame   0x00000bc4       0x3c C:\Users\nacho\Documents\LPCXpresso_8.2.2_650\workspace_CMSIS\CMSISv2p00_LPC17xx\Debug\libCMSISv2p00_LPC17xx.a(system_LPC17xx.o)
 .debug_frame   0x00000c00      0x16c C:\Users\nacho\Documents\LPCXpresso_8.2.2_650\workspace_CMSIS\CMSISv2p00_LPC17xx\Debug\libCMSISv2p00_LPC17xx.a(lpc17xx_adc.o)
 .debug_frame   0x00000d6c       0xa8 C:\Users\nacho\Documents\LPCXpresso_8.2.2_650\workspace_CMSIS\CMSISv2p00_LPC17xx\Debug\libCMSISv2p00_LPC17xx.a(lpc17xx_clkpwr.o)
 .debug_frame   0x00000e14      0x1c0 C:\Users\nacho\Documents\LPCXpresso_8.2.2_650\workspace_CMSIS\CMSISv2p00_LPC17xx\Debug\libCMSISv2p00_LPC17xx.a(lpc17xx_gpio.o)
 .debug_frame   0x00000fd4       0x20 C:\Users\nacho\Documents\LPCXpresso_8.2.2_650\workspace_CMSIS\CMSISv2p00_LPC17xx\Debug\libCMSISv2p00_LPC17xx.a(lpc17xx_libcfg_default.o)
 .debug_frame   0x00000ff4       0x4c C:\Users\nacho\Documents\LPCXpresso_8.2.2_650\workspace_CMSIS\CMSISv2p00_LPC17xx\Debug\libCMSISv2p00_LPC17xx.a(lpc17xx_pinsel.o)
 .debug_frame   0x00001040      0x194 C:\Users\nacho\Documents\LPCXpresso_8.2.2_650\workspace_CMSIS\CMSISv2p00_LPC17xx\Debug\libCMSISv2p00_LPC17xx.a(lpc17xx_pwm.o)
 .debug_frame   0x000011d4       0x98 C:\Users\nacho\Documents\LPCXpresso_8.2.2_650\workspace_CMSIS\CMSISv2p00_LPC17xx\Debug\libCMSISv2p00_LPC17xx.a(lpc17xx_systick.o)
 .debug_frame   0x0000126c      0x170 C:\Users\nacho\Documents\LPCXpresso_8.2.2_650\workspace_CMSIS\CMSISv2p00_LPC17xx\Debug\libCMSISv2p00_LPC17xx.a(lpc17xx_timer.o)
 .debug_frame   0x000013dc      0x32c C:\Users\nacho\Documents\LPCXpresso_8.2.2_650\workspace_CMSIS\CMSISv2p00_LPC17xx\Debug\libCMSISv2p00_LPC17xx.a(lpc17xx_uart.o)

.debug_loc      0x00000000     0x2fbf
 .debug_loc     0x00000000      0x4f7 C:\Users\nacho\Documents\LPCXpresso_8.2.2_650\workspace_CMSIS\CMSISv2p00_LPC17xx\Debug\libCMSISv2p00_LPC17xx.a(lpc17xx_adc.o)
 .debug_loc     0x000004f7      0x1a9 C:\Users\nacho\Documents\LPCXpresso_8.2.2_650\workspace_CMSIS\CMSISv2p00_LPC17xx\Debug\libCMSISv2p00_LPC17xx.a(lpc17xx_clkpwr.o)
 .debug_loc     0x000006a0      0x76a C:\Users\nacho\Documents\LPCXpresso_8.2.2_650\workspace_CMSIS\CMSISv2p00_LPC17xx\Debug\libCMSISv2p00_LPC17xx.a(lpc17xx_gpio.o)
 .debug_loc     0x00000e0a      0x15c C:\Users\nacho\Documents\LPCXpresso_8.2.2_650\workspace_CMSIS\CMSISv2p00_LPC17xx\Debug\libCMSISv2p00_LPC17xx.a(lpc17xx_pinsel.o)
 .debug_loc     0x00000f66      0x5ac C:\Users\nacho\Documents\LPCXpresso_8.2.2_650\workspace_CMSIS\CMSISv2p00_LPC17xx\Debug\libCMSISv2p00_LPC17xx.a(lpc17xx_pwm.o)
 .debug_loc     0x00001512      0x175 C:\Users\nacho\Documents\LPCXpresso_8.2.2_650\workspace_CMSIS\CMSISv2p00_LPC17xx\Debug\libCMSISv2p00_LPC17xx.a(lpc17xx_systick.o)
 .debug_loc     0x00001687      0x698 C:\Users\nacho\Documents\LPCXpresso_8.2.2_650\workspace_CMSIS\CMSISv2p00_LPC17xx\Debug\libCMSISv2p00_LPC17xx.a(lpc17xx_timer.o)
 .debug_loc     0x00001d1f     0x12a0 C:\Users\nacho\Documents\LPCXpresso_8.2.2_650\workspace_CMSIS\CMSISv2p00_LPC17xx\Debug\libCMSISv2p00_LPC17xx.a(lpc17xx_uart.o)
