Archive member included to satisfy reference by file (symbol)

C:\Users\nacho\Documents\LPCXpresso_8.2.2_650\workspace_CMSIS\CMSISv2p00_LPC17xx\Debug\libCMSISv2p00_LPC17xx.a(system_LPC17xx.o)
                              ./src/cr_startup_lpc175x_6x.o (SystemInit)
C:\Users\nacho\Documents\LPCXpresso_8.2.2_650\workspace_CMSIS\CMSISv2p00_LPC17xx\Debug\libCMSISv2p00_LPC17xx.a(lpc17xx_gpio.o)
                              ./inc/stepper_motors.o (GPIO_SetDir)
C:\Users\nacho\Documents\LPCXpresso_8.2.2_650\workspace_CMSIS\CMSISv2p00_LPC17xx\Debug\libCMSISv2p00_LPC17xx.a(lpc17xx_pinsel.o)
                              ./src/RoboticArmUARTControl.o (PINSEL_ConfigPin)
C:\Users\nacho\Documents\LPCXpresso_8.2.2_650\workspace_CMSIS\CMSISv2p00_LPC17xx\Debug\libCMSISv2p00_LPC17xx.a(lpc17xx_pwm.o)
                              ./inc/servo_motors.o (PWM_Init)
C:\Users\nacho\Documents\LPCXpresso_8.2.2_650\workspace_CMSIS\CMSISv2p00_LPC17xx\Debug\libCMSISv2p00_LPC17xx.a(lpc17xx_systick.o)
                              ./src/RoboticArmUARTControl.o (SYSTICK_IntCmd)
C:\Users\nacho\Documents\LPCXpresso_8.2.2_650\workspace_CMSIS\CMSISv2p00_LPC17xx\Debug\libCMSISv2p00_LPC17xx.a(lpc17xx_timer.o)
                              ./src/RoboticArmUARTControl.o (TIM_GetIntStatus)
C:\Users\nacho\Documents\LPCXpresso_8.2.2_650\workspace_CMSIS\CMSISv2p00_LPC17xx\Debug\libCMSISv2p00_LPC17xx.a(lpc17xx_uart.o)
                              ./src/RoboticArmUARTControl.o (UART_Init)
C:\Users\nacho\Documents\LPCXpresso_8.2.2_650\workspace_CMSIS\CMSISv2p00_LPC17xx\Debug\libCMSISv2p00_LPC17xx.a(lpc17xx_clkpwr.o)
                              C:\Users\nacho\Documents\LPCXpresso_8.2.2_650\workspace_CMSIS\CMSISv2p00_LPC17xx\Debug\libCMSISv2p00_LPC17xx.a(lpc17xx_pwm.o) (CLKPWR_SetPCLKDiv)
C:\Users\nacho\Documents\LPCXpresso_8.2.2_650\workspace_CMSIS\CMSISv2p00_LPC17xx\Debug\libCMSISv2p00_LPC17xx.a(lpc17xx_libcfg_default.o)
                              C:\Users\nacho\Documents\LPCXpresso_8.2.2_650\workspace_CMSIS\CMSISv2p00_LPC17xx\Debug\libCMSISv2p00_LPC17xx.a(lpc17xx_pwm.o) (check_failed)
c:/nxp/lpcxpresso_8.2.2_650/lpcxpresso/tools/bin/../lib/gcc/arm-none-eabi/5.4.1/../../../../arm-none-eabi/lib/armv7-m\libcr_c.a(__weak__main.o)
                              ./src/cr_startup_lpc175x_6x.o (__main)
c:/nxp/lpcxpresso_8.2.2_650/lpcxpresso/tools/bin/../lib/gcc/arm-none-eabi/5.4.1/armv7-m\libcr_eabihelpers.a(division_64.o)
                              C:\Users\nacho\Documents\LPCXpresso_8.2.2_650\workspace_CMSIS\CMSISv2p00_LPC17xx\Debug\libCMSISv2p00_LPC17xx.a(system_LPC17xx.o) (__aeabi_ldivmod)
c:/nxp/lpcxpresso_8.2.2_650/lpcxpresso/tools/bin/../lib/gcc/arm-none-eabi/5.4.1/armv7-m\libcr_eabihelpers.a(division_idiv0.o)
                              c:/nxp/lpcxpresso_8.2.2_650/lpcxpresso/tools/bin/../lib/gcc/arm-none-eabi/5.4.1/armv7-m\libcr_eabihelpers.a(division_64.o) (__aeabi_idiv0)
c:/nxp/lpcxpresso_8.2.2_650/lpcxpresso/tools/bin/../lib/gcc/arm-none-eabi/5.4.1/armv7-m\libcr_eabihelpers.a(float.o)
                              C:\Users\nacho\Documents\LPCXpresso_8.2.2_650\workspace_CMSIS\CMSISv2p00_LPC17xx\Debug\libCMSISv2p00_LPC17xx.a(lpc17xx_systick.o) (__aeabi_ui2f)

Discarded input sections

 .group         0x00000000        0x8 ./src/RoboticArmUARTControl.o
 .group         0x00000000        0x8 ./src/RoboticArmUARTControl.o
 .group         0x00000000        0x8 ./src/RoboticArmUARTControl.o
 .group         0x00000000        0x8 ./src/RoboticArmUARTControl.o
 .group         0x00000000        0x8 ./src/RoboticArmUARTControl.o
 .group         0x00000000        0x8 ./src/RoboticArmUARTControl.o
 .group         0x00000000        0x8 ./src/RoboticArmUARTControl.o
 .group         0x00000000        0x8 ./src/RoboticArmUARTControl.o
 .group         0x00000000        0x8 ./src/RoboticArmUARTControl.o
 .group         0x00000000        0x8 ./src/RoboticArmUARTControl.o
 .group         0x00000000        0x8 ./src/RoboticArmUARTControl.o
 .group         0x00000000        0x8 ./src/RoboticArmUARTControl.o
 .group         0x00000000        0x8 ./src/RoboticArmUARTControl.o
 .group         0x00000000        0x8 ./src/RoboticArmUARTControl.o
 .group         0x00000000        0x8 ./src/RoboticArmUARTControl.o
 .group         0x00000000        0x8 ./src/RoboticArmUARTControl.o
 .group         0x00000000        0x8 ./src/RoboticArmUARTControl.o
 .text          0x00000000        0x0 ./src/RoboticArmUARTControl.o
 .data          0x00000000        0x0 ./src/RoboticArmUARTControl.o
 .bss           0x00000000        0x0 ./src/RoboticArmUARTControl.o
 .group         0x00000000        0x8 ./src/cr_startup_lpc175x_6x.o
 .text          0x00000000        0x0 ./src/cr_startup_lpc175x_6x.o
 .data          0x00000000        0x0 ./src/cr_startup_lpc175x_6x.o
 .bss           0x00000000        0x0 ./src/cr_startup_lpc175x_6x.o
 .debug_macro   0x00000000      0x88c ./src/cr_startup_lpc175x_6x.o
 .group         0x00000000        0x8 ./src/crp.o
[...]
Memory Configuration

Name             Origin             Length             Attributes
MFlash512        0x00000000         0x00080000         xr
RamLoc32         0x10000000         0x00008000         xrw
RamAHB32         0x2007c000         0x00008000         xrw
*default*        0x00000000         0xffffffff

Linker script and memory map

LOAD ./src/RoboticArmUARTControl.o
LOAD ./src/cr_startup_lpc175x_6x.o
LOAD ./src/crp.o
LOAD ./inc/servo_motors.o
LOAD ./inc/stepper_motors.o
LOAD C:\Users\nacho\Documents\LPCXpresso_8.2.2_650\workspace_CMSIS\CMSISv2p00_LPC17xx\Debug\libCMSISv2p00_LPC17xx.a
START GROUP
LOAD c:/nxp/lpcxpresso_8.2.2_650/lpcxpresso/tools/bin/../lib/gcc/arm-none-eabi/5.4.1/../../../../arm-none-eabi/lib/armv7-m\libcr_c.a
LOAD c:/nxp/lpcxpresso_8.2.2_650/lpcxpresso/tools/bin/../lib/gcc/arm-none-eabi/5.4.1/armv7-m\libcr_eabihelpers.a
END GROUP
                0x00000000                __base_MFlash512 = 0x0
                0x00000000                __base_Flash = 0x0
                0x00080000                __top_MFlash512 = 0x80000
                0x00080000                __top_Flash = 0x80000
                0x10000000                __base_RamLoc32 = 0x10000000
                0x10000000                __base_RAM = 0x10000000
                0x10008000                __top_RamLoc32 = 0x10008000
                0x10008000                __top_RAM = 0x10008000
                0x2007c000                __base_RamAHB32 = 0x2007c000
                0x2007c000                __base_RAM2 = 0x2007c000
                0x20084000                __top_RamAHB32 = 0x20084000
                0x20084000                __top_RAM2 = 0x20084000

.text           0x00000000     0x2c30
 FILL mask 0xff
                0x00000000                __vectors_start__ = ABSOLUTE (.)
 *(.isr_vector)
 .isr_vector    0x00000000       0xcc ./src/cr_startup_lpc175x_6x.o
                0x00000000                g_pfnVectors
                0x000000cc                . = ALIGN (0x4)
                0x000000cc                __section_table_start = .
                0x000000cc                __data_section_table = .
                0x000000cc        0x4 LONG 0x2c30 LOADADDR (.data)
                0x000000d0        0x4 LONG 0x10000000 ADDR (.data)
                0x000000d4        0x4 LONG 0x8 SIZEOF (.data)
                0x000000d8        0x4 LONG 0x2c30 LOADADDR (.data_RAM2)
                0x000000dc        0x4 LONG 0x2007c000 ADDR (.data_RAM2)
                0x000000e0        0x4 LONG 0x0 SIZEOF (.data_RAM2)
                0x000000e4                __data_section_table_end = .
                0x000000e4                __bss_section_table = .
                0x000000e4        0x4 LONG 0x10000008 ADDR (.bss)
                0x000000e8        0x4 LONG 0x1ff0 SIZEOF (.bss)
                0x000000ec        0x4 LONG 0x2007c000 ADDR (.bss_RAM2)
                0x000000f0        0x4 LONG 0x0 SIZEOF (.bss_RAM2)
                0x000000f4                __bss_section_table_end = .
                0x000000f4                __section_table_end = .
 *(.after_vectors*)
 .after_vectors
                0x000000f4      0x144 ./src/cr_startup_lpc175x_6x.o
                0x000000f4                data_init
                0x00000138                bss_init
                0x00000170                ResetISR
                0x000001e8                NMI_Handler
                0x000001f0                HardFault_Handler
                0x000001f8                MemManage_Handler
                0x00000200                BusFault_Handler
                0x00000208                UsageFault_Handler
                0x00000210                SVC_Handler
                0x00000218                DebugMon_Handler
                0x00000220                PendSV_Handler
                0x00000230                UART1_IRQHandler
                0x00000230                EINT3_IRQHandler
                0x00000230                CANActivity_IRQHandler
                0x00000230                TIMER3_IRQHandler
                0x00000230                USBActivity_IRQHandler
                0x00000230                EINT2_IRQHandler
                0x00000230                IntDefaultHandler
                0x00000230                PLL0_IRQHandler
                0x00000230                I2C0_IRQHandler
                0x00000230                PLL1_IRQHandler
                0x00000230                I2C1_IRQHandler
                0x00000230                I2S_IRQHandler
                0x00000230                I2C2_IRQHandler
                0x00000230                RTC_IRQHandler
                0x00000230                SPI_IRQHandler
                0x00000230                RIT_IRQHandler
                0x00000230                EINT1_IRQHandler
                0x00000230                UART2_IRQHandler
                0x00000230                ADC_IRQHandler
                0x00000230                SSP1_IRQHandler
                0x00000230                USB_IRQHandler
                0x00000230                BOD_IRQHandler
                0x00000230                PWM1_IRQHandler
                0x00000230                WDT_IRQHandler
                0x00000230                SSP0_IRQHandler
                0x00000230                QEI_IRQHandler
                0x00000230                EINT0_IRQHandler
                0x00000230                CAN_IRQHandler
                0x00000230                DMA_IRQHandler
                0x00000230                TIMER2_IRQHandler
                0x00000230                UART3_IRQHandler
                0x00000230                MCPWM_IRQHandler
                0x00000230                ENET_IRQHandler
 *(.text*)
 .text.NVIC_EnableIRQ
                0x00000238       0x30 ./src/RoboticArmUARTControl.o
 .text.NVIC_SetPriority
                0x00000268       0x54 ./src/RoboticArmUARTControl.o
 .text.SysTick_Config
                0x000002bc       0x44 ./src/RoboticArmUARTControl.o
 .text.main     0x00000300      0x444 ./src/RoboticArmUARTControl.o
                0x00000300                main
 .text.confUart
                0x00000744       0x9c ./src/RoboticArmUARTControl.o
                0x00000744                confUart
 .text.confSteppers
                0x000007e0      0x18c ./src/RoboticArmUARTControl.o
                0x000007e0                confSteppers
 .text.confServo
                0x0000096c       0x4c ./src/RoboticArmUARTControl.o
                0x0000096c                confServo
 .text.inicializarTimerDeGrabacion
                0x000009b8       0x8c ./src/RoboticArmUARTControl.o
                0x000009b8                inicializarTimerDeGrabacion
 .text.cmdMatch0InterruptTimGrabacion
                0x00000a44       0x40 ./src/RoboticArmUARTControl.o
                0x00000a44                cmdMatch0InterruptTimGrabacion
 .text.leerYResetearTimer
                0x00000a84       0x20 ./src/RoboticArmUARTControl.o
                0x00000a84                leerYResetearTimer
 .text.states   0x00000aa4       0x3c ./src/RoboticArmUARTControl.o
                0x00000aa4                states
 .text.getEstado
                0x00000ae0       0x14 ./src/RoboticArmUARTControl.o
                0x00000ae0                getEstado
 .text.setEstado
                0x00000af4       0x1c ./src/RoboticArmUARTControl.o
                0x00000af4                setEstado
 .text.banderaEnEstadoEjecucion
                0x00000b10       0x38 ./src/RoboticArmUARTControl.o
                0x00000b10                banderaEnEstadoEjecucion
 .text.getBanderaEnEstadoEjecucion
                0x00000b48       0x14 ./src/RoboticArmUARTControl.o
                0x00000b48                getBanderaEnEstadoEjecucion
 .text.setBanderaEnEstadoEjecucion
                0x00000b5c       0x1c ./src/RoboticArmUARTControl.o
                0x00000b5c                setBanderaEnEstadoEjecucion
 .text.garraCmd
                0x00000b78       0x64 ./src/RoboticArmUARTControl.o
                0x00000b78                garraCmd
 .text.ejecutarUARTCmd
                0x00000bdc      0x144 ./src/RoboticArmUARTControl.o
                0x00000bdc                ejecutarUARTCmd
 .text.detenerMovimientos
                0x00000d20       0x30 ./src/RoboticArmUARTControl.o
                0x00000d20                detenerMovimientos
 .text.posicion
                0x00000d50       0x54 ./src/RoboticArmUARTControl.o
                0x00000d50                posicion
 .text.getPosSteppers
                0x00000da4       0x3c ./src/RoboticArmUARTControl.o
                0x00000da4                getPosSteppers
 .text.regStampUpdate
                0x00000de0      0x100 ./src/RoboticArmUARTControl.o
                0x00000de0                regStampUpdate
 .text.TIMER0_IRQHandler
                0x00000ee0       0x58 ./src/RoboticArmUARTControl.o
                0x00000ee0                TIMER0_IRQHandler
 .text.TIMER1_IRQHandler
                0x00000f38       0x2c ./src/RoboticArmUARTControl.o
                0x00000f38                TIMER1_IRQHandler
 .text.SysTick_Handler
                0x00000f64       0x70 ./src/RoboticArmUARTControl.o
                0x00000f64                SysTick_Handler
 .text.UART0_IRQHandler
                0x00000fd4      0x114 ./src/RoboticArmUARTControl.o
                0x00000fd4                UART0_IRQHandler
 .text.PWM_pin_config
                0x000010e8       0x44 ./inc/servo_motors.o
                0x000010e8                PWM_pin_config
 .text.PWM_timer_config
                0x0000112c       0x2c ./inc/servo_motors.o
                0x0000112c                PWM_timer_config
 .text.PWM_config_M0
                0x00001158       0x3c ./inc/servo_motors.o
                0x00001158                PWM_config_M0
 .text.PWM_config_Mx
                0x00001194       0x64 ./inc/servo_motors.o
                0x00001194                PWM_config_Mx
 .text.PWM_start
                0x000011f8       0x24 ./inc/servo_motors.o
                0x000011f8                PWM_start
 .text.servo_init
                0x0000121c       0x44 ./inc/servo_motors.o
                0x0000121c                servo_init
 .text.servo_pin_start
                0x00001260       0x24 ./inc/servo_motors.o
                0x00001260                servo_pin_start
 .text.servo_update_duty_cycle
                0x00001284       0x24 ./inc/servo_motors.o
                0x00001284                servo_update_duty_cycle
 .text.get_servo_motor
                0x000012a8       0x24 ./inc/servo_motors.o
                0x000012a8                get_servo_motor
 .text.put_servo_motor
                0x000012cc       0x18 ./inc/servo_motors.o
                0x000012cc                put_servo_motor
 .text.servo_motors
                0x000012e4       0x48 ./inc/servo_motors.o
                0x000012e4                servo_motors
 .text.NVIC_EnableIRQ
                0x0000132c       0x30 ./inc/stepper_motors.o
 .text.motor_config
                0x0000135c      0x180 ./inc/stepper_motors.o
                0x0000135c                motor_config
 .text.motor_timer_init
                0x000014dc       0x3c ./inc/stepper_motors.o
                0x000014dc                motor_timer_init
 .text.start_motor_timer
                0x00001518       0x1c ./inc/stepper_motors.o
                0x00001518                start_motor_timer
 .text.micro_stepping_cfg
                0x00001534       0xc0 ./inc/stepper_motors.o
                0x00001534                micro_stepping_cfg
 .text.stop_steps
                0x000015f4       0x38 ./inc/stepper_motors.o
                0x000015f4                stop_steps
 .text.start_steps
                0x0000162c       0x80 ./inc/stepper_motors.o
                0x0000162c                start_steps
 .text.get_motor
                0x000016ac       0x24 ./inc/stepper_motors.o
                0x000016ac                get_motor
 .text.put_motor
                0x000016d0       0x18 ./inc/stepper_motors.o
                0x000016d0                put_motor
 .text.motors   0x000016e8       0x4c ./inc/stepper_motors.o
                0x000016e8                motors
 .text.set_step_flag
                0x00001734       0x20 ./inc/stepper_motors.o
                0x00001734                set_step_flag
 .text.clear_step_flag
                0x00001754       0x20 ./inc/stepper_motors.o
                0x00001754                clear_step_flag
 .text.get_motor_flag
                0x00001774       0x20 ./inc/stepper_motors.o
                0x00001774                get_motor_flag
 .text.motor_flags
                0x00001794       0x44 ./inc/stepper_motors.o
                0x00001794                motor_flags
 .text.do_step  0x000017d8       0x44 ./inc/stepper_motors.o
                0x000017d8                do_step
 .text.config_timer_useg
                0x0000181c       0x34 ./inc/stepper_motors.o
                0x0000181c                config_timer_useg
 .text.config_match
                0x00001850       0x38 ./inc/stepper_motors.o
                0x00001850                config_match
 .text.get_IRQn
                0x00001888       0x50 ./inc/stepper_motors.o
                0x00001888                get_IRQn
 .text.delay    0x000018d8       0x28 ./inc/stepper_motors.o
                0x000018d8                delay
 .text.SystemInit
                0x00001900       0xdc C:\Users\nacho\Documents\LPCXpresso_8.2.2_650\workspace_CMSIS\CMSISv2p00_LPC17xx\Debug\libCMSISv2p00_LPC17xx.a(system_LPC17xx.o)
                0x00001900                SystemInit
 .text.GPIO_SetDir
                0x000019dc       0x24 C:\Users\nacho\Documents\LPCXpresso_8.2.2_650\workspace_CMSIS\CMSISv2p00_LPC17xx\Debug\libCMSISv2p00_LPC17xx.a(lpc17xx_gpio.o)
                0x000019dc                GPIO_SetDir
 .text.GPIO_SetValue
                0x00001a00       0x14 C:\Users\nacho\Documents\LPCXpresso_8.2.2_650\workspace_CMSIS\CMSISv2p00_LPC17xx\Debug\libCMSISv2p00_LPC17xx.a(lpc17xx_gpio.o)
                0x00001a00                GPIO_SetValue
 .text.GPIO_ClearValue
                0x00001a14       0x14 C:\Users\nacho\Documents\LPCXpresso_8.2.2_650\workspace_CMSIS\CMSISv2p00_LPC17xx\Debug\libCMSISv2p00_LPC17xx.a(lpc17xx_gpio.o)
                0x00001a14                GPIO_ClearValue
 .text.PINSEL_ConfigPin
                0x00001a28       0xa0 C:\Users\nacho\Documents\LPCXpresso_8.2.2_650\workspace_CMSIS\CMSISv2p00_LPC17xx\Debug\libCMSISv2p00_LPC17xx.a(lpc17xx_pinsel.o)
                0x00001a28                PINSEL_ConfigPin
 .text.PWM_Init
                0x00001ac8       0xbc C:\Users\nacho\Documents\LPCXpresso_8.2.2_650\workspace_CMSIS\CMSISv2p00_LPC17xx\Debug\libCMSISv2p00_LPC17xx.a(lpc17xx_pwm.o)
                0x00001ac8                PWM_Init
 .text.PWM_Cmd  0x00001b84       0x40 C:\Users\nacho\Documents\LPCXpresso_8.2.2_650\workspace_CMSIS\CMSISv2p00_LPC17xx\Debug\libCMSISv2p00_LPC17xx.a(lpc17xx_pwm.o)
                0x00001b84                PWM_Cmd
 .text.PWM_CounterCmd
                0x00001bc4       0x44 C:\Users\nacho\Documents\LPCXpresso_8.2.2_650\workspace_CMSIS\CMSISv2p00_LPC17xx\Debug\libCMSISv2p00_LPC17xx.a(lpc17xx_pwm.o)
                0x00001bc4                PWM_CounterCmd
 .text.PWM_ResetCounter
                0x00001c08       0x30 C:\Users\nacho\Documents\LPCXpresso_8.2.2_650\workspace_CMSIS\CMSISv2p00_LPC17xx\Debug\libCMSISv2p00_LPC17xx.a(lpc17xx_pwm.o)
                0x00001c08                PWM_ResetCounter
 .text.PWM_ConfigMatch
                0x00001c38      0x11c C:\Users\nacho\Documents\LPCXpresso_8.2.2_650\workspace_CMSIS\CMSISv2p00_LPC17xx\Debug\libCMSISv2p00_LPC17xx.a(lpc17xx_pwm.o)
                0x00001c38                PWM_ConfigMatch
 .text.PWM_MatchUpdate
                0x00001d54       0x90 C:\Users\nacho\Documents\LPCXpresso_8.2.2_650\workspace_CMSIS\CMSISv2p00_LPC17xx\Debug\libCMSISv2p00_LPC17xx.a(lpc17xx_pwm.o)
                0x00001d54                PWM_MatchUpdate
 .text.PWM_ChannelConfig
                0x00001de4       0x78 C:\Users\nacho\Documents\LPCXpresso_8.2.2_650\workspace_CMSIS\CMSISv2p00_LPC17xx\Debug\libCMSISv2p00_LPC17xx.a(lpc17xx_pwm.o)
                0x00001de4                PWM_ChannelConfig
 .text.PWM_ChannelCmd
                0x00001e5c       0x70 C:\Users\nacho\Documents\LPCXpresso_8.2.2_650\workspace_CMSIS\CMSISv2p00_LPC17xx\Debug\libCMSISv2p00_LPC17xx.a(lpc17xx_pwm.o)
                0x00001e5c                PWM_ChannelCmd
 .text.SYSTICK_IntCmd
                0x00001ecc       0x30 C:\Users\nacho\Documents\LPCXpresso_8.2.2_650\workspace_CMSIS\CMSISv2p00_LPC17xx\Debug\libCMSISv2p00_LPC17xx.a(lpc17xx_systick.o)
                0x00001ecc                SYSTICK_IntCmd
 .text.TIM_GetIntStatus
                0x00001efc       0x54 C:\Users\nacho\Documents\LPCXpresso_8.2.2_650\workspace_CMSIS\CMSISv2p00_LPC17xx\Debug\libCMSISv2p00_LPC17xx.a(lpc17xx_timer.o)
                0x00001efc                TIM_GetIntStatus
 .text.TIM_ClearIntPending
                0x00001f50       0x4c C:\Users\nacho\Documents\LPCXpresso_8.2.2_650\workspace_CMSIS\CMSISv2p00_LPC17xx\Debug\libCMSISv2p00_LPC17xx.a(lpc17xx_timer.o)
                0x00001f50                TIM_ClearIntPending
 .text.TIM_Init
                0x00001f9c      0x17c C:\Users\nacho\Documents\LPCXpresso_8.2.2_650\workspace_CMSIS\CMSISv2p00_LPC17xx\Debug\libCMSISv2p00_LPC17xx.a(lpc17xx_timer.o)
                0x00001f9c                TIM_Init
 .text.TIM_Cmd  0x00002118       0x48 C:\Users\nacho\Documents\LPCXpresso_8.2.2_650\workspace_CMSIS\CMSISv2p00_LPC17xx\Debug\libCMSISv2p00_LPC17xx.a(lpc17xx_timer.o)
                0x00002118                TIM_Cmd
 .text.TIM_ResetCounter
                0x00002160       0x48 C:\Users\nacho\Documents\LPCXpresso_8.2.2_650\workspace_CMSIS\CMSISv2p00_LPC17xx\Debug\libCMSISv2p00_LPC17xx.a(lpc17xx_timer.o)
                0x00002160                TIM_ResetCounter
 .text.TIM_ConfigMatch
                0x000021a8       0xf4 C:\Users\nacho\Documents\LPCXpresso_8.2.2_650\workspace_CMSIS\CMSISv2p00_LPC17xx\Debug\libCMSISv2p00_LPC17xx.a(lpc17xx_timer.o)
                0x000021a8                TIM_ConfigMatch
 .text.TIM_UpdateMatchValue
                0x0000229c       0x58 C:\Users\nacho\Documents\LPCXpresso_8.2.2_650\workspace_CMSIS\CMSISv2p00_LPC17xx\Debug\libCMSISv2p00_LPC17xx.a(lpc17xx_timer.o)
                0x0000229c                TIM_UpdateMatchValue
 .text.UART_Init
                0x000022f4      0x28c C:\Users\nacho\Documents\LPCXpresso_8.2.2_650\workspace_CMSIS\CMSISv2p00_LPC17xx\Debug\libCMSISv2p00_LPC17xx.a(lpc17xx_uart.o)
                0x000022f4                UART_Init
 .text.UART_SendByte
                0x00002580       0x3c C:\Users\nacho\Documents\LPCXpresso_8.2.2_650\workspace_CMSIS\CMSISv2p00_LPC17xx\Debug\libCMSISv2p00_LPC17xx.a(lpc17xx_uart.o)
                0x00002580                UART_SendByte
 .text.UART_Send.part.0
                0x000025bc       0x4a C:\Users\nacho\Documents\LPCXpresso_8.2.2_650\workspace_CMSIS\CMSISv2p00_LPC17xx\Debug\libCMSISv2p00_LPC17xx.a(lpc17xx_uart.o)
 *fill*         0x00002606        0x2 ff
 .text.UART_ReceiveByte
                0x00002608       0x3c C:\Users\nacho\Documents\LPCXpresso_8.2.2_650\workspace_CMSIS\CMSISv2p00_LPC17xx\Debug\libCMSISv2p00_LPC17xx.a(lpc17xx_uart.o)
                0x00002608                UART_ReceiveByte
 .text.UART_Send
                0x00002644       0x52 C:\Users\nacho\Documents\LPCXpresso_8.2.2_650\workspace_CMSIS\CMSISv2p00_LPC17xx\Debug\libCMSISv2p00_LPC17xx.a(lpc17xx_uart.o)
                0x00002644                UART_Send
 .text.UART_Receive
                0x00002696       0x50 C:\Users\nacho\Documents\LPCXpresso_8.2.2_650\workspace_CMSIS\CMSISv2p00_LPC17xx\Debug\libCMSISv2p00_LPC17xx.a(lpc17xx_uart.o)
                0x00002696                UART_Receive
 *fill*         0x000026e6        0x2 ff
 .text.UART_IntConfig
                0x000026e8       0xc0 C:\Users\nacho\Documents\LPCXpresso_8.2.2_650\workspace_CMSIS\CMSISv2p00_LPC17xx\Debug\libCMSISv2p00_LPC17xx.a(lpc17xx_uart.o)
                0x000026e8                UART_IntConfig
 .text.UART_GetIntId
                0x000027a8       0x40 C:\Users\nacho\Documents\LPCXpresso_8.2.2_650\workspace_CMSIS\CMSISv2p00_LPC17xx\Debug\libCMSISv2p00_LPC17xx.a(lpc17xx_uart.o)
                0x000027a8                UART_GetIntId
 .text.UART_FIFOConfig
                0x000027e8       0xb0 C:\Users\nacho\Documents\LPCXpresso_8.2.2_650\workspace_CMSIS\CMSISv2p00_LPC17xx\Debug\libCMSISv2p00_LPC17xx.a(lpc17xx_uart.o)
                0x000027e8                UART_FIFOConfig
 .text.UART_FIFOConfigStructInit
                0x00002898        0xe C:\Users\nacho\Documents\LPCXpresso_8.2.2_650\workspace_CMSIS\CMSISv2p00_LPC17xx\Debug\libCMSISv2p00_LPC17xx.a(lpc17xx_uart.o)
                0x00002898                UART_FIFOConfigStructInit
 *fill*         0x000028a6        0x2 ff
 .text.UART_TxCmd
                0x000028a8       0x64 C:\Users\nacho\Documents\LPCXpresso_8.2.2_650\workspace_CMSIS\CMSISv2p00_LPC17xx\Debug\libCMSISv2p00_LPC17xx.a(lpc17xx_uart.o)
                0x000028a8                UART_TxCmd
 .text.CLKPWR_SetPCLKDiv
                0x0000290c       0x50 C:\Users\nacho\Documents\LPCXpresso_8.2.2_650\workspace_CMSIS\CMSISv2p00_LPC17xx\Debug\libCMSISv2p00_LPC17xx.a(lpc17xx_clkpwr.o)
                0x0000290c                CLKPWR_SetPCLKDiv
 .text.CLKPWR_GetPCLKSEL
                0x0000295c       0x20 C:\Users\nacho\Documents\LPCXpresso_8.2.2_650\workspace_CMSIS\CMSISv2p00_LPC17xx\Debug\libCMSISv2p00_LPC17xx.a(lpc17xx_clkpwr.o)
                0x0000295c                CLKPWR_GetPCLKSEL
 .text.CLKPWR_GetPCLK
                0x0000297c       0x28 C:\Users\nacho\Documents\LPCXpresso_8.2.2_650\workspace_CMSIS\CMSISv2p00_LPC17xx\Debug\libCMSISv2p00_LPC17xx.a(lpc17xx_clkpwr.o)
                0x0000297c                CLKPWR_GetPCLK
 .text.CLKPWR_ConfigPPWR
                0x000029a4       0x38 C:\Users\nacho\Documents\LPCXpresso_8.2.2_650\workspace_CMSIS\CMSISv2p00_LPC17xx\Debug\libCMSISv2p00_LPC17xx.a(lpc17xx_clkpwr.o)
                0x000029a4                CLKPWR_ConfigPPWR
 .text.check_failed
                0x000029dc        0x2 C:\Users\nacho\Documents\LPCXpresso_8.2.2_650\workspace_CMSIS\CMSISv2p00_LPC17xx\Debug\libCMSISv2p00_LPC17xx.a(lpc17xx_libcfg_default.o)
                0x000029dc                check_failed
 .text.__weak_main
                0x000029de        0x4 c:/nxp/lpcxpresso_8.2.2_650/lpcxpresso/tools/bin/../lib/gcc/arm-none-eabi/5.4.1/../../../../arm-none-eabi/lib/armv7-m\libcr_c.a(__weak__main.o)
                0x000029de                __weak_main
                0x000029de                __main
 .text.__aeabi_division_uldivmod
                0x000029e2      0x174 c:/nxp/lpcxpresso_8.2.2_650/lpcxpresso/tools/bin/../lib/gcc/arm-none-eabi/5.4.1/armv7-m\libcr_eabihelpers.a(division_64.o)
                0x000029e2                __aeabi_uldivmod
                0x000029e6                __bhs_ldivmod1
 .text.__aeabi_division_idiv0
                0x00002b56        0x2 c:/nxp/lpcxpresso_8.2.2_650/lpcxpresso/tools/bin/../lib/gcc/arm-none-eabi/5.4.1/armv7-m\libcr_eabihelpers.a(division_idiv0.o)
                0x00002b56                __aeabi_idiv0
 *(.rodata .rodata.* .constdata .constdata.*)
 .rodata        0x00002b58       0x35 ./src/RoboticArmUARTControl.o
 *fill*         0x00002b8d        0x3 ff
 .rodata.CSWTCH.9
                0x00002b90       0x14 C:\Users\nacho\Documents\LPCXpresso_8.2.2_650\workspace_CMSIS\CMSISv2p00_LPC17xx\Debug\libCMSISv2p00_LPC17xx.a(lpc17xx_gpio.o)
 .rodata.str1.1
                0x00002ba4       0x1d C:\Users\nacho\Documents\LPCXpresso_8.2.2_650\workspace_CMSIS\CMSISv2p00_LPC17xx\Debug\libCMSISv2p00_LPC17xx.a(lpc17xx_pwm.o)
 .rodata.str1.1
                0x00002bc1       0x21 C:\Users\nacho\Documents\LPCXpresso_8.2.2_650\workspace_CMSIS\CMSISv2p00_LPC17xx\Debug\libCMSISv2p00_LPC17xx.a(lpc17xx_systick.o)
 .rodata.str1.1
                0x00002be2       0x1f C:\Users\nacho\Documents\LPCXpresso_8.2.2_650\workspace_CMSIS\CMSISv2p00_LPC17xx\Debug\libCMSISv2p00_LPC17xx.a(lpc17xx_timer.o)
 .rodata.CSWTCH.34
                0x00002c01        0x3 C:\Users\nacho\Documents\LPCXpresso_8.2.2_650\workspace_CMSIS\CMSISv2p00_LPC17xx\Debug\libCMSISv2p00_LPC17xx.a(lpc17xx_uart.o)
 .rodata.str1.1
                0x00002c04       0x1e C:\Users\nacho\Documents\LPCXpresso_8.2.2_650\workspace_CMSIS\CMSISv2p00_LPC17xx\Debug\libCMSISv2p00_LPC17xx.a(lpc17xx_uart.o)
 .rodata.CSWTCH.29
                0x00002c22        0xe C:\Users\nacho\Documents\LPCXpresso_8.2.2_650\workspace_CMSIS\CMSISv2p00_LPC17xx\Debug\libCMSISv2p00_LPC17xx.a(lpc17xx_uart.o)
                0x00002c30                . = ALIGN (0x4)

.glue_7         0x00002c30        0x0
 .glue_7        0x00002c30        0x0 linker stubs

.glue_7t        0x00002c30        0x0
 .glue_7t       0x00002c30        0x0 linker stubs

.vfp11_veneer   0x00002c30        0x0
 .vfp11_veneer  0x00002c30        0x0 linker stubs

.v4_bx          0x00002c30        0x0
 .v4_bx         0x00002c30        0x0 linker stubs

.iplt           0x00002c30        0x0
 .iplt          0x00002c30        0x0 ./src/RoboticArmUARTControl.o

.rel.dyn        0x00002c30        0x0
 .rel.iplt      0x00002c30        0x0 ./src/RoboticArmUARTControl.o

.ARM.extab
 *(.ARM.extab* .gnu.linkonce.armextab.*)
                0x00002c30                __exidx_start = .

.ARM.exidx
 *(.ARM.exidx* .gnu.linkonce.armexidx.*)
                0x00002c30                __exidx_end = .
                0x00002c30                _etext = .

.data_RAM2      0x2007c000        0x0 load address 0x00002c30
 FILL mask 0xff
                [!provide]                PROVIDE (__start_data_RAM2, .)
 *(.ramfunc.$RAM2)
 *(.ramfunc.$RamAHB32)
 *(.data.$RAM2*)
 *(.data.$RamAHB32*)
                0x2007c000                . = ALIGN (0x4)
                [!provide]                PROVIDE (__end_data_RAM2, .)

.uninit_RESERVED
                0x10000000        0x0
 *(.bss.$RESERVED*)
                0x10000000                . = ALIGN (0x4)
                0x10000000                _end_uninit_RESERVED = .

.data           0x10000000        0x8 load address 0x00002c30
 FILL mask 0xff
                0x10000000                _data = .
 *(vtable)
 *(.ramfunc*)
 *(.data*)
 .data.bandera.5722
                0x10000000        0x1 ./src/RoboticArmUARTControl.o
 *fill*         0x10000001        0x3 ff
 .data.SystemCoreClock
                0x10000004        0x4 C:\Users\nacho\Documents\LPCXpresso_8.2.2_650\workspace_CMSIS\CMSISv2p00_LPC17xx\Debug\libCMSISv2p00_LPC17xx.a(system_LPC17xx.o)
                0x10000004                SystemCoreClock
                0x10000008                . = ALIGN (0x4)
                0x10000008                _edata = .

.igot.plt       0x10000008        0x0 load address 0x00002c38
 .igot.plt      0x10000008        0x0 ./src/RoboticArmUARTControl.o

.bss_RAM2       0x2007c000        0x0
                [!provide]                PROVIDE (__start_bss_RAM2, .)
 *(.bss.$RAM2*)
 *(.bss.$RamAHB32*)
                0x2007c000                . = ALIGN ((. != 0x0)?0x4:0x1)
                [!provide]                PROVIDE (__end_bss_RAM2, .)

.bss            0x10000008     0x1ff0
                0x10000008                _bss = .
 *(.bss*)
 .bss.posicionInicial.5640
                0x10000008       0x10 ./src/RoboticArmUARTControl.o
 .bss.posicionFinal.5641
                0x10000018       0x10 ./src/RoboticArmUARTControl.o
 .bss.i.5663    0x10000028        0x1 ./src/RoboticArmUARTControl.o
 *fill*         0x10000029        0x3 
 .bss.matchCfg.5698
                0x1000002c        0xc ./src/RoboticArmUARTControl.o
 .bss.estado_actual.5710
                0x10000038        0x1 ./src/RoboticArmUARTControl.o
 *fill*         0x10000039        0x3 
 .bss.posicionMotores.5782
                0x1000003c       0x10 ./src/RoboticArmUARTControl.o
 .bss.numeroDeRegistro.5799
                0x1000004c        0x4 ./src/RoboticArmUARTControl.o
 .bss.regStamp.5801
                0x10000050     0x1f40 ./src/RoboticArmUARTControl.o
 .bss.cantidadDeComandosGuardados.5800
                0x10001f90        0x4 ./src/RoboticArmUARTControl.o
 .bss.info.5828
                0x10001f94        0x3 ./src/RoboticArmUARTControl.o
 *fill*         0x10001f97        0x1 
 .bss.motors_list.5229
                0x10001f98       0x1c ./inc/servo_motors.o
 .bss.motors_list.5362
                0x10001fb4       0x40 ./inc/stepper_motors.o
 .bss.motor_flag.5378
                0x10001ff4        0x4 ./inc/stepper_motors.o
 *(COMMON)
                0x10001ff8                . = ALIGN (0x4)
                0x10001ff8                _ebss = .
                [!provide]                PROVIDE (end, .)

.noinit_RAM2    0x2007c000        0x0
 *(.noinit.$RAM2*)
 *(.noinit.$RamAHB32*)
                0x2007c000                . = ALIGN (0x4)

.noinit         0x10001ff8        0x0
                0x10001ff8                _noinit = .
 *(.noinit*)
                0x10001ff8                . = ALIGN (0x4)
                0x10001ff8                _end_noinit = .
                [!provide]                PROVIDE (_pvHeapStart, DEFINED (__user_heap_base)?__user_heap_base:.)
                0x10008000                PROVIDE (_vStackTop, DEFINED (__user_stack_top)?__user_stack_top:(__top_RamLoc32 - 0x0))
                0xefff74b2                PROVIDE (__valid_user_code_checksum, (0x0 - ((((((_vStackTop + (ResetISR + 0x1)) + (NMI_Handler + 0x1)) + (HardFault_Handler + 0x1)) + (DEFINED (MemManage_Handler)?MemManage_Handler:0x0 + 0x1)) + (DEFINED (BusFault_Handler)?BusFault_Handler:0x0 + 0x1)) + (DEFINED (UsageFault_Handler)?UsageFault_Handler:0x0 + 0x1))))
OUTPUT(RoboticArmUARTControl.axf elf32-littlearm)

.debug_info     0x00000000     0x7d53
 .debug_info    0x00000000     0x16f4 ./src/RoboticArmUARTControl.o
 .debug_info    0x000016f4      0x253 ./src/cr_startup_lpc175x_6x.o
 .debug_info    0x00001947      0x646 ./inc/servo_motors.o
 .debug_info    0x00001f8d      0xaeb ./inc/stepper_motors.o
 .debug_info    0x00002a78      0x37d C:\Users\nacho\Documents\LPCXpresso_8.2.2_650\workspace_CMSIS\CMSISv2p00_LPC17xx\Debug\libCMSISv2p00_LPC17xx.a(system_LPC17xx.o)
 .debug_info    0x00002df5      0xd6f C:\Users\nacho\Documents\LPCXpresso_8.2.2_650\workspace_CMSIS\CMSISv2p00_LPC17xx\Debug\libCMSISv2p00_LPC17xx.a(lpc17xx_gpio.o)
 .debug_info    0x00003b64      0x4e4 C:\Users\nacho\Documents\LPCXpresso_8.2.2_650\workspace_CMSIS\CMSISv2p00_LPC17xx\Debug\libCMSISv2p00_LPC17xx.a(lpc17xx_pinsel.o)
 .debug_info    0x00004048      0xc61 C:\Users\nacho\Documents\LPCXpresso_8.2.2_650\workspace_CMSIS\CMSISv2p00_LPC17xx\Debug\libCMSISv2p00_LPC17xx.a(lpc17xx_pwm.o)
 .debug_info    0x00004ca9      0x26d C:\Users\nacho\Documents\LPCXpresso_8.2.2_650\workspace_CMSIS\CMSISv2p00_LPC17xx\Debug\libCMSISv2p00_LPC17xx.a(lpc17xx_systick.o)
 .debug_info    0x00004f16      0xb4c C:\Users\nacho\Documents\LPCXpresso_8.2.2_650\workspace_CMSIS\CMSISv2p00_LPC17xx\Debug\libCMSISv2p00_LPC17xx.a(lpc17xx_timer.o)
 .debug_info    0x00005a62     0x1bde C:\Users\nacho\Documents\LPCXpresso_8.2.2_650\workspace_CMSIS\CMSISv2p00_LPC17xx\Debug\libCMSISv2p00_LPC17xx.a(lpc17xx_uart.o)
 .debug_info    0x00007640      0x650 C:\Users\nacho\Documents\LPCXpresso_8.2.2_650\workspace_CMSIS\CMSISv2p00_LPC17xx\Debug\libCMSISv2p00_LPC17xx.a(lpc17xx_clkpwr.o)
 .debug_info    0x00007c90       0xc3 C:\Users\nacho\Documents\LPCXpresso_8.2.2_650\workspace_CMSIS\CMSISv2p00_LPC17xx\Debug\libCMSISv2p00_LPC17xx.a(lpc17xx_libcfg_default.o)

.debug_abbrev   0x00000000     0x1877
 .debug_abbrev  0x00000000      0x2ea ./src/RoboticArmUARTControl.o
 .debug_abbrev  0x000002ea       0xf5 ./src/cr_startup_lpc175x_6x.o
 .debug_abbrev  0x000003df      0x184 ./inc/servo_motors.o
 .debug_abbrev  0x00000563      0x24b ./inc/stepper_motors.o
 .debug_abbrev  0x000007ae      0x11c C:\Users\nacho\Documents\LPCXpresso_8.2.2_650\workspace_CMSIS\CMSISv2p00_LPC17xx\Debug\libCMSISv2p00_LPC17xx.a(system_LPC17xx.o)
 .debug_abbrev  0x000008ca      0x234 C:\Users\nacho\Documents\LPCXpresso_8.2.2_650\workspace_CMSIS\CMSISv2p00_LPC17xx\Debug\libCMSISv2p00_LPC17xx.a(lpc17xx_gpio.o)
 .debug_abbrev  0x00000afe      0x187 C:\Users\nacho\Documents\LPCXpresso_8.2.2_650\workspace_CMSIS\CMSISv2p00_LPC17xx\Debug\libCMSISv2p00_LPC17xx.a(lpc17xx_pinsel.o)
 .debug_abbrev  0x00000c85      0x21e C:\Users\nacho\Documents\LPCXpresso_8.2.2_650\workspace_CMSIS\CMSISv2p00_LPC17xx\Debug\libCMSISv2p00_LPC17xx.a(lpc17xx_pwm.o)
 .debug_abbrev  0x00000ea3      0x166 C:\Users\nacho\Documents\LPCXpresso_8.2.2_650\workspace_CMSIS\CMSISv2p00_LPC17xx\Debug\libCMSISv2p00_LPC17xx.a(lpc17xx_systick.o)
 .debug_abbrev  0x00001009      0x2b0 C:\Users\nacho\Documents\LPCXpresso_8.2.2_650\workspace_CMSIS\CMSISv2p00_LPC17xx\Debug\libCMSISv2p00_LPC17xx.a(lpc17xx_timer.o)
 .debug_abbrev  0x000012b9      0x36a C:\Users\nacho\Documents\LPCXpresso_8.2.2_650\workspace_CMSIS\CMSISv2p00_LPC17xx\Debug\libCMSISv2p00_LPC17xx.a(lpc17xx_uart.o)
 .debug_abbrev  0x00001623      0x1e5 C:\Users\nacho\Documents\LPCXpresso_8.2.2_650\workspace_CMSIS\CMSISv2p00_LPC17xx\Debug\libCMSISv2p00_LPC17xx.a(lpc17xx_clkpwr.o)
 .debug_abbrev  0x00001808       0x6f C:\Users\nacho\Documents\LPCXpresso_8.2.2_650\workspace_CMSIS\CMSISv2p00_LPC17xx\Debug\libCMSISv2p00_LPC17xx.a(lpc17xx_libcfg_default.o)

.debug_aranges  0x00000000      0x6b0
 .debug_aranges
                0x00000000       0xe8 ./src/RoboticArmUARTControl.o
 .debug_aranges
                0x000000e8       0x80 ./src/cr_startup_lpc175x_6x.o
 .debug_aranges
                0x00000168       0x80 ./inc/servo_motors.o
 .debug_aranges
                0x000001e8       0xc8 ./inc/stepper_motors.o
 .debug_aranges
                0x000002b0       0x28 C:\Users\nacho\Documents\LPCXpresso_8.2.2_650\workspace_CMSIS\CMSISv2p00_LPC17xx\Debug\libCMSISv2p00_LPC17xx.a(system_LPC17xx.o)
 .debug_aranges
                0x000002d8       0xe0 C:\Users\nacho\Documents\LPCXpresso_8.2.2_650\workspace_CMSIS\CMSISv2p00_LPC17xx\Debug\libCMSISv2p00_LPC17xx.a(lpc17xx_gpio.o)
 .debug_aranges
                0x000003b8       0x30 C:\Users\nacho\Documents\LPCXpresso_8.2.2_650\workspace_CMSIS\CMSISv2p00_LPC17xx\Debug\libCMSISv2p00_LPC17xx.a(lpc17xx_pinsel.o)
 .debug_aranges
                0x000003e8       0x88 C:\Users\nacho\Documents\LPCXpresso_8.2.2_650\workspace_CMSIS\CMSISv2p00_LPC17xx\Debug\libCMSISv2p00_LPC17xx.a(lpc17xx_pwm.o)
 .debug_aranges
                0x00000470       0x48 C:\Users\nacho\Documents\LPCXpresso_8.2.2_650\workspace_CMSIS\CMSISv2p00_LPC17xx\Debug\libCMSISv2p00_LPC17xx.a(lpc17xx_systick.o)
 .debug_aranges
                0x000004b8       0x80 C:\Users\nacho\Documents\LPCXpresso_8.2.2_650\workspace_CMSIS\CMSISv2p00_LPC17xx\Debug\libCMSISv2p00_LPC17xx.a(lpc17xx_timer.o)
 .debug_aranges
                0x00000538      0x100 C:\Users\nacho\Documents\LPCXpresso_8.2.2_650\workspace_CMSIS\CMSISv2p00_LPC17xx\Debug\libCMSISv2p00_LPC17xx.a(lpc17xx_uart.o)
 .debug_aranges
                0x00000638       0x58 C:\Users\nacho\Documents\LPCXpresso_8.2.2_650\workspace_CMSIS\CMSISv2p00_LPC17xx\Debug\libCMSISv2p00_LPC17xx.a(lpc17xx_clkpwr.o)
 .debug_aranges
                0x00000690       0x20 C:\Users\nacho\Documents\LPCXpresso_8.2.2_650\workspace_CMSIS\CMSISv2p00_LPC17xx\Debug\libCMSISv2p00_LPC17xx.a(lpc17xx_libcfg_default.o)

.debug_ranges   0x00000000      0x6a0
 .debug_ranges  0x00000000       0xf0 ./src/RoboticArmUARTControl.o
 .debug_ranges  0x000000f0       0x70 ./src/cr_startup_lpc175x_6x.o
 .debug_ranges  0x00000160       0x70 ./inc/servo_motors.o
 .debug_ranges  0x000001d0       0xb8 ./inc/stepper_motors.o
 .debug_ranges  0x00000288       0x18 C:\Users\nacho\Documents\LPCXpresso_8.2.2_650\workspace_CMSIS\CMSISv2p00_LPC17xx\Debug\libCMSISv2p00_LPC17xx.a(system_LPC17xx.o)
 .debug_ranges  0x000002a0       0xd0 C:\Users\nacho\Documents\LPCXpresso_8.2.2_650\workspace_CMSIS\CMSISv2p00_LPC17xx\Debug\libCMSISv2p00_LPC17xx.a(lpc17xx_gpio.o)
 .debug_ranges  0x00000370       0x70 C:\Users\nacho\Documents\LPCXpresso_8.2.2_650\workspace_CMSIS\CMSISv2p00_LPC17xx\Debug\libCMSISv2p00_LPC17xx.a(lpc17xx_pinsel.o)
 .debug_ranges  0x000003e0       0x78 C:\Users\nacho\Documents\LPCXpresso_8.2.2_650\workspace_CMSIS\CMSISv2p00_LPC17xx\Debug\libCMSISv2p00_LPC17xx.a(lpc17xx_pwm.o)
 .debug_ranges  0x00000458       0x38 C:\Users\nacho\Documents\LPCXpresso_8.2.2_650\workspace_CMSIS\CMSISv2p00_LPC17xx\Debug\libCMSISv2p00_LPC17xx.a(lpc17xx_systick.o)
 .debug_ranges  0x00000490       0x70 C:\Users\nacho\Documents\LPCXpresso_8.2.2_650\workspace_CMSIS\CMSISv2p00_LPC17xx\Debug\libCMSISv2p00_LPC17xx.a(lpc17xx_timer.o)
 .debug_ranges  0x00000500      0x148 C:\Users\nacho\Documents\LPCXpresso_8.2.2_650\workspace_CMSIS\CMSISv2p00_LPC17xx\Debug\libCMSISv2p00_LPC17xx.a(lpc17xx_uart.o)
 .debug_ranges  0x00000648       0x48 C:\Users\nacho\Documents\LPCXpresso_8.2.2_650\workspace_CMSIS\CMSISv2p00_LPC17xx\Debug\libCMSISv2p00_LPC17xx.a(lpc17xx_clkpwr.o)
 .debug_ranges  0x00000690       0x10 C:\Users\nacho\Documents\LPCXpresso_8.2.2_650\workspace_CMSIS\CMSISv2p00_LPC17xx\Debug\libCMSISv2p00_LPC17xx.a(lpc17xx_libcfg_default.o)

.debug_macro    0x00000000     0x4f69
 .debug_macro   0x00000000       0xe5 ./src/RoboticArmUARTControl.o
 .debug_macro   0x000000e5      0x88c ./src/RoboticArmUARTControl.o
 .debug_macro   0x00000971       0x1c ./src/RoboticArmUARTControl.o
 .debug_macro   0x0000098d       0x2e ./src/RoboticArmUARTControl.o
 .debug_macro   0x000009bb       0x10 ./src/RoboticArmUARTControl.o
 .debug_macro   0x000009cb      0x12d ./src/RoboticArmUARTControl.o
 .debug_macro   0x00000af8      0x5b2 ./src/RoboticArmUARTControl.o
 .debug_macro   0x000010aa       0x18 ./src/RoboticArmUARTControl.o
 .debug_macro   0x000010c2      0x7af ./src/RoboticArmUARTControl.o
 .debug_macro   0x00001871      0x2c7 ./src/RoboticArmUARTControl.o
 .debug_macro   0x00001b38       0x63 ./src/RoboticArmUARTControl.o
 .debug_macro   0x00001b9b      0x334 ./src/RoboticArmUARTControl.o
 .debug_macro   0x00001ecf       0x10 ./src/RoboticArmUARTControl.o
 .debug_macro   0x00001edf       0xea ./src/RoboticArmUARTControl.o
 .debug_macro   0x00001fc9      0x13f ./src/RoboticArmUARTControl.o
 .debug_macro   0x00002108       0xe5 ./src/RoboticArmUARTControl.o
 .debug_macro   0x000021ed       0x10 ./src/RoboticArmUARTControl.o
 .debug_macro   0x000021fd       0x4c ./src/RoboticArmUARTControl.o
 .debug_macro   0x00002249       0x1d ./src/cr_startup_lpc175x_6x.o
 .debug_macro   0x00002266       0xa3 ./inc/servo_motors.o
 .debug_macro   0x00002309       0xb2 ./inc/stepper_motors.o
 .debug_macro   0x000023bb       0xe4 ./inc/stepper_motors.o
 .debug_macro   0x0000249f       0x46 ./inc/stepper_motors.o
 .debug_macro   0x000024e5      0x12b C:\Users\nacho\Documents\LPCXpresso_8.2.2_650\workspace_CMSIS\CMSISv2p00_LPC17xx\Debug\libCMSISv2p00_LPC17xx.a(system_LPC17xx.o)
 .debug_macro   0x00002610      0xa9c C:\Users\nacho\Documents\LPCXpresso_8.2.2_650\workspace_CMSIS\CMSISv2p00_LPC17xx\Debug\libCMSISv2p00_LPC17xx.a(system_LPC17xx.o)
 .debug_macro   0x000030ac       0x10 C:\Users\nacho\Documents\LPCXpresso_8.2.2_650\workspace_CMSIS\CMSISv2p00_LPC17xx\Debug\libCMSISv2p00_LPC17xx.a(system_LPC17xx.o)
 .debug_macro   0x000030bc      0x12e C:\Users\nacho\Documents\LPCXpresso_8.2.2_650\workspace_CMSIS\CMSISv2p00_LPC17xx\Debug\libCMSISv2p00_LPC17xx.a(system_LPC17xx.o)
 .debug_macro   0x000031ea      0x5b3 C:\Users\nacho\Documents\LPCXpresso_8.2.2_650\workspace_CMSIS\CMSISv2p00_LPC17xx\Debug\libCMSISv2p00_LPC17xx.a(system_LPC17xx.o)
 .debug_macro   0x0000379d       0x96 C:\Users\nacho\Documents\LPCXpresso_8.2.2_650\workspace_CMSIS\CMSISv2p00_LPC17xx\Debug\libCMSISv2p00_LPC17xx.a(lpc17xx_gpio.o)
 .debug_macro   0x00003833      0x886 C:\Users\nacho\Documents\LPCXpresso_8.2.2_650\workspace_CMSIS\CMSISv2p00_LPC17xx\Debug\libCMSISv2p00_LPC17xx.a(lpc17xx_gpio.o)
 .debug_macro   0x000040b9       0x40 C:\Users\nacho\Documents\LPCXpresso_8.2.2_650\workspace_CMSIS\CMSISv2p00_LPC17xx\Debug\libCMSISv2p00_LPC17xx.a(lpc17xx_gpio.o)
 .debug_macro   0x000040f9       0xdd C:\Users\nacho\Documents\LPCXpresso_8.2.2_650\workspace_CMSIS\CMSISv2p00_LPC17xx\Debug\libCMSISv2p00_LPC17xx.a(lpc17xx_gpio.o)
 .debug_macro   0x000041d6       0x8d C:\Users\nacho\Documents\LPCXpresso_8.2.2_650\workspace_CMSIS\CMSISv2p00_LPC17xx\Debug\libCMSISv2p00_LPC17xx.a(lpc17xx_pinsel.o)
 .debug_macro   0x00004263       0x1c C:\Users\nacho\Documents\LPCXpresso_8.2.2_650\workspace_CMSIS\CMSISv2p00_LPC17xx\Debug\libCMSISv2p00_LPC17xx.a(lpc17xx_pinsel.o)
 .debug_macro   0x0000427f      0x2c7 C:\Users\nacho\Documents\LPCXpresso_8.2.2_650\workspace_CMSIS\CMSISv2p00_LPC17xx\Debug\libCMSISv2p00_LPC17xx.a(lpc17xx_pinsel.o)
 .debug_macro   0x00004546       0xa9 C:\Users\nacho\Documents\LPCXpresso_8.2.2_650\workspace_CMSIS\CMSISv2p00_LPC17xx\Debug\libCMSISv2p00_LPC17xx.a(lpc17xx_pwm.o)
 .debug_macro   0x000045ef       0xdf C:\Users\nacho\Documents\LPCXpresso_8.2.2_650\workspace_CMSIS\CMSISv2p00_LPC17xx\Debug\libCMSISv2p00_LPC17xx.a(lpc17xx_pwm.o)
 .debug_macro   0x000046ce      0x2f1 C:\Users\nacho\Documents\LPCXpresso_8.2.2_650\workspace_CMSIS\CMSISv2p00_LPC17xx\Debug\libCMSISv2p00_LPC17xx.a(lpc17xx_pwm.o)
 .debug_macro   0x000049bf       0xa9 C:\Users\nacho\Documents\LPCXpresso_8.2.2_650\workspace_CMSIS\CMSISv2p00_LPC17xx\Debug\libCMSISv2p00_LPC17xx.a(lpc17xx_systick.o)
 .debug_macro   0x00004a68       0x46 C:\Users\nacho\Documents\LPCXpresso_8.2.2_650\workspace_CMSIS\CMSISv2p00_LPC17xx\Debug\libCMSISv2p00_LPC17xx.a(lpc17xx_systick.o)
 .debug_macro   0x00004aae       0xb2 C:\Users\nacho\Documents\LPCXpresso_8.2.2_650\workspace_CMSIS\CMSISv2p00_LPC17xx\Debug\libCMSISv2p00_LPC17xx.a(lpc17xx_timer.o)
 .debug_macro   0x00004b60      0x145 C:\Users\nacho\Documents\LPCXpresso_8.2.2_650\workspace_CMSIS\CMSISv2p00_LPC17xx\Debug\libCMSISv2p00_LPC17xx.a(lpc17xx_timer.o)
 .debug_macro   0x00004ca5       0xa9 C:\Users\nacho\Documents\LPCXpresso_8.2.2_650\workspace_CMSIS\CMSISv2p00_LPC17xx\Debug\libCMSISv2p00_LPC17xx.a(lpc17xx_uart.o)
 .debug_macro   0x00004d4e       0x8d C:\Users\nacho\Documents\LPCXpresso_8.2.2_650\workspace_CMSIS\CMSISv2p00_LPC17xx\Debug\libCMSISv2p00_LPC17xx.a(lpc17xx_clkpwr.o)
 .debug_macro   0x00004ddb       0x5a C:\Users\nacho\Documents\LPCXpresso_8.2.2_650\workspace_CMSIS\CMSISv2p00_LPC17xx\Debug\libCMSISv2p00_LPC17xx.a(lpc17xx_libcfg_default.o)
 .debug_macro   0x00004e35       0x5d C:\Users\nacho\Documents\LPCXpresso_8.2.2_650\workspace_CMSIS\CMSISv2p00_LPC17xx\Debug\libCMSISv2p00_LPC17xx.a(lpc17xx_libcfg_default.o)
 .debug_macro   0x00004e92       0xd7 C:\Users\nacho\Documents\LPCXpresso_8.2.2_650\workspace_CMSIS\CMSISv2p00_LPC17xx\Debug\libCMSISv2p00_LPC17xx.a(lpc17xx_libcfg_default.o)

.debug_line     0x00000000     0x3394
 .debug_line    0x00000000      0x762 ./src/RoboticArmUARTControl.o
 .debug_line    0x00000762       0xd5 ./src/cr_startup_lpc175x_6x.o
 .debug_line    0x00000837      0x379 ./inc/servo_motors.o
 .debug_line    0x00000bb0      0x504 ./inc/stepper_motors.o
 .debug_line    0x000010b4      0x42c C:\Users\nacho\Documents\LPCXpresso_8.2.2_650\workspace_CMSIS\CMSISv2p00_LPC17xx\Debug\libCMSISv2p00_LPC17xx.a(system_LPC17xx.o)
 .debug_line    0x000014e0      0x40b C:\Users\nacho\Documents\LPCXpresso_8.2.2_650\workspace_CMSIS\CMSISv2p00_LPC17xx\Debug\libCMSISv2p00_LPC17xx.a(lpc17xx_gpio.o)
 .debug_line    0x000018eb      0x24d C:\Users\nacho\Documents\LPCXpresso_8.2.2_650\workspace_CMSIS\CMSISv2p00_LPC17xx\Debug\libCMSISv2p00_LPC17xx.a(lpc17xx_pinsel.o)
 .debug_line    0x00001b38      0x4bf C:\Users\nacho\Documents\LPCXpresso_8.2.2_650\workspace_CMSIS\CMSISv2p00_LPC17xx\Debug\libCMSISv2p00_LPC17xx.a(lpc17xx_pwm.o)
 .debug_line    0x00001ff7      0x2b3 C:\Users\nacho\Documents\LPCXpresso_8.2.2_650\workspace_CMSIS\CMSISv2p00_LPC17xx\Debug\libCMSISv2p00_LPC17xx.a(lpc17xx_systick.o)
 .debug_line    0x000022aa      0x4b9 C:\Users\nacho\Documents\LPCXpresso_8.2.2_650\workspace_CMSIS\CMSISv2p00_LPC17xx\Debug\libCMSISv2p00_LPC17xx.a(lpc17xx_timer.o)
 .debug_line    0x00002763      0x7df C:\Users\nacho\Documents\LPCXpresso_8.2.2_650\workspace_CMSIS\CMSISv2p00_LPC17xx\Debug\libCMSISv2p00_LPC17xx.a(lpc17xx_uart.o)
 .debug_line    0x00002f42      0x2b5 C:\Users\nacho\Documents\LPCXpresso_8.2.2_650\workspace_CMSIS\CMSISv2p00_LPC17xx\Debug\libCMSISv2p00_LPC17xx.a(lpc17xx_clkpwr.o)
 .debug_line    0x000031f7      0x19d C:\Users\nacho\Documents\LPCXpresso_8.2.2_650\workspace_CMSIS\CMSISv2p00_LPC17xx\Debug\libCMSISv2p00_LPC17xx.a(lpc17xx_libcfg_default.o)

.debug_str      0x00000000    0x1041b
 .debug_str     0x00000000     0xba93 ./src/RoboticArmUARTControl.o
                               0xbbac (size before relaxing)
 .debug_str     0x0000ba93      0x21f ./src/cr_startup_lpc175x_6x.o
                               0x26e2 (size before relaxing)
 .debug_str     0x0000bcb2      0x1fc ./inc/servo_motors.o
                               0x8f6a (size before relaxing)
 .debug_str     0x0000beae      0x3cb ./inc/stepper_motors.o
                               0x9462 (size before relaxing)
 .debug_str     0x0000c279     0x18e3 C:\Users\nacho\Documents\LPCXpresso_8.2.2_650\workspace_CMSIS\CMSISv2p00_LPC17xx\Debug\libCMSISv2p00_LPC17xx.a(system_LPC17xx.o)
                               0x89d7 (size before relaxing)
 .debug_str     0x0000db5c      0x6a3 C:\Users\nacho\Documents\LPCXpresso_8.2.2_650\workspace_CMSIS\CMSISv2p00_LPC17xx\Debug\libCMSISv2p00_LPC17xx.a(lpc17xx_gpio.o)
                               0x86bb (size before relaxing)
 .debug_str     0x0000e1ff      0x204 C:\Users\nacho\Documents\LPCXpresso_8.2.2_650\workspace_CMSIS\CMSISv2p00_LPC17xx\Debug\libCMSISv2p00_LPC17xx.a(lpc17xx_pinsel.o)
                               0x85d4 (size before relaxing)
 .debug_str     0x0000e403     0x1566 C:\Users\nacho\Documents\LPCXpresso_8.2.2_650\workspace_CMSIS\CMSISv2p00_LPC17xx\Debug\libCMSISv2p00_LPC17xx.a(lpc17xx_pwm.o)
                               0x9f95 (size before relaxing)
 .debug_str     0x0000f969       0xaf C:\Users\nacho\Documents\LPCXpresso_8.2.2_650\workspace_CMSIS\CMSISv2p00_LPC17xx\Debug\libCMSISv2p00_LPC17xx.a(lpc17xx_systick.o)
                               0x94ec (size before relaxing)
 .debug_str     0x0000fa18      0x20c C:\Users\nacho\Documents\LPCXpresso_8.2.2_650\workspace_CMSIS\CMSISv2p00_LPC17xx\Debug\libCMSISv2p00_LPC17xx.a(lpc17xx_timer.o)
                               0xa370 (size before relaxing)
 .debug_str     0x0000fc24      0x72a C:\Users\nacho\Documents\LPCXpresso_8.2.2_650\workspace_CMSIS\CMSISv2p00_LPC17xx\Debug\libCMSISv2p00_LPC17xx.a(lpc17xx_uart.o)
                               0xb411 (size before relaxing)
 .debug_str     0x0001034e       0xa0 C:\Users\nacho\Documents\LPCXpresso_8.2.2_650\workspace_CMSIS\CMSISv2p00_LPC17xx\Debug\libCMSISv2p00_LPC17xx.a(lpc17xx_clkpwr.o)
                               0x935c (size before relaxing)
 .debug_str     0x000103ee       0x2d C:\Users\nacho\Documents\LPCXpresso_8.2.2_650\workspace_CMSIS\CMSISv2p00_LPC17xx\Debug\libCMSISv2p00_LPC17xx.a(lpc17xx_libcfg_default.o)
                               0x3f6b (size before relaxing)

.comment        0x00000000      0x151
 .comment       0x00000000       0x6e ./src/RoboticArmUARTControl.o
                                 0x6f (size before relaxing)
 .comment       0x0000006e       0x6f ./src/cr_startup_lpc175x_6x.o
 .comment       0x0000006e       0x6f ./inc/servo_motors.o
 .comment       0x0000006e       0x6f ./inc/stepper_motors.o
 .comment       0x0000006e       0x75 C:\Users\nacho\Documents\LPCXpresso_8.2.2_650\workspace_CMSIS\CMSISv2p00_LPC17xx\Debug\libCMSISv2p00_LPC17xx.a(system_LPC17xx.o)
                                 0x76 (size before relaxing)
 .comment       0x000000e3       0x6f C:\Users\nacho\Documents\LPCXpresso_8.2.2_650\workspace_CMSIS\CMSISv2p00_LPC17xx\Debug\libCMSISv2p00_LPC17xx.a(lpc17xx_gpio.o)
 .comment       0x000000e3       0x6f C:\Users\nacho\Documents\LPCXpresso_8.2.2_650\workspace_CMSIS\CMSISv2p00_LPC17xx\Debug\libCMSISv2p00_LPC17xx.a(lpc17xx_pinsel.o)
 .comment       0x000000e3       0x6f C:\Users\nacho\Documents\LPCXpresso_8.2.2_650\workspace_CMSIS\CMSISv2p00_LPC17xx\Debug\libCMSISv2p00_LPC17xx.a(lpc17xx_pwm.o)
 .comment       0x000000e3       0x6f C:\Users\nacho\Documents\LPCXpresso_8.2.2_650\workspace_CMSIS\CMSISv2p00_LPC17xx\Debug\libCMSISv2p00_LPC17xx.a(lpc17xx_systick.o)
 .comment       0x000000e3       0x6f C:\Users\nacho\Documents\LPCXpresso_8.2.2_650\workspace_CMSIS\CMSISv2p00_LPC17xx\Debug\libCMSISv2p00_LPC17xx.a(lpc17xx_timer.o)
 .comment       0x000000e3       0x6f C:\Users\nacho\Documents\LPCXpresso_8.2.2_650\workspace_CMSIS\CMSISv2p00_LPC17xx\Debug\libCMSISv2p00_LPC17xx.a(lpc17xx_uart.o)
 .comment       0x000000e3       0x6f C:\Users\nacho\Documents\LPCXpresso_8.2.2_650\workspace_CMSIS\CMSISv2p00_LPC17xx\Debug\libCMSISv2p00_LPC17xx.a(lpc17xx_clkpwr.o)
 .comment       0x000000e3       0x6f C:\Users\nacho\Documents\LPCXpresso_8.2.2_650\workspace_CMSIS\CMSISv2p00_LPC17xx\Debug\libCMSISv2p00_LPC17xx.a(lpc17xx_libcfg_default.o)
 .comment       0x000000e3       0x6e c:/nxp/lpcxpresso_8.2.2_650/lpcxpresso/tools/bin/../lib/gcc/arm-none-eabi/5.4.1/../../../../arm-none-eabi/lib/armv7-m\libcr_c.a(__weak__main.o)
                                 0x6f (size before relaxing)

.ARM.attributes
                0x00000000       0x31
 .ARM.attributes
                0x00000000       0x33 ./src/RoboticArmUARTControl.o
 .ARM.attributes
                0x00000033       0x33 ./src/cr_startup_lpc175x_6x.o
 .ARM.attributes
                0x00000066       0x33 ./inc/servo_motors.o
 .ARM.attributes
                0x00000099       0x33 ./inc/stepper_motors.o
 .ARM.attributes
                0x000000cc       0x2d C:\Users\nacho\Documents\LPCXpresso_8.2.2_650\workspace_CMSIS\CMSISv2p00_LPC17xx\Debug\libCMSISv2p00_LPC17xx.a(system_LPC17xx.o)
 .ARM.attributes
                0x000000f9       0x33 C:\Users\nacho\Documents\LPCXpresso_8.2.2_650\workspace_CMSIS\CMSISv2p00_LPC17xx\Debug\libCMSISv2p00_LPC17xx.a(lpc17xx_gpio.o)
 .ARM.attributes
                0x0000012c       0x33 C:\Users\nacho\Documents\LPCXpresso_8.2.2_650\workspace_CMSIS\CMSISv2p00_LPC17xx\Debug\libCMSISv2p00_LPC17xx.a(lpc17xx_pinsel.o)
 .ARM.attributes
                0x0000015f       0x33 C:\Users\nacho\Documents\LPCXpresso_8.2.2_650\workspace_CMSIS\CMSISv2p00_LPC17xx\Debug\libCMSISv2p00_LPC17xx.a(lpc17xx_pwm.o)
 .ARM.attributes
                0x00000192       0x33 C:\Users\nacho\Documents\LPCXpresso_8.2.2_650\workspace_CMSIS\CMSISv2p00_LPC17xx\Debug\libCMSISv2p00_LPC17xx.a(lpc17xx_systick.o)
 .ARM.attributes
                0x000001c5       0x33 C:\Users\nacho\Documents\LPCXpresso_8.2.2_650\workspace_CMSIS\CMSISv2p00_LPC17xx\Debug\libCMSISv2p00_LPC17xx.a(lpc17xx_timer.o)
 .ARM.attributes
                0x000001f8       0x33 C:\Users\nacho\Documents\LPCXpresso_8.2.2_650\workspace_CMSIS\CMSISv2p00_LPC17xx\Debug\libCMSISv2p00_LPC17xx.a(lpc17xx_uart.o)
 .ARM.attributes
                0x0000022b       0x33 C:\Users\nacho\Documents\LPCXpresso_8.2.2_650\workspace_CMSIS\CMSISv2p00_LPC17xx\Debug\libCMSISv2p00_LPC17xx.a(lpc17xx_clkpwr.o)
 .ARM.attributes
                0x0000025e       0x33 C:\Users\nacho\Documents\LPCXpresso_8.2.2_650\workspace_CMSIS\CMSISv2p00_LPC17xx\Debug\libCMSISv2p00_LPC17xx.a(lpc17xx_libcfg_default.o)
 .ARM.attributes
                0x00000291       0x33 c:/nxp/lpcxpresso_8.2.2_650/lpcxpresso/tools/bin/../lib/gcc/arm-none-eabi/5.4.1/../../../../arm-none-eabi/lib/armv7-m\libcr_c.a(__weak__main.o)
 .ARM.attributes
                0x000002c4       0x21 c:/nxp/lpcxpresso_8.2.2_650/lpcxpresso/tools/bin/../lib/gcc/arm-none-eabi/5.4.1/armv7-m\libcr_eabihelpers.a(division_64.o)
 .ARM.attributes
                0x000002e5       0x21 c:/nxp/lpcxpresso_8.2.2_650/lpcxpresso/tools/bin/../lib/gcc/arm-none-eabi/5.4.1/armv7-m\libcr_eabihelpers.a(division_idiv0.o)

.debug_frame    0x00000000     0x1420
 .debug_frame   0x00000000      0x3c0 ./src/RoboticArmUARTControl.o
 .debug_frame   0x000003c0      0x170 ./src/cr_startup_lpc175x_6x.o
 .debug_frame   0x00000530      0x1d8 ./inc/servo_motors.o
 .debug_frame   0x00000708      0x340 ./inc/stepper_motors.o
 .debug_frame   0x00000a48       0x3c C:\Users\nacho\Documents\LPCXpresso_8.2.2_650\workspace_CMSIS\CMSISv2p00_LPC17xx\Debug\libCMSISv2p00_LPC17xx.a(system_LPC17xx.o)
 .debug_frame   0x00000a84      0x1c0 C:\Users\nacho\Documents\LPCXpresso_8.2.2_650\workspace_CMSIS\CMSISv2p00_LPC17xx\Debug\libCMSISv2p00_LPC17xx.a(lpc17xx_gpio.o)
 .debug_frame   0x00000c44       0x4c C:\Users\nacho\Documents\LPCXpresso_8.2.2_650\workspace_CMSIS\CMSISv2p00_LPC17xx\Debug\libCMSISv2p00_LPC17xx.a(lpc17xx_pinsel.o)
 .debug_frame   0x00000c90      0x194 C:\Users\nacho\Documents\LPCXpresso_8.2.2_650\workspace_CMSIS\CMSISv2p00_LPC17xx\Debug\libCMSISv2p00_LPC17xx.a(lpc17xx_pwm.o)
 .debug_frame   0x00000e24       0x98 C:\Users\nacho\Documents\LPCXpresso_8.2.2_650\workspace_CMSIS\CMSISv2p00_LPC17xx\Debug\libCMSISv2p00_LPC17xx.a(lpc17xx_systick.o)
 .debug_frame   0x00000ebc      0x170 C:\Users\nacho\Documents\LPCXpresso_8.2.2_650\workspace_CMSIS\CMSISv2p00_LPC17xx\Debug\libCMSISv2p00_LPC17xx.a(lpc17xx_timer.o)
 .debug_frame   0x0000102c      0x32c C:\Users\nacho\Documents\LPCXpresso_8.2.2_650\workspace_CMSIS\CMSISv2p00_LPC17xx\Debug\libCMSISv2p00_LPC17xx.a(lpc17xx_uart.o)
 .debug_frame   0x00001358       0xa8 C:\Users\nacho\Documents\LPCXpresso_8.2.2_650\workspace_CMSIS\CMSISv2p00_LPC17xx\Debug\libCMSISv2p00_LPC17xx.a(lpc17xx_clkpwr.o)
 .debug_frame   0x00001400       0x20 C:\Users\nacho\Documents\LPCXpresso_8.2.2_650\workspace_CMSIS\CMSISv2p00_LPC17xx\Debug\libCMSISv2p00_LPC17xx.a(lpc17xx_libcfg_default.o)

.debug_loc      0x00000000     0x2ac8
 .debug_loc     0x00000000      0x76a C:\Users\nacho\Documents\LPCXpresso_8.2.2_650\workspace_CMSIS\CMSISv2p00_LPC17xx\Debug\libCMSISv2p00_LPC17xx.a(lpc17xx_gpio.o)
 .debug_loc     0x0000076a      0x15c C:\Users\nacho\Documents\LPCXpresso_8.2.2_650\workspace_CMSIS\CMSISv2p00_LPC17xx\Debug\libCMSISv2p00_LPC17xx.a(lpc17xx_pinsel.o)
 .debug_loc     0x000008c6      0x5ac C:\Users\nacho\Documents\LPCXpresso_8.2.2_650\workspace_CMSIS\CMSISv2p00_LPC17xx\Debug\libCMSISv2p00_LPC17xx.a(lpc17xx_pwm.o)
 .debug_loc     0x00000e72      0x175 C:\Users\nacho\Documents\LPCXpresso_8.2.2_650\workspace_CMSIS\CMSISv2p00_LPC17xx\Debug\libCMSISv2p00_LPC17xx.a(lpc17xx_systick.o)
 .debug_loc     0x00000fe7      0x698 C:\Users\nacho\Documents\LPCXpresso_8.2.2_650\workspace_CMSIS\CMSISv2p00_LPC17xx\Debug\libCMSISv2p00_LPC17xx.a(lpc17xx_timer.o)
 .debug_loc     0x0000167f     0x12a0 C:\Users\nacho\Documents\LPCXpresso_8.2.2_650\workspace_CMSIS\CMSISv2p00_LPC17xx\Debug\libCMSISv2p00_LPC17xx.a(lpc17xx_uart.o)
 .debug_loc     0x0000291f      0x1a9 C:\Users\nacho\Documents\LPCXpresso_8.2.2_650\workspace_CMSIS\CMSISv2p00_LPC17xx\Debug\libCMSISv2p00_LPC17xx.a(lpc17xx_clkpwr.o)
